Component: ARM Compiler 5.06 update 5 (build 528) Tool: armlink [4d35e2]

==============================================================================

Section Cross References

    main.o(i.main) refers to nrf_pwr_mgmt.o(i.nrf_pwr_mgmt_init) for nrf_pwr_mgmt_init
    main.o(i.main) refers to app_error.o(i.app_error_handler_bare) for app_error_handler_bare
    main.o(i.main) refers to nrf_log_frontend.o(i.nrf_log_init) for nrf_log_init
    main.o(i.main) refers to nrf_log_default_backends.o(i.nrf_log_default_backends_init) for nrf_log_default_backends_init
    main.o(i.main) refers to board.o(i.BoardInit) for BoardInit
    main.o(i.main) refers to nrf_log_frontend.o(i.nrf_log_frontend_dequeue) for nrf_log_frontend_dequeue
    board.o(i.ADC2Float) refers to boardadc.o(i.SignalAdcReadChannel) for SignalAdcReadChannel
    board.o(i.ADC2Float) refers to dflti.o(.text) for __aeabi_i2d
    board.o(i.ADC2Float) refers to dmul.o(.text) for __aeabi_dmul
    board.o(i.ADC2Float) refers to f2d.o(.text) for __aeabi_f2d
    board.o(i.ADC2Float) refers to dadd.o(.text) for __aeabi_dadd
    board.o(i.ADC2Float) refers to d2f.o(.text) for __aeabi_d2f
    board.o(i.BoardBuzzerAlarmOff) refers to board.o(i.nrf_gpio_cfg_output) for nrf_gpio_cfg_output
    board.o(i.BoardBuzzerAlarmOff) refers to board.o(i.nrf_gpio_pin_clear) for nrf_gpio_pin_clear
    board.o(i.BoardBuzzerAlarmOn) refers to board.o(i.nrf_gpio_cfg_output) for nrf_gpio_cfg_output
    board.o(i.BoardBuzzerAlarmOn) refers to board.o(i.nrf_gpio_pin_toggle) for nrf_gpio_pin_toggle
    board.o(i.BoardCheckCurrent) refers to board.o(i.BoardBuzzerAlarmOn) for BoardBuzzerAlarmOn
    board.o(i.BoardCheckCurrent) refers to board.o(i.BoardBuzzerAlarmOff) for BoardBuzzerAlarmOff
    board.o(i.BoardCheckCurrent) refers to board.o(.bss) for .bss
    board.o(i.BoardCheckCurrent) refers to board.o(.data) for .data
    board.o(i.BoardCopyrghtPrint) refers to nrf_log_frontend.o(i.nrf_log_frontend_std_0) for nrf_log_frontend_std_0
    board.o(i.BoardCopyrghtPrint) refers to nrf_log_frontend.o(log_const_data) for m_nrf_log_app_logs_data_const
    board.o(i.BoardInit) refers to nrf_log_frontend.o(i.nrf_log_frontend_std_0) for nrf_log_frontend_std_0
    board.o(i.BoardInit) refers to board.o(i.BoardCopyrghtPrint) for BoardCopyrghtPrint
    board.o(i.BoardInit) refers to iic.o(i.I2C_INIT) for I2C_INIT
    board.o(i.BoardInit) refers to oled.o(i.OLED_Init) for OLED_Init
    board.o(i.BoardInit) refers to chiptemp.o(i.InitChipTemp) for InitChipTemp
    board.o(i.BoardInit) refers to boardadc.o(i.SignalAdcInit) for SignalAdcInit
    board.o(i.BoardInit) refers to uartcmd.o(i.ComUartBegin) for ComUartBegin
    board.o(i.BoardInit) refers to board.o(i.nrf_delay_ms) for nrf_delay_ms
    board.o(i.BoardInit) refers to nrf_sdh.o(i.nrf_sdh_enable_request) for nrf_sdh_enable_request
    board.o(i.BoardInit) refers to app_error.o(i.app_error_handler_bare) for app_error_handler_bare
    board.o(i.BoardInit) refers to nrf_sdh_ble.o(i.nrf_sdh_ble_default_cfg_set) for nrf_sdh_ble_default_cfg_set
    board.o(i.BoardInit) refers to nrf_sdh_ble.o(i.nrf_sdh_ble_enable) for nrf_sdh_ble_enable
    board.o(i.BoardInit) refers to board.o(i.BoardTimerInit) for BoardTimerInit
    board.o(i.BoardInit) refers to nrf_log_frontend.o(log_const_data) for m_nrf_log_app_logs_data_const
    board.o(i.BoardMeasureCPUtemp) refers to board.o(.bss) for .bss
    board.o(i.BoardMeasureCleanBuffer) refers to board.o(.bss) for .bss
    board.o(i.BoardMeasureSendBuffer) refers to board.o(i.BoardMeasureUpdate) for BoardMeasureUpdate
    board.o(i.BoardMeasureSendBuffer) refers to gui.o(i.GUISetMeasure) for GUISetMeasure
    board.o(i.BoardMeasureSendBuffer) refers to protocol.o(i.SendJsonMsgSensorValue) for SendJsonMsgSensorValue
    board.o(i.BoardMeasureSendBuffer) refers to protocol.o(i.SendJsonMsgCPUTemp) for SendJsonMsgCPUTemp
    board.o(i.BoardMeasureSendBuffer) refers to board.o(.bss) for .bss
    board.o(i.BoardMeasureSendBuffer) refers to board.o(.data) for .data
    board.o(i.BoardMeasureSignal) refers to boardadc.o(i.SignalAdcLoadBuffer) for SignalAdcLoadBuffer
    board.o(i.BoardMeasureSignal) refers to board.o(i.ADC2Float) for ADC2Float
    board.o(i.BoardMeasureSignal) refers to board.o(i.BoardCheckCurrent) for BoardCheckCurrent
    board.o(i.BoardMeasureSignal) refers to board.o(.bss) for .bss
    board.o(i.BoardMeasureUpdate) refers to board.o(i.BoardMeasureSignal) for BoardMeasureSignal
    board.o(i.BoardMeasureUpdate) refers to board.o(i.BoardMeasureCPUtemp) for BoardMeasureCPUtemp
    board.o(i.BoardSelfCheck) refers to board.o(i.BoardTimerStop) for BoardTimerStop
    board.o(i.BoardSelfCheck) refers to board.o(i.SelfCheckUART) for SelfCheckUART
    board.o(i.BoardSelfCheck) refers to board.o(i.nrf_delay_ms) for nrf_delay_ms
    board.o(i.BoardSelfCheck) refers to oled.o(i.OLED_CLS) for OLED_CLS
    board.o(i.BoardSelfCheck) refers to board.o(i.SelfCheckOled) for SelfCheckOled
[...]
    0x00027478   0x00027478   0x00000014   Code   RO          283    i.BoardTimerStart   board.o
    0x0002748c   0x0002748c   0x0000000c   Code   RO          284    i.BoardTimerStop    board.o
    0x00027498   0x00027498   0x0000001e   Code   RO        10135    i.Buzzer_Off        buzzer.o
    0x000274b6   0x000274b6   0x0000001e   Code   RO        10136    i.Buzzer_On         buzzer.o
    0x000274d4   0x000274d4   0x00000040   Code   RO          702    i.ComUartBegin      uartcmd.o
    0x00027514   0x00027514   0x00000012   Code   RO         9757    i.DirectLedOff      led.o
    0x00027526   0x00027526   0x00000012   Code   RO         9760    i.DirectLedOn       led.o
    0x00027538   0x00027538   0x000001b4   Code   RO         3585    i.GPIOTE_IRQHandler  nrfx_gpiote.o
    0x000276ec   0x000276ec   0x00000194   Code   RO          672    i.GUISetMeasure     gui.o
    0x00027880   0x00027880   0x0000002c   Code   RO         9988    i.I2C_INIT          iic.o
    0x000278ac   0x000278ac   0x0000000e   Code   RO         9992    i.IIC_Write_1Byte   iic.o
    0x000278ba   0x000278ba   0x00000002   PAD
    0x000278bc   0x000278bc   0x0000000c   Code   RO        10103    i.InitChipTemp      chiptemp.o
    0x000278c8   0x000278c8   0x00000016   Code   RO         6275    i.NVIC_ClearPendingIRQ  app_timer.o
    0x000278de   0x000278de   0x00000016   Code   RO         6276    i.NVIC_EnableIRQ    app_timer.o
    0x000278f4   0x000278f4   0x00000016   Code   RO         6277    i.NVIC_SetPendingIRQ  app_timer.o
    0x0002790a   0x0002790a   0x00000020   Code   RO         6278    i.NVIC_SetPriority  app_timer.o
    0x0002792a   0x0002792a   0x00000006   Code   RO         9871    i.OLED_CLS          oled.o
    0x00027930   0x00027930   0x00000038   Code   RO         9873    i.OLED_Fill         oled.o
    0x00027968   0x00027968   0x000000b4   Code   RO         9874    i.OLED_Init         oled.o
    0x00027a1c   0x00027a1c   0x00000026   Code   RO         9877    i.OLED_SetPos       oled.o
    0x00027a42   0x00027a42   0x00000002   PAD
    0x00027a44   0x00027a44   0x00000038   Code   RO         9879    i.OLED_ShowFloat    oled.o
    0x00027a7c   0x00027a7c   0x000000c2   Code   RO         9880    i.OLED_ShowNum      oled.o
    0x00027b3e   0x00027b3e   0x00000002   PAD
    0x00027b40   0x00027b40   0x000000d8   Code   RO         9881    i.OLED_ShowString   oled.o
    0x00027c18   0x00027c18   0x0000000e   Code   RO         3874    i.POWER_CLOCK_IRQHandler  nrfx_power_clock.o
    0x00027c26   0x00027c26   0x00000002   PAD
    0x00027c28   0x00027c28   0x00000024   Code   RO         6279    i.RTC1_IRQHandler   app_timer.o
    0x00027c4c   0x00027c4c   0x00000148   Code   RO         4333    i.SAADC_IRQHandler  nrfx_saadc.o
    0x00027d94   0x00027d94   0x00000004   Code   RO         9237    i.SEGGER_RTT_Init   segger_rtt.o
    0x00027d98   0x00027d98   0x0000005c   Code   RO         9251    i.SEGGER_RTT_WriteNoLock  segger_rtt.o
    0x00027df4   0x00027df4   0x00000010   Code   RO         5795    i.SPIM1_SPIS1_TWIM1_TWIS1_SPI1_TWI1_IRQHandler  nrfx_twi.o
    0x00027e04   0x00027e04   0x00000004   Code   RO         6280    i.SWI0_EGU0_IRQHandler  app_timer.o
    0x00027e08   0x00027e08   0x00000004   Code   RO         9488    i.SWI2_EGU2_IRQHandler  nrf_sdh.o
    0x00027e0c   0x00027e0c   0x00000068   Code   RO          285    i.SelfCheckBuzzer   board.o
    0x00027e74   0x00027e74   0x0000000c   Code   RO          287    i.SelfCheckInfo     board.o
    0x00027e80   0x00027e80   0x0000005c   Code   RO          288    i.SelfCheckLED      board.o
    0x00027edc   0x00027edc   0x000000dc   Code   RO          289    i.SelfCheckOled     board.o
    0x00027fb8   0x00027fb8   0x00000044   Code   RO          291    i.SelfCheckUART     board.o
    0x00027ffc   0x00027ffc   0x0000007c   Code   RO          619    i.SendJosnMsg       protocol.o
    0x00028078   0x00028078   0x00000050   Code   RO          620    i.SendJsonMsgCPUTemp  protocol.o
    0x000280c8   0x000280c8   0x00000070   Code   RO          621    i.SendJsonMsgSensorValue  protocol.o
    0x00028138   0x00028138   0x00000074   Code   RO          782    i.SignalAdcInit     boardadc.o
    0x000281ac   0x000281ac   0x00000002   Code   RO          783    i.SignalAdcLoadBuffer  boardadc.o
    0x000281ae   0x000281ae   0x0000000e   Code   RO          784    i.SignalAdcReadChannel  boardadc.o
    0x000281bc   0x000281bc   0x000001dc   Code   RO        10186    i.SystemInit        system_nrf52840.o
    0x00028398   0x00028398   0x00000004   Code   RO          293    i.SystemUpdate      board.o
    0x0002839c   0x0002839c   0x00000014   Code   RO         5614    i.TIMER0_IRQHandler  nrfx_timer.o
    0x000283b0   0x000283b0   0x00000014   Code   RO         5615    i.TIMER1_IRQHandler  nrfx_timer.o
    0x000283c4   0x000283c4   0x00000014   Code   RO         5616    i.TIMER2_IRQHandler  nrfx_timer.o
    0x000283d8   0x000283d8   0x0000000c   Code   RO         3913    i.UARTE0_UART0_IRQHandler  nrfx_prs.o
    0x000283e4   0x000283e4   0x00000168   Code   RO         4485    i.USBD_IRQHandler   nrf_drv_usbd.o
    0x0002854c   0x0002854c   0x0000000a   Code   RO         9882    i.WriteCmd          oled.o
    0x00028556   0x00028556   0x0000000a   Code   RO         9883    i.WriteDat          oled.o
    0x00028560   0x00028560   0x00000068   Code   RO         9255    i._DoInit           segger_rtt.o
    0x000285c8   0x000285c8   0x00000016   Code   RO         9256    i._GetAvailWriteSpace  segger_rtt.o
    0x000285de   0x000285de   0x0000005a   Code   RO         9258    i._WriteBlocking    segger_rtt.o
    0x00028638   0x00028638   0x00000042   Code   RO         9259    i._WriteNoCheck     segger_rtt.o
    0x0002867a   0x0002867a   0x00000002   PAD
    0x0002867c   0x0002867c   0x00000020   Code   RO        10504    i.__0printf         mc_w.l(printfa.o)
    0x0002869c   0x0002869c   0x00000028   Code   RO        10506    i.__0sprintf        mc_w.l(printfa.o)
    0x000286c4   0x000286c4   0x00000004   PAD
    0x000286c8   0x000286c8   0x00000038   Code   RO        10218    i.__hardfp_atof     m_wm.l(atof.o)
    0x00028700   0x00028700   0x0000000c   Code   RO        10563    i.__read_errno      mc_w.l(errno.o)
    0x0002870c   0x0002870c   0x0000000e   Code   RO        10601    i.__scatterload_copy  mc_w.l(handlers.o)
    0x0002871a   0x0002871a   0x00000002   Code   RO        10602    i.__scatterload_null  mc_w.l(handlers.o)
    0x0002871c   0x0002871c   0x0000000e   Code   RO        10603    i.__scatterload_zeroinit  mc_w.l(handlers.o)
    0x0002872a   0x0002872a   0x00000002   PAD
    0x0002872c   0x0002872c   0x00000024   Code   RO         9489    i.__sd_nvic_app_accessible_irq  nrf_sdh.o
    0x00028750   0x00028750   0x0000000c   Code   RO        10564    i.__set_errno       mc_w.l(errno.o)
    0x0002875c   0x0002875c   0x00000184   Code   RO        10511    i._fp_digits        mc_w.l(printfa.o)
    0x000288e0   0x000288e0   0x0000000e   Code   RO        10590    i._is_digit         mc_w.l(scanf_fp.o)
    0x000288ee   0x000288ee   0x00000002   PAD
    0x000288f0   0x000288f0   0x000006dc   Code   RO        10512    i._printf_core      mc_w.l(printfa.o)
    0x00028fcc   0x00028fcc   0x00000024   Code   RO        10513    i._printf_post_padding  mc_w.l(printfa.o)
    0x00028ff0   0x00028ff0   0x0000002e   Code   RO        10514    i._printf_pre_padding  mc_w.l(printfa.o)
    0x0002901e   0x0002901e   0x0000000a   Code   RO        10516    i._sputc            mc_w.l(printfa.o)
    0x00029028   0x00029028   0x00000026   Code   RO         1680    i.addr_compare      id_manager.o
    0x0002904e   0x0002904e   0x0000000c   Code   RO         7302    i.addr_is_aligned32  nrf_fstorage.o
    0x0002905a   0x0002905a   0x00000018   Code   RO         7303    i.addr_is_within_bounds  nrf_fstorage.o
    0x00029072   0x00029072   0x00000052   Code   RO         1681    i.ah                id_manager.o
    0x000290c4   0x000290c4   0x0000000c   Code   RO         2788    i.allow_repairing   security_dispatcher.o
    0x000290d0   0x000290d0   0x00000084   Code   RO         6190    i.app_error_fault_handler  app_error_weak.o
    0x00029154   0x00029154   0x00000016   Code   RO         6134    i.app_error_handler_bare  app_error.o
    0x0002916a   0x0002916a   0x00000016   Code   RO         7937    i.app_fifo_get      app_fifo.o
    0x00029180   0x00029180   0x00000020   Code   RO         7938    i.app_fifo_init     app_fifo.o
    0x000291a0   0x000291a0   0x0000001a   Code   RO         7940    i.app_fifo_put      app_fifo.o
    0x000291ba   0x000291ba   0x00000002   PAD
    0x000291bc   0x000291bc   0x00000024   Code   RO         6283    i.app_timer_create  app_timer.o
    0x000291e0   0x000291e0   0x00000054   Code   RO         6284    i.app_timer_init    app_timer.o
    0x00029234   0x00029234   0x00000088   Code   RO         6287    i.app_timer_start   app_timer.o
    0x000292bc   0x000292bc   0x00000020   Code   RO         6288    i.app_timer_stop    app_timer.o
    0x000292dc   0x000292dc   0x00000034   Code   RO         7852    i.app_uart_get      app_uart_fifo.o
    0x00029310   0x00029310   0x000000a4   Code   RO         7853    i.app_uart_init     app_uart_fifo.o
    0x000293b4   0x000293b4   0x00000054   Code   RO         7854    i.app_uart_put      app_uart_fifo.o
    0x00029408   0x00029408   0x00000048   Code   RO         6438    i.app_util_critical_region_enter  app_util_platform.o
    0x00029450   0x00029450   0x00000034   Code   RO         6439    i.app_util_critical_region_exit  app_util_platform.o
    0x00029484   0x00029484   0x00000076   Code   RO         3967    i.apply_config      nrfx_uart.o
    0x000294fa   0x000294fa   0x00000076   Code   RO         4168    i.apply_config      nrfx_uarte.o
    0x00029570   0x00029570   0x00000004   Code   RO         1436    i.apply_pending_handle  gatt_cache_manager.o
    0x00029574   0x00029574   0x00000180   Code   RO         2789    i.auth_status_success_process  security_dispatcher.o
    0x000296f4   0x000296f4   0x00000010   Code   RO         4487    i.bit2ep            nrf_drv_usbd.o
    0x00029704   0x00029704   0x00000020   Code   RO         1214    i.ble_conn_state_encrypted  ble_conn_state.o
    0x00029724   0x00029724   0x0000002c   Code   RO         1216    i.ble_conn_state_for_each_set_user_flag  ble_conn_state.o
    0x00029750   0x00029750   0x00000024   Code   RO         1221    i.ble_conn_state_role  ble_conn_state.o
    0x00029774   0x00029774   0x00000030   Code   RO         1224    i.ble_conn_state_user_flag_get  ble_conn_state.o
    0x000297a4   0x000297a4   0x00000040   Code   RO         1225    i.ble_conn_state_user_flag_set  ble_conn_state.o
    0x000297e4   0x000297e4   0x00000014   Code   RO         1226    i.ble_conn_state_valid  ble_conn_state.o
    0x000297f8   0x000297f8   0x000000fc   Code   RO         1134    i.ble_evt_handler   ble_conn_params.o
    0x000298f4   0x000298f4   0x00000104   Code   RO         1227    i.ble_evt_handler   ble_conn_state.o
    0x000299f8   0x000299f8   0x00000028   Code   RO         2353    i.ble_evt_handler   peer_manager.o
    0x00029a20   0x00029a20   0x00000008   Code   RO         1372    i.ble_srv_is_notification_enabled  ble_srv_common.o
    0x00029a28   0x00029a28   0x00000090   Code   RO         8992    i.buf_prealloc      nrf_log_frontend.o
    0x00029ab8   0x00029ab8   0x0000001e   Code   RO         7262    i.buffer_add        nrf_fprintf_format.o
    0x00029ad6   0x00029ad6   0x00000002   PAD
    0x00029ad8   0x00029ad8   0x00000014   Code   RO         8993    i.buffer_is_empty   nrf_log_frontend.o
    0x00029aec   0x00029aec   0x00000028   Code   RO         1437    i.car_update_needed  gatt_cache_manager.o
    0x00029b14   0x00029b14   0x00000028   Code   RO         1438    i.car_update_pending_handle  gatt_cache_manager.o
    0x00029b3c   0x00029b3c   0x00000010   Code   RO         3588    i.channel_port_get  nrfx_gpiote.o
    0x00029b4c   0x00029b4c   0x0000003e   Code   RO         2263    i.claim             peer_id.o
    0x00029b8a   0x00029b8a   0x00000002   PAD
    0x00029b8c   0x00029b8c   0x00000028   Code   RO         3237    i.clock_clk_started_notify  nrf_drv_clock.o
    0x00029bb4   0x00029bb4   0x0000001c   Code   RO         3238    i.clock_irq_handler  nrf_drv_clock.o
    0x00029bd0   0x00029bd0   0x000000ac   Code   RO         6290    i.compare_reg_update  app_timer.o
    0x00029c7c   0x00029c7c   0x0000003e   Code   RO         1228    i.conn_handle_list_get  ble_conn_state.o
    0x00029cba   0x00029cba   0x00000002   PAD
    0x00029cbc   0x00029cbc   0x00000048   Code   RO         1135    i.conn_params_negotiation  ble_conn_params.o
    0x00029d04   0x00029d04   0x00000044   Code   RO         2790    i.conn_sec_failure  security_dispatcher.o
    0x00029d48   0x00029d48   0x00000030   Code   RO         1439    i.db_update_pending_handle  gatt_cache_manager.o
    0x00029d78   0x00029d78   0x00000080   Code   RO         6524    i.delete_execute    fds.o
    0x00029df8   0x00029df8   0x00000014   Code   RO         8994    i.dropped_sat16_get  nrf_log_frontend.o
    0x00029e0c   0x00029e0c   0x00000040   Code   RO         6291    i.elapsed_ticks_acquire  app_timer.o
    0x00029e4c   0x00029e4c   0x0000000a   Code   RO         2791    i.encryption_failure  security_dispatcher.o
    0x00029e56   0x00029e56   0x0000000c   Code   RO         4488    i.ep2bit            nrf_drv_usbd.o
    0x00029e62   0x00029e62   0x00000002   PAD
    0x00029e64   0x00029e64   0x00000018   Code   RO         4489    i.ep_state_access   nrf_drv_usbd.o
    0x00029e7c   0x00029e7c   0x00000034   Code   RO         4490    i.ev_dma_epin0_handler  nrf_drv_usbd.o
    0x00029eb0   0x00029eb0   0x00000006   Code   RO         4491    i.ev_dma_epin1_handler  nrf_drv_usbd.o
    0x00029eb6   0x00029eb6   0x00000006   Code   RO         4492    i.ev_dma_epin2_handler  nrf_drv_usbd.o
    0x00029ebc   0x00029ebc   0x00000006   Code   RO         4493    i.ev_dma_epin3_handler  nrf_drv_usbd.o
    0x00029ec2   0x00029ec2   0x00000006   Code   RO         4494    i.ev_dma_epin4_handler  nrf_drv_usbd.o
    0x00029ec8   0x00029ec8   0x00000006   Code   RO         4495    i.ev_dma_epin5_handler  nrf_drv_usbd.o
    0x00029ece   0x00029ece   0x00000006   Code   RO         4496    i.ev_dma_epin6_handler  nrf_drv_usbd.o
    0x00029ed4   0x00029ed4   0x00000006   Code   RO         4497    i.ev_dma_epin7_handler  nrf_drv_usbd.o
    0x00029eda   0x00029eda   0x00000002   PAD
    0x00029edc   0x00029edc   0x00000060   Code   RO         4498    i.ev_dma_epin8_handler  nrf_drv_usbd.o
    0x00029f3c   0x00029f3c   0x00000060   Code   RO         4499    i.ev_dma_epout0_handler  nrf_drv_usbd.o
    0x00029f9c   0x00029f9c   0x00000006   Code   RO         4500    i.ev_dma_epout1_handler  nrf_drv_usbd.o
    0x00029fa2   0x00029fa2   0x00000006   Code   RO         4501    i.ev_dma_epout2_handler  nrf_drv_usbd.o
    0x00029fa8   0x00029fa8   0x00000006   Code   RO         4502    i.ev_dma_epout3_handler  nrf_drv_usbd.o
    0x00029fae   0x00029fae   0x00000006   Code   RO         4503    i.ev_dma_epout4_handler  nrf_drv_usbd.o
    0x00029fb4   0x00029fb4   0x00000006   Code   RO         4504    i.ev_dma_epout5_handler  nrf_drv_usbd.o
    0x00029fba   0x00029fba   0x00000006   Code   RO         4505    i.ev_dma_epout6_handler  nrf_drv_usbd.o
    0x00029fc0   0x00029fc0   0x00000006   Code   RO         4506    i.ev_dma_epout7_handler  nrf_drv_usbd.o
    0x00029fc6   0x00029fc6   0x00000002   PAD
    0x00029fc8   0x00029fc8   0x0000004c   Code   RO         4507    i.ev_dma_epout8_handler  nrf_drv_usbd.o
    0x0002a014   0x0002a014   0x00000058   Code   RO         4508    i.ev_epdata_handler  nrf_drv_usbd.o
    0x0002a06c   0x0002a06c   0x0000001c   Code   RO         4509    i.ev_setup_data_handler  nrf_drv_usbd.o
    0x0002a088   0x0002a088   0x00000078   Code   RO         4510    i.ev_setup_handler  nrf_drv_usbd.o
    0x0002a100   0x0002a100   0x0000004c   Code   RO         4511    i.ev_sof_handler    nrf_drv_usbd.o
    0x0002a14c   0x0002a14c   0x00000002   Code   RO         4512    i.ev_started_handler  nrf_drv_usbd.o
    0x0002a14e   0x0002a14e   0x00000002   PAD
    0x0002a150   0x0002a150   0x00000074   Code   RO         4513    i.ev_usbevent_handler  nrf_drv_usbd.o
    0x0002a1c4   0x0002a1c4   0x00000020   Code   RO         4514    i.ev_usbreset_handler  nrf_drv_usbd.o
    0x0002a1e4   0x0002a1e4   0x00000074   Code   RO         6525    i.event_prepare     fds.o
    0x0002a258   0x0002a258   0x00000020   Code   RO         6526    i.event_send        fds.o
    0x0002a278   0x0002a278   0x00000054   Code   RO         7390    i.event_send        nrf_fstorage_sd.o
    0x0002a2cc   0x0002a2cc   0x000000ac   Code   RO         2929    i.events_send_from_err_code  security_manager.o
    0x0002a378   0x0002a378   0x0000001c   Code   RO         1440    i.evt_send          gatt_cache_manager.o
    0x0002a394   0x0002a394   0x0000002c   Code   RO         2354    i.evt_send          peer_manager.o
    0x0002a3c0   0x0002a3c0   0x0000001c   Code   RO         2792    i.evt_send          security_dispatcher.o
    0x0002a3dc   0x0002a3dc   0x0000000c   Code   RO         2930    i.evt_send          security_manager.o
    0x0002a3e8   0x0002a3e8   0x00000044   Code   RO         6528    i.fds_file_delete   fds.o
    0x0002a42c   0x0002a42c   0x00000040   Code   RO         6531    i.fds_record_close  fds.o
    0x0002a46c   0x0002a46c   0x0000000e   Code   RO         6533    i.fds_record_find   fds.o
    0x0002a47a   0x0002a47a   0x00000010   Code   RO         6534    i.fds_record_find_by_key  fds.o
    0x0002a48a   0x0002a48a   0x00000010   Code   RO         6535    i.fds_record_find_in_file  fds.o
    0x0002a49a   0x0002a49a   0x00000010   Code   RO         6536    i.fds_record_id_from_desc  fds.o
    0x0002a4aa   0x0002a4aa   0x00000002   PAD
    0x0002a4ac   0x0002a4ac   0x00000048   Code   RO         6538    i.fds_record_open   fds.o
    0x0002a4f4   0x0002a4f4   0x0000000e   Code   RO         6539    i.fds_record_update  fds.o
    0x0002a502   0x0002a502   0x00000008   Code   RO         6540    i.fds_record_write  fds.o
    0x0002a50a   0x0002a50a   0x00000014   Code   RO         7943    i.fifo_get          app_fifo.o
    0x0002a51e   0x0002a51e   0x00000012   Code   RO         7944    i.fifo_put          app_fifo.o
    0x0002a530   0x0002a530   0x00000030   Code   RO         2932    i.flags_set_from_err_code  security_manager.o
    0x0002a560   0x0002a560   0x00000030   Code   RO         1229    i.for_each_set_flag  ble_conn_state.o
    0x0002a590   0x0002a590   0x0000000e   Code   RO         7813    i.fputc             retarget.o
    0x0002a59e   0x0002a59e   0x00000006   Code   RO         6546    i.fs_event_handler  fds.o
    0x0002a5a4   0x0002a5a4   0x00000074   Code   RO         6547    i.gc_execute        fds.o
    0x0002a618   0x0002a618   0x0000004c   Code   RO         6548    i.gc_next_page      fds.o
    0x0002a664   0x0002a664   0x00000040   Code   RO         6549    i.gc_page_erase     fds.o
    0x0002a6a4   0x0002a6a4   0x00000034   Code   RO         6550    i.gc_record_copy    fds.o
    0x0002a6d8   0x0002a6d8   0x00000024   Code   RO         6551    i.gc_record_find_next  fds.o
    0x0002a6fc   0x0002a6fc   0x00000088   Code   RO         6552    i.gc_state_advance  fds.o
    0x0002a784   0x0002a784   0x000001b8   Code   RO         1441    i.gcm_ble_evt_handler  gatt_cache_manager.o
    0x0002a93c   0x0002a93c   0x0000003c   Code   RO         1442    i.gcm_im_evt_handler  gatt_cache_manager.o
    0x0002a978   0x0002a978   0x00000088   Code   RO         1446    i.gcm_pdb_evt_handler  gatt_cache_manager.o
    0x0002aa00   0x0002aa00   0x0000001c   Code   RO         1596    i.gscm_db_change_notification_done  gatts_cache_manager.o
    0x0002aa1c   0x0002aa1c   0x00000090   Code   RO         1599    i.gscm_local_db_cache_apply  gatts_cache_manager.o
    0x0002aaac   0x0002aaac   0x000000ac   Code   RO         1600    i.gscm_local_db_cache_update  gatts_cache_manager.o
    0x0002ab58   0x0002ab58   0x00000018   Code   RO         1601    i.gscm_pdb_evt_handler  gatts_cache_manager.o
    0x0002ab70   0x0002ab70   0x0000001e   Code   RO         1602    i.gscm_service_changed_ind_needed  gatts_cache_manager.o
    0x0002ab8e   0x0002ab8e   0x00000002   PAD
    0x0002ab90   0x0002ab90   0x0000005c   Code   RO         1603    i.gscm_service_changed_ind_send  gatts_cache_manager.o
    0x0002abec   0x0002abec   0x00000026   Code   RO         6553    i.header_check      fds.o
    0x0002ac12   0x0002ac12   0x00000012   Code   RO         6554    i.header_has_next   fds.o
    0x0002ac24   0x0002ac24   0x00000046   Code   RO         1682    i.im_address_resolve  id_manager.o
    0x0002ac6a   0x0002ac6a   0x00000002   PAD
    0x0002ac6c   0x0002ac6c   0x00000038   Code   RO         1683    i.im_ble_addr_get   id_manager.o
    0x0002aca4   0x0002aca4   0x000000dc   Code   RO         1684    i.im_ble_evt_handler  id_manager.o
    0x0002ad80   0x0002ad80   0x00000040   Code   RO         1685    i.im_conn_handle_get  id_manager.o
    0x0002adc0   0x0002adc0   0x00000038   Code   RO         1687    i.im_find_duplicate_bonding_data  id_manager.o
    0x0002adf8   0x0002adf8   0x00000072   Code   RO         1690    i.im_is_duplicate_bonding_data  id_manager.o
    0x0002ae6a   0x0002ae6a   0x00000018   Code   RO         1691    i.im_master_id_is_valid  id_manager.o
    0x0002ae82   0x0002ae82   0x0000002a   Code   RO         1692    i.im_master_ids_compare  id_manager.o
    0x0002aeac   0x0002aeac   0x00000014   Code   RO         1693    i.im_new_peer_id    id_manager.o
    0x0002aec0   0x0002aec0   0x0000002c   Code   RO         1694    i.im_peer_free      id_manager.o
    0x0002aeec   0x0002aeec   0x00000024   Code   RO         1695    i.im_peer_id_get_by_conn_handle  id_manager.o
    0x0002af10   0x0002af10   0x0000003c   Code   RO         1696    i.im_peer_id_get_by_master_id  id_manager.o
    0x0002af4c   0x0002af4c   0x000000c8   Code   RO         6555    i.init_execute      fds.o
    0x0002b014   0x0002b014   0x00000014   Code   RO         1136    i.instance_get      ble_conn_params.o
    0x0002b028   0x0002b028   0x000000a6   Code   RO         7263    i.int_print         nrf_fprintf_format.o
    0x0002b0ce   0x0002b0ce   0x00000002   PAD
    0x0002b0d0   0x0002b0d0   0x00000080   Code   RO         4169    i.interrupts_enable  nrfx_uarte.o
    0x0002b150   0x0002b150   0x00000034   Code   RO         8995    i.invalid_packets_omit  nrf_log_frontend.o
    0x0002b184   0x0002b184   0x00000046   Code   RO         5617    i.irq_handler       nrfx_timer.o
    0x0002b1ca   0x0002b1ca   0x00000044   Code   RO         1137    i.is_conn_params_ok  ble_conn_params.o
    0x0002b20e   0x0002b20e   0x00000014   Code   RO         1701    i.is_valid_irk      id_manager.o
    0x0002b222   0x0002b222   0x0000000c   Code   RO         6556    i.is_word_aligned   fds.o
    0x0002b22e   0x0002b22e   0x00000002   PAD
    0x0002b230   0x0002b230   0x000000d0   Code   RO         2933    i.link_secure       security_manager.o
    0x0002b300   0x0002b300   0x0000003c   Code   RO         2794    i.link_secure_failure  security_dispatcher.o
    0x0002b33c   0x0002b33c   0x0000002c   Code   RO         2934    i.link_secure_pending_handle  security_manager.o
    0x0002b368   0x0002b368   0x000000f8   Code   RO         6292    i.list_insertions_handler  app_timer.o
    0x0002b460   0x0002b460   0x000000a8   Code   RO         1447    i.local_db_apply_in_evt  gatt_cache_manager.o
    0x0002b508   0x0002b508   0x00000010   Code   RO         1448    i.local_db_update   gatt_cache_manager.o
    0x0002b518   0x0002b518   0x0000010c   Code   RO         1449    i.local_db_update_in_evt  gatt_cache_manager.o
    0x0002b624   0x0002b624   0x0000009c   Code   RO         8996    i.log_skip          nrf_log_frontend.o
    0x0002b6c0   0x0002b6c0   0x0000002a   Code   RO            4    i.main              main.o
    0x0002b6ea   0x0002b6ea   0x0000007e   Code   RO         7501    i.memobj_op         nrf_memobj.o
    0x0002b768   0x0002b768   0x00000030   Code   RO         8997    i.module_idx_get    nrf_log_frontend.o
    0x0002b798   0x0002b798   0x00000008   Code   RO         2741    i.mutex_lock_status_get  pm_buffer.o
    0x0002b7a0   0x0002b7a0   0x00000010   Code   RO         9884    i.mypow             oled.o
    0x0002b7b0   0x0002b7b0   0x00000014   Code   RO         2935    i.new_context_get   security_manager.o
    0x0002b7c4   0x0002b7c4   0x00000030   Code   RO         2264    i.next_id_get       peer_id.o
    0x0002b7f4   0x0002b7f4   0x00000016   Code   RO         6919    i.nrf_atfifo_item_alloc  nrf_atfifo.o
    0x0002b80a   0x0002b80a   0x00000016   Code   RO         6920    i.nrf_atfifo_item_free  nrf_atfifo.o
    0x0002b820   0x0002b820   0x00000016   Code   RO         6921    i.nrf_atfifo_item_get  nrf_atfifo.o
    0x0002b836   0x0002b836   0x00000016   Code   RO         6922    i.nrf_atfifo_item_put  nrf_atfifo.o
    0x0002b84c   0x0002b84c   0x00000016   Code   RO         6984    i.nrf_atflags_clear  nrf_atflags.o
    0x0002b862   0x0002b862   0x00000020   Code   RO         6986    i.nrf_atflags_fetch_set  nrf_atflags.o
    0x0002b882   0x0002b882   0x0000004a   Code   RO         6988    i.nrf_atflags_find_and_set_flag  nrf_atflags.o
    0x0002b8cc   0x0002b8cc   0x00000016   Code   RO         6989    i.nrf_atflags_get   nrf_atflags.o
    0x0002b8e2   0x0002b8e2   0x00000014   Code   RO         6991    i.nrf_atflags_set   nrf_atflags.o
    0x0002b8f6   0x0002b8f6   0x00000006   Code   RO         7051    i.nrf_atomic_flag_clear  nrf_atomic.o
    0x0002b8fc   0x0002b8fc   0x00000006   Code   RO         7052    i.nrf_atomic_flag_clear_fetch  nrf_atomic.o
    0x0002b902   0x0002b902   0x00000006   Code   RO         7053    i.nrf_atomic_flag_set  nrf_atomic.o
    0x0002b908   0x0002b908   0x00000006   Code   RO         7054    i.nrf_atomic_flag_set_fetch  nrf_atomic.o
    0x0002b90e   0x0002b90e   0x0000000c   Code   RO         7055    i.nrf_atomic_u32_add  nrf_atomic.o
    0x0002b91a   0x0002b91a   0x0000000c   Code   RO         7056    i.nrf_atomic_u32_and  nrf_atomic.o
    0x0002b926   0x0002b926   0x0000000a   Code   RO         7058    i.nrf_atomic_u32_fetch_add  nrf_atomic.o
    0x0002b930   0x0002b930   0x0000000a   Code   RO         7059    i.nrf_atomic_u32_fetch_and  nrf_atomic.o
    0x0002b93a   0x0002b93a   0x0000000a   Code   RO         7060    i.nrf_atomic_u32_fetch_or  nrf_atomic.o
    0x0002b944   0x0002b944   0x0000000a   Code   RO         7061    i.nrf_atomic_u32_fetch_store  nrf_atomic.o
    0x0002b94e   0x0002b94e   0x0000000c   Code   RO         7065    i.nrf_atomic_u32_or  nrf_atomic.o
    0x0002b95a   0x0002b95a   0x0000000c   Code   RO         7067    i.nrf_atomic_u32_sub  nrf_atomic.o
    0x0002b966   0x0002b966   0x00000044   Code   RO         7186    i.nrf_balloc_alloc  nrf_balloc.o
    0x0002b9aa   0x0002b9aa   0x00000030   Code   RO         7187    i.nrf_balloc_free   nrf_balloc.o
    0x0002b9da   0x0002b9da   0x00000030   Code   RO         7188    i.nrf_balloc_init   nrf_balloc.o
    0x0002ba0a   0x0002ba0a   0x00000010   Code   RO         3589    i.nrf_bitmask_bit_is_set  nrfx_gpiote.o
    0x0002ba1a   0x0002ba1a   0x00000014   Code   RO         3590    i.nrf_bitmask_bit_set  nrfx_gpiote.o
    0x0002ba2e   0x0002ba2e   0x0000000e   Code   RO         3450    i.nrf_clock_event_check  nrfx_clock.o
    0x0002ba3c   0x0002ba3c   0x00000010   Code   RO         3451    i.nrf_clock_event_clear  nrfx_clock.o
    0x0002ba4c   0x0002ba4c   0x00000020   Code   RO          294    i.nrf_delay_ms      board.o
    0x0002ba6c   0x0002ba6c   0x00000038   Code   RO         3245    i.nrf_drv_clock_init  nrf_drv_clock.o
    0x0002baa4   0x0002baa4   0x00000030   Code   RO         3249    i.nrf_drv_clock_lfclk_release  nrf_drv_clock.o
    0x0002bad4   0x0002bad4   0x00000018   Code   RO         5073    i.nrf_drv_power_sd_usbevt_enable  nrf_drv_power.o
    0x0002baec   0x0002baec   0x00000034   Code   RO         5074    i.nrf_drv_power_sdh_soc_evt_handler  nrf_drv_power.o
    0x0002bb20   0x0002bb20   0x00000070   Code   RO         5075    i.nrf_drv_power_sdh_state_evt_handler  nrf_drv_power.o
    0x0002bb90   0x0002bb90   0x00000040   Code   RO         5991    i.nrf_drv_twi_init  nrf_drv_twi.o
    0x0002bbd0   0x0002bbd0   0x0000000e   Code   RO         9996    i.nrf_drv_twi_tx    iic.o
    0x0002bbde   0x0002bbde   0x00000002   PAD
    0x0002bbe0   0x0002bbe0   0x00000068   Code   RO         3398    i.nrf_drv_uart_init  nrf_drv_uart.o
    0x0002bc48   0x0002bc48   0x00000020   Code   RO         7855    i.nrf_drv_uart_rx   app_uart_fifo.o
    0x0002bc68   0x0002bc68   0x00000020   Code   RO         7856    i.nrf_drv_uart_tx   app_uart_fifo.o
    0x0002bc88   0x0002bc88   0x0000001c   Code   RO         4534    i.nrf_drv_usbd_ep_to_endevent  nrf_drv_usbd.o
    0x0002bca4   0x0002bca4   0x00000028   Code   RO         4537    i.nrf_drv_usbd_epout_size_get  nrf_drv_usbd.o
    0x0002bccc   0x0002bccc   0x00000014   Code   RO         4539    i.nrf_drv_usbd_errata_type_52840  nrf_drv_usbd.o
    0x0002bce0   0x0002bce0   0x0000001a   Code   RO         4540    i.nrf_drv_usbd_errata_type_52840_eng_a  nrf_drv_usbd.o
    0x0002bcfa   0x0002bcfa   0x0000002a   Code   RO         4555    i.nrf_drv_usbd_setup_data_clear  nrf_drv_usbd.o
    0x0002bd24   0x0002bd24   0x00000084   Code   RO         4563    i.nrf_drv_usbd_transfer_out_drop  nrf_drv_usbd.o
    0x0002bda8   0x0002bda8   0x0000001a   Code   RO         7223    i.nrf_fprintf       nrf_fprintf.o
    0x0002bdc2   0x0002bdc2   0x00000018   Code   RO         7224    i.nrf_fprintf_buffer_flush  nrf_fprintf.o
    0x0002bdda   0x0002bdda   0x000001da   Code   RO         7264    i.nrf_fprintf_fmt   nrf_fprintf_format.o
    0x0002bfb4   0x0002bfb4   0x00000138   Code   RO         7304    i.nrf_fstorage_erase  nrf_fstorage.o
    0x0002c0ec   0x0002c0ec   0x00000018   Code   RO         7393    i.nrf_fstorage_sdh_req_handler  nrf_fstorage_sd.o
    0x0002c104   0x0002c104   0x00000020   Code   RO         7394    i.nrf_fstorage_sdh_state_handler  nrf_fstorage_sd.o
    0x0002c124   0x0002c124   0x000000a4   Code   RO         7395    i.nrf_fstorage_sys_evt_handler  nrf_fstorage_sd.o
    0x0002c1c8   0x0002c1c8   0x000001dc   Code   RO         7311    i.nrf_fstorage_write  nrf_fstorage.o
    0x0002c3a4   0x0002c3a4   0x00000032   Code   RO         3968    i.nrf_gpio_cfg      nrfx_uart.o
    0x0002c3d6   0x0002c3d6   0x00000032   Code   RO         4170    i.nrf_gpio_cfg      nrfx_uarte.o
    0x0002c408   0x0002c408   0x00000034   Code   RO         5796    i.nrf_gpio_cfg      nrfx_twi.o
    0x0002c43c   0x0002c43c   0x00000012   Code   RO         3970    i.nrf_gpio_cfg_input  nrfx_uart.o
    0x0002c44e   0x0002c44e   0x00000012   Code   RO         4172    i.nrf_gpio_cfg_input  nrfx_uarte.o
    0x0002c460   0x0002c460   0x00000018   Code   RO          295    i.nrf_gpio_cfg_output  board.o
    0x0002c478   0x0002c478   0x00000014   Code   RO         3971    i.nrf_gpio_cfg_output  nrfx_uart.o
    0x0002c48c   0x0002c48c   0x00000014   Code   RO         4173    i.nrf_gpio_cfg_output  nrfx_uarte.o
    0x0002c4a0   0x0002c4a0   0x00000018   Code   RO         9764    i.nrf_gpio_cfg_output  led.o
    0x0002c4b8   0x0002c4b8   0x00000018   Code   RO        10137    i.nrf_gpio_cfg_output  buzzer.o
    0x0002c4d0   0x0002c4d0   0x00000030   Code   RO         3593    i.nrf_gpio_cfg_sense_set  nrfx_gpiote.o
    0x0002c500   0x0002c500   0x00000014   Code   RO          296    i.nrf_gpio_pin_clear  board.o
    0x0002c514   0x0002c514   0x00000014   Code   RO         5992    i.nrf_gpio_pin_clear  nrf_drv_twi.o
    0x0002c528   0x0002c528   0x00000014   Code   RO         9765    i.nrf_gpio_pin_clear  led.o
    0x0002c53c   0x0002c53c   0x0000001c   Code   RO          297    i.nrf_gpio_pin_port_decode  board.o
    0x0002c558   0x0002c558   0x0000001c   Code   RO         3595    i.nrf_gpio_pin_port_decode  nrfx_gpiote.o
    0x0002c574   0x0002c574   0x0000001c   Code   RO         3972    i.nrf_gpio_pin_port_decode  nrfx_uart.o
    0x0002c590   0x0002c590   0x0000001c   Code   RO         4174    i.nrf_gpio_pin_port_decode  nrfx_uarte.o
    0x0002c5ac   0x0002c5ac   0x0000001c   Code   RO         5993    i.nrf_gpio_pin_port_decode  nrf_drv_twi.o
    0x0002c5c8   0x0002c5c8   0x0000001c   Code   RO         9766    i.nrf_gpio_pin_port_decode  led.o
    0x0002c5e4   0x0002c5e4   0x0000001c   Code   RO        10138    i.nrf_gpio_pin_port_decode  buzzer.o
    0x0002c600   0x0002c600   0x00000014   Code   RO         3973    i.nrf_gpio_pin_set  nrfx_uart.o
    0x0002c614   0x0002c614   0x00000014   Code   RO         4175    i.nrf_gpio_pin_set  nrfx_uarte.o
    0x0002c628   0x0002c628   0x00000014   Code   RO         5994    i.nrf_gpio_pin_set  nrf_drv_twi.o
    0x0002c63c   0x0002c63c   0x00000014   Code   RO         9767    i.nrf_gpio_pin_set  led.o
    0x0002c650   0x0002c650   0x00000022   Code   RO          298    i.nrf_gpio_pin_toggle  board.o
    0x0002c672   0x0002c672   0x00000002   PAD
    0x0002c674   0x0002c674   0x0000002c   Code   RO         3598    i.nrf_gpio_ports_read  nrfx_gpiote.o
    0x0002c6a0   0x0002c6a0   0x00000014   Code   RO         3599    i.nrf_gpiote_event_clear  nrfx_gpiote.o
    0x0002c6b4   0x0002c6b4   0x00000010   Code   RO         3600    i.nrf_gpiote_event_is_set  nrfx_gpiote.o
    0x0002c6c4   0x0002c6c4   0x0000005c   Code   RO         8998    i.nrf_log_backend_add  nrf_log_frontend.o
    0x0002c720   0x0002c720   0x00000002   Code   RO         8838    i.nrf_log_backend_rtt_flush  nrf_log_backend_rtt.o
    0x0002c722   0x0002c722   0x00000004   Code   RO         8839    i.nrf_log_backend_rtt_init  nrf_log_backend_rtt.o
    0x0002c726   0x0002c726   0x00000002   Code   RO         8840    i.nrf_log_backend_rtt_panic_set  nrf_log_backend_rtt.o
    0x0002c728   0x0002c728   0x00000018   Code   RO         8841    i.nrf_log_backend_rtt_put  nrf_log_backend_rtt.o
    0x0002c740   0x0002c740   0x000000c8   Code   RO         8904    i.nrf_log_backend_serial_put  nrf_log_backend_serial.o
    0x0002c808   0x0002c808   0x00000030   Code   RO         9000    i.nrf_log_color_id_get  nrf_log_frontend.o
    0x0002c838   0x0002c838   0x0000001c   Code   RO         8956    i.nrf_log_default_backends_init  nrf_log_default_backends.o
    0x0002c854   0x0002c854   0x00000234   Code   RO         9001    i.nrf_log_frontend_dequeue  nrf_log_frontend.o
    0x0002ca88   0x0002ca88   0x00000008   Code   RO         9003    i.nrf_log_frontend_std_0  nrf_log_frontend.o
    0x0002ca90   0x0002ca90   0x0000000e   Code   RO         9004    i.nrf_log_frontend_std_1  nrf_log_frontend.o
    0x0002ca9e   0x0002ca9e   0x00000010   Code   RO         9005    i.nrf_log_frontend_std_2  nrf_log_frontend.o
    0x0002caae   0x0002caae   0x00000012   Code   RO         9006    i.nrf_log_frontend_std_3  nrf_log_frontend.o
    0x0002cac0   0x0002cac0   0x000000ac   Code   RO         9178    i.nrf_log_hexdump_entry_process  nrf_log_str_formatter.o
    0x0002cb6c   0x0002cb6c   0x0000003c   Code   RO         9010    i.nrf_log_init      nrf_log_frontend.o
    0x0002cba8   0x0002cba8   0x00000014   Code   RO         9011    i.nrf_log_module_cnt_get  nrf_log_frontend.o
    0x0002cbbc   0x0002cbbc   0x0000001c   Code   RO         9014    i.nrf_log_module_name_get  nrf_log_frontend.o
    0x0002cbd8   0x0002cbd8   0x0000002c   Code   RO         9015    i.nrf_log_panic     nrf_log_frontend.o
    0x0002cc04   0x0002cc04   0x00000060   Code   RO         9016    i.nrf_log_push      nrf_log_frontend.o
    0x0002cc64   0x0002cc64   0x000000b6   Code   RO         9179    i.nrf_log_std_entry_process  nrf_log_str_formatter.o
    0x0002cd1a   0x0002cd1a   0x00000060   Code   RO         7502    i.nrf_memobj_alloc  nrf_memobj.o
    0x0002cd7a   0x0002cd7a   0x00000032   Code   RO         7503    i.nrf_memobj_free   nrf_memobj.o
    0x0002cdac   0x0002cdac   0x00000008   Code   RO         7504    i.nrf_memobj_get    nrf_memobj.o
    0x0002cdb4   0x0002cdb4   0x00000004   Code   RO         7505    i.nrf_memobj_pool_init  nrf_memobj.o
    0x0002cdb8   0x0002cdb8   0x0000001e   Code   RO         7506    i.nrf_memobj_put    nrf_memobj.o
    0x0002cdd6   0x0002cdd6   0x00000010   Code   RO         7507    i.nrf_memobj_read   nrf_memobj.o
    0x0002cde6   0x0002cde6   0x00000010   Code   RO         7508    i.nrf_memobj_write  nrf_memobj.o
    0x0002cdf6   0x0002cdf6   0x00000014   Code   RO         5182    i.nrf_power_event_get_and_clear  nrfx_power.o
    0x0002ce0a   0x0002ce0a   0x00000002   PAD
    0x0002ce0c   0x0002ce0c   0x00000028   Code   RO         7580    i.nrf_pwr_mgmt_init  nrf_pwr_mgmt.o
    0x0002ce34   0x0002ce34   0x00000070   Code   RO         7649    i.nrf_ringbuf_alloc  nrf_ringbuf.o
    0x0002cea4   0x0002cea4   0x00000026   Code   RO         7652    i.nrf_ringbuf_free  nrf_ringbuf.o
    0x0002ceca   0x0002ceca   0x0000001c   Code   RO         7654    i.nrf_ringbuf_init  nrf_ringbuf.o
    0x0002cee6   0x0002cee6   0x00000030   Code   RO         7655    i.nrf_ringbuf_put   nrf_ringbuf.o
    0x0002cf16   0x0002cf16   0x00000002   PAD
    0x0002cf18   0x0002cf18   0x00000010   Code   RO         4334    i.nrf_saadc_buffer_init  nrfx_saadc.o
    0x0002cf28   0x0002cf28   0x00000014   Code   RO         4335    i.nrf_saadc_channel_input_set  nrfx_saadc.o
    0x0002cf3c   0x0002cf3c   0x00000010   Code   RO         4336    i.nrf_saadc_event_check  nrfx_saadc.o
    0x0002cf4c   0x0002cf4c   0x00000014   Code   RO         4337    i.nrf_saadc_event_clear  nrfx_saadc.o
    0x0002cf60   0x0002cf60   0x00000014   Code   RO         9609    i.nrf_sdh_ble_app_ram_start_get  nrf_sdh_ble.o
    0x0002cf74   0x0002cf74   0x00000134   Code   RO         9610    i.nrf_sdh_ble_default_cfg_set  nrf_sdh_ble.o
    0x0002d0a8   0x0002d0a8   0x00000130   Code   RO         9611    i.nrf_sdh_ble_enable  nrf_sdh_ble.o
    0x0002d1d8   0x0002d1d8   0x00000060   Code   RO         9612    i.nrf_sdh_ble_evts_poll  nrf_sdh_ble.o
    0x0002d238   0x0002d238   0x00000054   Code   RO         9490    i.nrf_sdh_disable_request  nrf_sdh.o
    0x0002d28c   0x0002d28c   0x00000074   Code   RO         9491    i.nrf_sdh_enable_request  nrf_sdh.o
    0x0002d300   0x0002d300   0x00000024   Code   RO         9492    i.nrf_sdh_evts_poll  nrf_sdh.o
    0x0002d324   0x0002d324   0x0000000c   Code   RO         9493    i.nrf_sdh_is_enabled  nrf_sdh.o
    0x0002d330   0x0002d330   0x0000001c   Code   RO         9495    i.nrf_sdh_request_continue  nrf_sdh.o
    0x0002d34c   0x0002d34c   0x0000003c   Code   RO         9663    i.nrf_sdh_soc_evts_poll  nrf_sdh_soc.o
    0x0002d388   0x0002d388   0x0000000a   Code   RO         7712    i.nrf_section_iter_init  nrf_section_iter.o
    0x0002d392   0x0002d392   0x00000024   Code   RO         7713    i.nrf_section_iter_item_set  nrf_section_iter.o
    0x0002d3b6   0x0002d3b6   0x00000020   Code   RO         7714    i.nrf_section_iter_next  nrf_section_iter.o
    0x0002d3d6   0x0002d3d6   0x00000002   PAD
    0x0002d3d8   0x0002d3d8   0x00000038   Code   RO         7747    i.nrf_strerror_find  nrf_strerror.o
    0x0002d410   0x0002d410   0x00000014   Code   RO         7748    i.nrf_strerror_get  nrf_strerror.o
    0x0002d424   0x0002d424   0x0000000c   Code   RO         5618    i.nrf_timer_event_clear  nrfx_timer.o
    0x0002d430   0x0002d430   0x0000000a   Code   RO         5798    i.nrf_twi_event_check  nrfx_twi.o
    0x0002d43a   0x0002d43a   0x0000000c   Code   RO         5799    i.nrf_twi_event_clear  nrfx_twi.o
    0x0002d446   0x0002d446   0x0000000a   Code   RO         3974    i.nrf_uart_event_check  nrfx_uart.o
    0x0002d450   0x0002d450   0x0000000c   Code   RO         3975    i.nrf_uart_event_clear  nrfx_uart.o
    0x0002d45c   0x0002d45c   0x0000000c   Code   RO         3976    i.nrf_uart_int_enable_check  nrfx_uart.o
    0x0002d468   0x0002d468   0x0000000a   Code   RO         4176    i.nrf_uarte_event_check  nrfx_uarte.o
    0x0002d472   0x0002d472   0x0000000c   Code   RO         4177    i.nrf_uarte_event_clear  nrfx_uarte.o
    0x0002d47e   0x0002d47e   0x00000002   PAD
    0x0002d480   0x0002d480   0x00000038   Code   RO         4567    i.nrf_usbd_epin_dma_handler  nrf_drv_usbd.o
    0x0002d4b8   0x0002d4b8   0x00000064   Code   RO         4568    i.nrf_usbd_epout_dma_handler  nrf_drv_usbd.o
    0x0002d51c   0x0002d51c   0x00000010   Code   RO         4569    i.nrf_usbd_event_check  nrf_drv_usbd.o
    0x0002d52c   0x0002d52c   0x00000018   Code   RO         4570    i.nrf_usbd_event_clear  nrf_drv_usbd.o
    0x0002d544   0x0002d544   0x00000014   Code   RO         4571    i.nrf_usbd_eventcause_clear  nrf_drv_usbd.o
    0x0002d558   0x0002d558   0x00000018   Code   RO         4573    i.nrf_usbd_task_trigger  nrf_drv_usbd.o
    0x0002d570   0x0002d570   0x00000038   Code   RO         3456    i.nrfx_clock_enable  nrfx_clock.o
    0x0002d5a8   0x0002d5a8   0x00000020   Code   RO         3459    i.nrfx_clock_init   nrfx_clock.o
    0x0002d5c8   0x0002d5c8   0x00000058   Code   RO         3460    i.nrfx_clock_irq_handler  nrfx_clock.o
    0x0002d620   0x0002d620   0x0000001c   Code   RO         3463    i.nrfx_clock_lfclk_stop  nrfx_clock.o
    0x0002d63c   0x0002d63c   0x00000010   Code   RO         4339    i.nrfx_coredep_delay_us  nrfx_saadc.o
    0x0002d64c   0x0002d64c   0x00000010   Code   RO         4574    i.nrfx_coredep_delay_us  nrf_drv_usbd.o
    0x0002d65c   0x0002d65c   0x00000010   Code   RO         5995    i.nrfx_coredep_delay_us  nrf_drv_twi.o
    0x0002d66c   0x0002d66c   0x00000010   Code   RO         6293    i.nrfx_coredep_delay_us  app_timer.o
    0x0002d67c   0x0002d67c   0x00000010   Code   RO         4178    i.nrfx_is_in_ram    nrfx_uarte.o
    0x0002d68c   0x0002d68c   0x00000090   Code   RO         5184    i.nrfx_power_irq_handler  nrfx_power.o
    0x0002d71c   0x0002d71c   0x0000000c   Code   RO         5187    i.nrfx_power_pof_handler_get  nrfx_power.o
    0x0002d728   0x0002d728   0x0000000c   Code   RO         5195    i.nrfx_power_usb_handler_get  nrfx_power.o
    0x0002d734   0x0002d734   0x0000003a   Code   RO         3914    i.nrfx_prs_acquire  nrfx_prs.o
    0x0002d76e   0x0002d76e   0x00000002   PAD
    0x0002d770   0x0002d770   0x0000008c   Code   RO         4343    i.nrfx_saadc_channel_init  nrfx_saadc.o
    0x0002d7fc   0x0002d7fc   0x00000090   Code   RO         4345    i.nrfx_saadc_init   nrfx_saadc.o
    0x0002d88c   0x0002d88c   0x000000c0   Code   RO         4349    i.nrfx_saadc_sample_convert  nrfx_saadc.o
    0x0002d94c   0x0002d94c   0x00000020   Code   RO         5802    i.nrfx_twi_enable   nrfx_twi.o
    0x0002d96c   0x0002d96c   0x000000e0   Code   RO         5803    i.nrfx_twi_init     nrfx_twi.o
    0x0002da4c   0x0002da4c   0x00000036   Code   RO         5807    i.nrfx_twi_tx       nrfx_twi.o
    0x0002da82   0x0002da82   0x00000002   PAD
    0x0002da84   0x0002da84   0x00000024   Code   RO         5809    i.nrfx_twi_xfer     nrfx_twi.o
    0x0002daa8   0x0002daa8   0x00000010   Code   RO         3977    i.nrfx_uart_0_irq_handler  nrfx_uart.o
    0x0002dab8   0x0002dab8   0x000000d4   Code   RO         3979    i.nrfx_uart_init    nrfx_uart.o
    0x0002db8c   0x0002db8c   0x000000ec   Code   RO         3980    i.nrfx_uart_rx      nrfx_uart.o
    0x0002dc78   0x0002dc78   0x000000a4   Code   RO         3985    i.nrfx_uart_tx      nrfx_uart.o
    0x0002dd1c   0x0002dd1c   0x00000020   Code   RO         3987    i.nrfx_uart_tx_in_progress  nrfx_uart.o
    0x0002dd3c   0x0002dd3c   0x00000010   Code   RO         4179    i.nrfx_uarte_0_irq_handler  nrfx_uarte.o
    0x0002dd4c   0x0002dd4c   0x0000006c   Code   RO         4181    i.nrfx_uarte_init   nrfx_uarte.o
    0x0002ddb8   0x0002ddb8   0x00000104   Code   RO         4182    i.nrfx_uarte_rx     nrfx_uarte.o
    0x0002debc   0x0002debc   0x00000090   Code   RO         4185    i.nrfx_uarte_tx     nrfx_uarte.o
    0x0002df4c   0x0002df4c   0x0000001c   Code   RO         4187    i.nrfx_uarte_tx_in_progress  nrfx_uarte.o
    0x0002df68   0x0002df68   0x0000001c   Code   RO         6558    i.page_offsets_update  fds.o
    0x0002df84   0x0002df84   0x0000001c   Code   RO         6560    i.page_tag_write_data  fds.o
    0x0002dfa0   0x0002dfa0   0x00000024   Code   RO         6561    i.page_tag_write_swap  fds.o
    0x0002dfc4   0x0002dfc4   0x0000000c   Code   RO         2795    i.pairing           security_dispatcher.o
    0x0002dfd0   0x0002dfd0   0x00000074   Code   RO         2796    i.pairing_failure   security_dispatcher.o
    0x0002e044   0x0002e044   0x0000002e   Code   RO         2797    i.pairing_success_evt_send  security_dispatcher.o
    0x0002e072   0x0002e072   0x00000006   Code   RO         2936    i.params_reply_pending_handle  security_manager.o
    0x0002e078   0x0002e078   0x00000028   Code   RO         2937    i.params_req_send   security_manager.o
    0x0002e0a0   0x0002e0a0   0x0000001c   Code   RO         2144    i.pdb_evt_send      peer_database.o
    0x0002e0bc   0x0002e0bc   0x0000007c   Code   RO         2146    i.pdb_pds_evt_handler  peer_database.o
    0x0002e138   0x0002e138   0x00000006   Code   RO         2147    i.pdb_peer_data_ptr_get  peer_database.o
    0x0002e13e   0x0002e13e   0x00000002   PAD
    0x0002e140   0x0002e140   0x0000008c   Code   RO         2148    i.pdb_peer_free     peer_database.o
    0x0002e1cc   0x0002e1cc   0x000000dc   Code   RO         2149    i.pdb_write_buf_get  peer_database.o
    0x0002e2a8   0x0002e2a8   0x00000014   Code   RO         2150    i.pdb_write_buf_release  peer_database.o
    0x0002e2bc   0x0002e2bc   0x00000036   Code   RO         2151    i.pdb_write_buf_store  peer_database.o
    0x0002e2f2   0x0002e2f2   0x00000002   PAD
    0x0002e2f4   0x0002e2f4   0x00000010   Code   RO         2006    i.pds_evt_send      peer_data_storage.o
    0x0002e304   0x0002e304   0x00000004   Code   RO         2008    i.pds_next_deleted_peer_id_get  peer_data_storage.o
    0x0002e308   0x0002e308   0x00000004   Code   RO         2009    i.pds_next_peer_id_get  peer_data_storage.o
    0x0002e30c   0x0002e30c   0x00000058   Code   RO         2012    i.pds_peer_data_iterate  peer_data_storage.o
    0x0002e364   0x0002e364   0x00000010   Code   RO         2013    i.pds_peer_data_iterate_prepare  peer_data_storage.o
    0x0002e374   0x0002e374   0x00000072   Code   RO         2014    i.pds_peer_data_read  peer_data_storage.o
    0x0002e3e6   0x0002e3e6   0x00000002   PAD
    0x0002e3e8   0x0002e3e8   0x000000a0   Code   RO         2015    i.pds_peer_data_store  peer_data_storage.o
    0x0002e488   0x0002e488   0x00000008   Code   RO         2016    i.pds_peer_id_allocate  peer_data_storage.o
    0x0002e490   0x0002e490   0x00000016   Code   RO         2017    i.pds_peer_id_free  peer_data_storage.o
    0x0002e4a6   0x0002e4a6   0x00000004   Code   RO         2018    i.pds_peer_id_is_allocated  peer_data_storage.o
    0x0002e4aa   0x0002e4aa   0x00000002   PAD
    0x0002e4ac   0x0002e4ac   0x0000009c   Code   RO         2020    i.peer_data_delete_process  peer_data_storage.o
    0x0002e548   0x0002e548   0x00000030   Code   RO         2021    i.peer_data_find    peer_data_storage.o
    0x0002e578   0x0002e578   0x00000024   Code   RO         2022    i.peer_data_id_is_valid  peer_data_storage.o
    0x0002e59c   0x0002e59c   0x0000001a   Code   RO         2152    i.peer_data_point_to_buffer  peer_database.o
    0x0002e5b6   0x0002e5b6   0x00000002   PAD
    0x0002e5b8   0x0002e5b8   0x0000000c   Code   RO         2265    i.peer_id_allocate  peer_id.o
    0x0002e5c4   0x0002e5c4   0x00000024   Code   RO         2266    i.peer_id_delete    peer_id.o
    0x0002e5e8   0x0002e5e8   0x0000001c   Code   RO         2267    i.peer_id_free      peer_id.o
    0x0002e604   0x0002e604   0x0000000c   Code   RO         2268    i.peer_id_get_next_deleted  peer_id.o
    0x0002e610   0x0002e610   0x00000030   Code   RO         2269    i.peer_id_get_next_used  peer_id.o
    0x0002e640   0x0002e640   0x00000014   Code   RO         2271    i.peer_id_is_allocated  peer_id.o
    0x0002e654   0x0002e654   0x00000014   Code   RO         2272    i.peer_id_is_deleted  peer_id.o
    0x0002e668   0x0002e668   0x00000064   Code   RO         2742    i.pm_buffer_block_acquire  pm_buffer.o
    0x0002e6cc   0x0002e6cc   0x00000028   Code   RO         2744    i.pm_buffer_ptr_get  pm_buffer.o
    0x0002e6f4   0x0002e6f4   0x00000032   Code   RO         2745    i.pm_buffer_release  pm_buffer.o
    0x0002e726   0x0002e726   0x00000004   Code   RO         2362    i.pm_gcm_evt_handler  peer_manager.o
    0x0002e72a   0x0002e72a   0x00000004   Code   RO         2365    i.pm_im_evt_handler  peer_manager.o
    0x0002e72e   0x0002e72e   0x00000002   PAD
    0x0002e730   0x0002e730   0x00000120   Code   RO         2370    i.pm_pdb_evt_handler  peer_manager.o
    0x0002e850   0x0002e850   0x000000ec   Code   RO         2386    i.pm_peer_ranks_get  peer_manager.o
    0x0002e93c   0x0002e93c   0x0000000a   Code   RO         2392    i.pm_sm_evt_handler  peer_manager.o
    0x0002e946   0x0002e946   0x00000002   PAD
    0x0002e948   0x0002e948   0x0000003c   Code   RO         9181    i.postfix_process   nrf_log_str_formatter.o
    0x0002e984   0x0002e984   0x00000098   Code   RO         9182    i.prefix_process    nrf_log_str_formatter.o
    0x0002ea1c   0x0002ea1c   0x00000018   Code   RO         3916    i.prs_box_get       nrfx_prs.o
    0x0002ea34   0x0002ea34   0x0000001c   Code   RO         6563    i.queue_buf_get     fds.o
    0x0002ea50   0x0002ea50   0x00000010   Code   RO         6564    i.queue_buf_store   fds.o
    0x0002ea60   0x0002ea60   0x00000014   Code   RO         7396    i.queue_free        nrf_fstorage_sd.o
    0x0002ea74   0x0002ea74   0x000000a0   Code   RO         6565    i.queue_process     fds.o
    0x0002eb14   0x0002eb14   0x000000a0   Code   RO         7397    i.queue_process     nrf_fstorage_sd.o
    0x0002ebb4   0x0002ebb4   0x0000001c   Code   RO         6566    i.queue_start       fds.o
    0x0002ebd0   0x0002ebd0   0x00000028   Code   RO         2395    i.rank_vars_update  peer_manager.o
    0x0002ebf8   0x0002ebf8   0x000000b0   Code   RO         2153    i.reattempt_previous_operations  peer_database.o
    0x0002eca8   0x0002eca8   0x00000088   Code   RO         6567    i.record_find       fds.o
    0x0002ed30   0x0002ed30   0x000000a0   Code   RO         6568    i.record_find_by_desc  fds.o
    0x0002edd0   0x0002edd0   0x0000005c   Code   RO         6569    i.record_find_next  fds.o
    0x0002ee2c   0x0002ee2c   0x00000038   Code   RO         6570    i.record_header_flag_dirty  fds.o
    0x0002ee64   0x0002ee64   0x00000010   Code   RO         2274    i.release           peer_id.o
    0x0002ee74   0x0002ee74   0x0000003c   Code   RO         6294    i.rtc1_stop         app_timer.o
    0x0002eeb0   0x0002eeb0   0x00000032   Code   RO         3989    i.rx_byte           nrfx_uart.o
    0x0002eee2   0x0002eee2   0x00000016   Code   RO         3990    i.rx_done_event     nrfx_uart.o
    0x0002eef8   0x0002eef8   0x00000018   Code   RO         4189    i.rx_done_event     nrfx_uarte.o
    0x0002ef10   0x0002ef10   0x00000020   Code   RO         3991    i.rx_enable         nrfx_uart.o
    0x0002ef30   0x0002ef30   0x00000002   Code   RO          786    i.saadc_callback    boardadc.o
    0x0002ef32   0x0002ef32   0x00000002   PAD
    0x0002ef34   0x0002ef34   0x00000024   Code   RO         1450    i.sc_send_pending_handle  gatt_cache_manager.o
    0x0002ef58   0x0002ef58   0x00000050   Code   RO         3252    i.sd_state_evt_handler  nrf_drv_clock.o
    0x0002efa8   0x0002efa8   0x00000030   Code   RO         9498    i.sdh_request_observer_notify  nrf_sdh.o
    0x0002efd8   0x0002efd8   0x0000002c   Code   RO         9499    i.sdh_state_observer_notify  nrf_sdh.o
    0x0002f004   0x0002f004   0x000000b4   Code   RO         2798    i.sec_info_request_process  security_dispatcher.o
    0x0002f0b8   0x0002f0b8   0x000000f4   Code   RO         2799    i.sec_keyset_fill   security_dispatcher.o
    0x0002f1ac   0x0002f1ac   0x00000060   Code   RO         2800    i.sec_proc_start    security_dispatcher.o
    0x0002f20c   0x0002f20c   0x00000022   Code   RO         2801    i.send_config_req   security_dispatcher.o
    0x0002f22e   0x0002f22e   0x00000002   PAD
    0x0002f230   0x0002f230   0x00000010   Code   RO         1138    i.send_error_evt    ble_conn_params.o
    0x0002f240   0x0002f240   0x00000028   Code   RO         1451    i.send_unexpected_error  gatt_cache_manager.o
    0x0002f268   0x0002f268   0x00000028   Code   RO         2802    i.send_unexpected_error  security_dispatcher.o
    0x0002f290   0x0002f290   0x00000050   Code   RO         8842    i.serial_tx         nrf_log_backend_rtt.o
    0x0002f2e0   0x0002f2e0   0x00000014   Code   RO         1452    i.service_changed_pending_flags_check  gatt_cache_manager.o
    0x0002f2f4   0x0002f2f4   0x00000044   Code   RO         1604    i.service_changed_pending_set  gatts_cache_manager.o
    0x0002f338   0x0002f338   0x000000f4   Code   RO         1453    i.service_changed_send_in_evt  gatt_cache_manager.o
    0x0002f42c   0x0002f42c   0x0000002c   Code   RO         2939    i.sm_ble_evt_handler  security_manager.o
    0x0002f458   0x0002f458   0x00000044   Code   RO         2944    i.sm_pdb_evt_handler  security_manager.o
    0x0002f49c   0x0002f49c   0x00000060   Code   RO         2947    i.sm_smd_evt_handler  security_manager.o
    0x0002f4fc   0x0002f4fc   0x000000f4   Code   RO         2803    i.smd_ble_evt_handler  security_dispatcher.o
    0x0002f5f0   0x0002f5f0   0x00000028   Code   RO         2806    i.smd_link_secure   security_dispatcher.o
    0x0002f618   0x0002f618   0x000000b0   Code   RO         2807    i.smd_params_reply  security_dispatcher.o
    0x0002f6c8   0x0002f6c8   0x00000040   Code   RO         2948    i.smd_params_reply_perform  security_manager.o
    0x0002f708   0x0002f708   0x00000018   Code   RO         3253    i.soc_evt_handler   nrf_drv_clock.o
    0x0002f720   0x0002f720   0x00000038   Code   RO         9500    i.softdevice_evt_irq_disable  nrf_sdh.o
    0x0002f758   0x0002f758   0x00000058   Code   RO         9501    i.softdevices_evt_irq_enable  nrf_sdh.o
    0x0002f7b0   0x0002f7b0   0x0000008c   Code   RO         9017    i.std_n             nrf_log_frontend.o
    0x0002f83c   0x0002f83c   0x00000058   Code   RO         1454    i.store_car_value   gatt_cache_manager.o
    0x0002f894   0x0002f894   0x00000080   Code   RO         6295    i.timer_list_handler  app_timer.o
    0x0002f914   0x0002f914   0x0000003c   Code   RO         6296    i.timer_list_insert  app_timer.o
    0x0002f950   0x0002f950   0x00000060   Code   RO         6297    i.timer_list_remove  app_timer.o
    0x0002f9b0   0x0002f9b0   0x00000048   Code   RO         6298    i.timer_stop_op_schedule  app_timer.o
    0x0002f9f8   0x0002f9f8   0x00000074   Code   RO         6299    i.timer_timeouts_check  app_timer.o
    0x0002fa6c   0x0002fa6c   0x000000a4   Code   RO         5996    i.twi_clear_bus     nrf_drv_twi.o
    0x0002fb10   0x0002fb10   0x00000040   Code   RO         5997    i.twi_evt_handler   nrf_drv_twi.o
    0x0002fb50   0x0002fb50   0x000000ba   Code   RO         5810    i.twi_irq_handler   nrfx_twi.o
    0x0002fc0a   0x0002fc0a   0x0000001e   Code   RO         5811    i.twi_process_error  nrfx_twi.o
    0x0002fc28   0x0002fc28   0x000000c8   Code   RO         5812    i.twi_rx_start_transfer  nrfx_twi.o
    0x0002fcf0   0x0002fcf0   0x00000028   Code   RO         5813    i.twi_send_byte     nrfx_twi.o
    0x0002fd18   0x0002fd18   0x00000104   Code   RO         5814    i.twi_transfer      nrfx_twi.o
    0x0002fe1c   0x0002fe1c   0x000000d0   Code   RO         5815    i.twi_tx_start_transfer  nrfx_twi.o
    0x0002feec   0x0002feec   0x00000094   Code   RO         5816    i.twi_xfer          nrfx_twi.o
    0x0002ff80   0x0002ff80   0x00000020   Code   RO         3992    i.tx_byte           nrfx_uart.o
    0x0002ffa0   0x0002ffa0   0x0000001a   Code   RO         3993    i.tx_done_event     nrfx_uart.o
    0x0002ffba   0x0002ffba   0x00000002   PAD
    0x0002ffbc   0x0002ffbc   0x0000001c   Code   RO          705    i.uartCmdBufferInit  uartcmd.o
    0x0002ffd8   0x0002ffd8   0x000000c0   Code   RO          706    i.uartCmdHandel     uartcmd.o
    0x00030098   0x00030098   0x00000044   Code   RO          707    i.uart_error_handle  uartcmd.o
    0x000300dc   0x000300dc   0x000000a0   Code   RO         7857    i.uart_event_handler  app_uart_fifo.o
    0x0003017c   0x0003017c   0x00000030   Code   RO         3399    i.uart_evt_handler  nrf_drv_uart.o
    0x000301ac   0x000301ac   0x00000128   Code   RO         3994    i.uart_irq_handler  nrfx_uart.o
    0x000302d4   0x000302d4   0x00000030   Code   RO         3400    i.uarte_evt_handler  nrf_drv_uart.o
    0x00030304   0x00030304   0x000000f4   Code   RO         4190    i.uarte_irq_handler  nrfx_uarte.o
    0x000303f8   0x000303f8   0x000000b4   Code   RO         7265    i.unsigned_print    nrf_fprintf_format.o
    0x000304ac   0x000304ac   0x00000030   Code   RO         1455    i.update_pending_flags_check  gatt_cache_manager.o
    0x000304dc   0x000304dc   0x00000014   Code   RO         4575    i.usbd_dma_pending_clear  nrf_drv_usbd.o
    0x000304f0   0x000304f0   0x00000016   Code   RO         4576    i.usbd_dma_start    nrf_drv_usbd.o
    0x00030506   0x00030506   0x00000002   PAD
    0x00030508   0x00030508   0x00000184   Code   RO         4577    i.usbd_dmareq_process  nrf_drv_usbd.o
    0x0003068c   0x0003068c   0x00000114   Code   RO         4578    i.usbd_ep_abort     nrf_drv_usbd.o
    0x000307a0   0x000307a0   0x00000040   Code   RO         4580    i.usbd_ep_data_handler  nrf_drv_usbd.o
    0x000307e0   0x000307e0   0x0000000c   Code   RO         1230    i.user_flag_is_acquired  ble_conn_state.o
    0x000307ec   0x000307ec   0x00000048   Code   RO         9999    i.user_i2c_write    iic.o
    0x00030834   0x00030834   0x00000030   Code   RO         6300    i.user_op_alloc     app_timer.o
    0x00030864   0x00030864   0x0000014c   Code   RO         2154    i.write_buf_store   peer_database.o
    0x000309b0   0x000309b0   0x00000034   Code   RO         2155    i.write_buffer_record_find  peer_database.o
    0x000309e4   0x000309e4   0x00000030   Code   RO         2156    i.write_buffer_record_find_next  peer_database.o
    0x00030a14   0x00030a14   0x0000001c   Code   RO         2157    i.write_buffer_record_invalidate  peer_database.o
    0x00030a30   0x00030a30   0x0000002c   Code   RO         2158    i.write_buffer_record_release  peer_database.o
    0x00030a5c   0x00030a5c   0x000000e8   Code   RO         6572    i.write_enqueue     fds.o
    0x00030b44   0x00030b44   0x000000f4   Code   RO         6573    i.write_execute     fds.o
    0x00030c38   0x00030c38   0x00000018   Code   RO         6574    i.write_space_free  fds.o
    0x00030c50   0x00030c50   0x0000005c   Code   RO         6575    i.write_space_reserve  fds.o
    0x00030cac   0x00030cac   0x00000004   PAD
    0x00030cb0   0x00030cb0   0x00000016   Data   RO          301    .constdata          board.o
    0x00030cc6   0x00030cc6   0x00000002   PAD
    0x00030cc8   0x00030cc8   0x00000035   Data   RO          788    .constdata          boardadc.o
    0x00030cfd   0x00030cfd   0x00000003   PAD
    0x00030d00   0x00030d00   0x00000074   Data   RO         1456    .constdata          gatt_cache_manager.o
    0x00030d74   0x00030d74   0x00000004   Data   RO         1605    .constdata          gatts_cache_manager.o
    0x00030d78   0x00030d78   0x00000010   Data   RO         1606    .constdata          gatts_cache_manager.o
    0x00030d88   0x00030d88   0x00000004   Data   RO         1607    .constdata          gatts_cache_manager.o
    0x00030d8c   0x00030d8c   0x00000008   Data   RO         1704    .constdata          id_manager.o
    0x00030d94   0x00030d94   0x0000001c   Data   RO         2023    .constdata          peer_data_storage.o
    0x00030db0   0x00030db0   0x00000010   Data   RO         2160    .constdata          peer_database.o
    0x00030dc0   0x00030dc0   0x0000008c   Data   RO         2809    .constdata          security_dispatcher.o
    0x00030e4c   0x00030e4c   0x00000004   Data   RO         2949    .constdata          security_manager.o
    0x00030e50   0x00030e50   0x00000008   Data   RO         3629    .constdata          nrfx_gpiote.o
    0x00030e58   0x00030e58   0x00000004   Data   RO         3997    .constdata          nrfx_uart.o
    0x00030e5c   0x00030e5c   0x00000004   Data   RO         4193    .constdata          nrfx_uarte.o
    0x00030e60   0x00030e60   0x00000006   Data   RO         4353    .constdata          nrfx_saadc.o
    0x00030e66   0x00030e66   0x0000000a   PAD
    0x00030e70   0x00030e70   0x000000e2   Data   RO         4583    .constdata          nrf_drv_usbd.o
    0x00030f52   0x00030f52   0x00000002   PAD
    0x00030f54   0x00030f54   0x00000018   Data   RO         5819    .constdata          nrfx_twi.o
    0x00030f6c   0x00030f6c   0x00000004   PAD
    0x00030f70   0x00030f70   0x00000006   Data   RO         5998    .constdata          nrf_drv_twi.o
    0x00030f76   0x00030f76   0x0000000a   PAD
    0x00030f80   0x00030f80   0x00000006   Data   RO         6302    .constdata          app_timer.o
    0x00030f86   0x00030f86   0x00000002   PAD
    0x00030f88   0x00030f88   0x00000018   Data   RO         6578    .constdata          fds.o
    0x00030fa0   0x00030fa0   0x00000010   Data   RO         7266    .constdata          nrf_fprintf_format.o
    0x00030fb0   0x00030fb0   0x0000005e   Data   RO         7312    .constdata          nrf_fstorage.o
    0x0003100e   0x0003100e   0x00000002   PAD
    0x00031010   0x00031010   0x00000010   Data   RO         7406    .constdata          nrf_fstorage_sd.o
    0x00031020   0x00031020   0x00000018   Data   RO         7585    .constdata          nrf_pwr_mgmt.o
    0x00031038   0x00031038   0x0000000c   Data   RO         7586    .constdata          nrf_pwr_mgmt.o
    0x00031044   0x00031044   0x0000013c   Data   RO         7749    .constdata          nrf_strerror.o
    0x00031180   0x00031180   0x00000020   Data   RO         7859    .constdata          app_uart_fifo.o
    0x000311a0   0x000311a0   0x0000000c   Data   RO         8844    .constdata          nrf_log_backend_rtt.o
    0x000311ac   0x000311ac   0x00000004   PAD
    0x000311b0   0x000311b0   0x00000006   Data   RO         8845    .constdata          nrf_log_backend_rtt.o
    0x000311b6   0x000311b6   0x00000002   PAD
    0x000311b8   0x000311b8   0x0000000c   Data   RO         9022    .constdata          nrf_log_frontend.o
    0x000311c4   0x000311c4   0x00000010   Data   RO         9502    .constdata          nrf_sdh.o
    0x000311d4   0x000311d4   0x00000028   Data   RO         9503    .constdata          nrf_sdh.o
    0x000311fc   0x000311fc   0x00000010   Data   RO         9504    .constdata          nrf_sdh.o
    0x0003120c   0x0003120c   0x00000010   Data   RO         9505    .constdata          nrf_sdh.o
    0x0003121c   0x0003121c   0x00000020   Data   RO         9613    .constdata          nrf_sdh_ble.o
    0x0003123c   0x0003123c   0x00000010   Data   RO         9614    .constdata          nrf_sdh_ble.o
    0x0003124c   0x0003124c   0x00000010   Data   RO         9664    .constdata          nrf_sdh_soc.o
    0x0003125c   0x0003125c   0x0000000c   Data   RO         9665    .constdata          nrf_sdh_soc.o
    0x00031268   0x00031268   0x00000818   Data   RO         9885    .constdata          oled.o
    0x00031a80   0x00031a80   0x00000028   Data   RO        10000    .constdata          iic.o
    0x00031aa8   0x00031aa8   0x00000081   Data   RO        10230    .constdata          mc_w.l(ctype_o.o)
    0x00031b29   0x00031b29   0x00000003   PAD
    0x00031b2c   0x00031b2c   0x00000004   Data   RO        10231    .constdata          mc_w.l(ctype_o.o)
    0x00031b30   0x00031b30   0x00000051   Data   RO          622    .conststring        protocol.o
    0x00031b81   0x00031b81   0x00000003   PAD
    0x00031b84   0x00031b84   0x00000134   Data   RO         1457    .conststring        gatt_cache_manager.o
    0x00031cb8   0x00031cb8   0x00000144   Data   RO         1608    .conststring        gatts_cache_manager.o
    0x00031dfc   0x00031dfc   0x000000a4   Data   RO         2024    .conststring        peer_data_storage.o
    0x00031ea0   0x00031ea0   0x00000180   Data   RO         2161    .conststring        peer_database.o
    0x00032020   0x00032020   0x00000048   Data   RO         2398    .conststring        peer_manager.o
    0x00032068   0x00032068   0x00000242   Data   RO         2810    .conststring        security_dispatcher.o
    0x000322aa   0x000322aa   0x00000002   PAD
    0x000322ac   0x000322ac   0x0000017b   Data   RO         2950    .conststring        security_manager.o
    0x00032427   0x00032427   0x00000001   PAD
    0x00032428   0x00032428   0x0000004f   Data   RO         7313    .conststring        nrf_fstorage.o
    0x00032477   0x00032477   0x00000001   PAD
    0x00032478   0x00032478   0x000003eb   Data   RO         7750    .conststring        nrf_strerror.o
    0x00032863   0x00032863   0x00000001   PAD
    0x00032864   0x00032864   0x00000066   Data   RO         9183    .conststring        nrf_log_str_formatter.o
    0x000328ca   0x000328ca   0x00000002   PAD
    0x000328cc   0x000328cc   0x000001cf   Data   RO         9615    .conststring        nrf_sdh_ble.o
    0x00032a9b   0x00032a9b   0x00000001   PAD
    0x00032a9c   0x00032a9c   0x00000011   Data   RO         1458    .conststrlit        gatt_cache_manager.o
    0x00032aad   0x00032aad   0x00000003   PAD
    0x00032ab0   0x00032ab0   0x00000012   Data   RO         1609    .conststrlit        gatts_cache_manager.o
    0x00032ac2   0x00032ac2   0x00000002   PAD
    0x00032ac4   0x00032ac4   0x00000010   Data   RO         1706    .conststrlit        id_manager.o
    0x00032ad4   0x00032ad4   0x0000000d   Data   RO         1862    .conststrlit        nrf_ble_gatt.o
    0x00032ae1   0x00032ae1   0x00000003   PAD
    0x00032ae4   0x00032ae4   0x00000011   Data   RO         2025    .conststrlit        peer_data_storage.o
    0x00032af5   0x00032af5   0x00000003   PAD
    0x00032af8   0x00032af8   0x00000011   Data   RO         2162    .conststrlit        peer_database.o
    0x00032b09   0x00032b09   0x00000003   PAD
    0x00032b0c   0x00032b0c   0x0000000d   Data   RO         2399    .conststrlit        peer_manager.o
    0x00032b19   0x00032b19   0x00000003   PAD
    0x00032b1c   0x00032b1c   0x00000015   Data   RO         2660    .conststrlit        peer_manager_handler.o
    0x00032b31   0x00032b31   0x00000003   PAD
    0x00032b34   0x00032b34   0x00000011   Data   RO         2811    .conststrlit        security_dispatcher.o
    0x00032b45   0x00032b45   0x00000003   PAD
    0x00032b48   0x00032b48   0x00000010   Data   RO         2951    .conststrlit        security_manager.o
    0x00032b58   0x00032b58   0x00000008   Data   RO         3088    .conststrlit        ble_bas.o
    0x00032b60   0x00032b60   0x00000006   Data   RO         3259    .conststrlit        nrf_drv_clock.o
    0x00032b66   0x00032b66   0x00000002   PAD
    0x00032b68   0x00032b68   0x00000006   Data   RO         3467    .conststrlit        nrfx_clock.o
    0x00032b6e   0x00032b6e   0x00000002   PAD
    0x00032b70   0x00032b70   0x00000007   Data   RO         3633    .conststrlit        nrfx_gpiote.o
    0x00032b77   0x00032b77   0x00000001   PAD
    0x00032b78   0x00032b78   0x00000004   Data   RO         3918    .conststrlit        nrfx_prs.o
    0x00032b7c   0x00032b7c   0x00000005   Data   RO         4000    .conststrlit        nrfx_uart.o
    0x00032b81   0x00032b81   0x00000003   PAD
    0x00032b84   0x00032b84   0x00000006   Data   RO         4196    .conststrlit        nrfx_uarte.o
    0x00032b8a   0x00032b8a   0x00000002   PAD
    0x00032b8c   0x00032b8c   0x00000006   Data   RO         4361    .conststrlit        nrfx_saadc.o
    0x00032b92   0x00032b92   0x00000002   PAD
    0x00032b94   0x00032b94   0x00000005   Data   RO         4584    .conststrlit        nrf_drv_usbd.o
    0x00032b99   0x00032b99   0x00000003   PAD
    0x00032b9c   0x00032b9c   0x00000004   Data   RO         5492    .conststrlit        nrfx_ppi.o
    0x00032ba0   0x00032ba0   0x00000006   Data   RO         5635    .conststrlit        nrfx_timer.o
    0x00032ba6   0x00032ba6   0x00000002   PAD
    0x00032ba8   0x00032ba8   0x00000004   Data   RO         5822    .conststrlit        nrfx_twi.o
    0x00032bac   0x00032bac   0x0000000a   Data   RO         6847    .conststrlit        hardfault_implementation.o
    0x00032bb6   0x00032bb6   0x00000002   PAD
    0x00032bb8   0x00032bb8   0x0000000d   Data   RO         7314    .conststrlit        nrf_fstorage.o
    0x00032bc5   0x00032bc5   0x00000003   PAD
    0x00032bc8   0x00032bc8   0x00000009   Data   RO         7587    .conststrlit        nrf_pwr_mgmt.o
    0x00032bd1   0x00032bd1   0x00000003   PAD
    0x00032bd4   0x00032bd4   0x00000009   Data   RO         8067    .conststrlit        app_usbd.o
    0x00032bdd   0x00032bdd   0x00000003   PAD
    0x00032be0   0x00032be0   0x0000000e   Data   RO         8427    .conststrlit        app_usbd_core.o
    0x00032bee   0x00032bee   0x00000002   PAD
    0x00032bf0   0x00032bf0   0x00000008   Data   RO         8688    .conststrlit        app_usbd_cdc_acm.o
    0x00032bf8   0x00032bf8   0x00000010   Data   RO         8957    .conststrlit        nrf_log_default_backends.o
    0x00032c08   0x00032c08   0x00000004   Data   RO         9023    .conststrlit        nrf_log_frontend.o
    0x00032c0c   0x00032c0c   0x00000008   Data   RO         9506    .conststrlit        nrf_sdh.o
    0x00032c14   0x00032c14   0x0000000c   Data   RO         9616    .conststrlit        nrf_sdh_ble.o
    0x00032c20   0x00032c20   0x0000000c   Data   RO         9666    .conststrlit        nrf_sdh_soc.o
    0x00032c2c   0x00032c2c   0x00000020   Data   RO        10599    Region$$Table       anon$$obj.o
    0x00032c4c   0x00032c4c   0x00000010   Data   RO         8959    log_backends        nrf_log_default_backends.o
    0x00032c5c   0x00032c5c   0x00000008   Data   RO         1460    log_const_data      gatt_cache_manager.o
    0x00032c64   0x00032c64   0x00000008   Data   RO         1611    log_const_data      gatts_cache_manager.o
    0x00032c6c   0x00032c6c   0x00000008   Data   RO         1708    log_const_data      id_manager.o
    0x00032c74   0x00032c74   0x00000008   Data   RO         1863    log_const_data      nrf_ble_gatt.o
    0x00032c7c   0x00032c7c   0x00000008   Data   RO         2027    log_const_data      peer_data_storage.o
    0x00032c84   0x00032c84   0x00000008   Data   RO         2164    log_const_data      peer_database.o
    0x00032c8c   0x00032c8c   0x00000008   Data   RO         2401    log_const_data      peer_manager.o
    0x00032c94   0x00032c94   0x00000008   Data   RO         2663    log_const_data      peer_manager_handler.o
    0x00032c9c   0x00032c9c   0x00000008   Data   RO         2813    log_const_data      security_dispatcher.o
    0x00032ca4   0x00032ca4   0x00000008   Data   RO         2953    log_const_data      security_manager.o
    0x00032cac   0x00032cac   0x00000008   Data   RO         3089    log_const_data      ble_bas.o
    0x00032cb4   0x00032cb4   0x00000008   Data   RO         3260    log_const_data      nrf_drv_clock.o
    0x00032cbc   0x00032cbc   0x00000008   Data   RO         3469    log_const_data      nrfx_clock.o
    0x00032cc4   0x00032cc4   0x00000008   Data   RO         3634    log_const_data      nrfx_gpiote.o
    0x00032ccc   0x00032ccc   0x00000008   Data   RO         3920    log_const_data      nrfx_prs.o
    0x00032cd4   0x00032cd4   0x00000008   Data   RO         4001    log_const_data      nrfx_uart.o
    0x00032cdc   0x00032cdc   0x00000008   Data   RO         4197    log_const_data      nrfx_uarte.o
    0x00032ce4   0x00032ce4   0x00000008   Data   RO         4362    log_const_data      nrfx_saadc.o
    0x00032cec   0x00032cec   0x00000008   Data   RO         4586    log_const_data      nrf_drv_usbd.o
    0x00032cf4   0x00032cf4   0x00000008   Data   RO         5494    log_const_data      nrfx_ppi.o
    0x00032cfc   0x00032cfc   0x00000008   Data   RO         5636    log_const_data      nrfx_timer.o
    0x00032d04   0x00032d04   0x00000008   Data   RO         5823    log_const_data      nrfx_twi.o
    0x00032d0c   0x00032d0c   0x00000008   Data   RO         6849    log_const_data      hardfault_implementation.o
    0x00032d14   0x00032d14   0x00000008   Data   RO         7315    log_const_data      nrf_fstorage.o
    0x00032d1c   0x00032d1c   0x00000008   Data   RO         7589    log_const_data      nrf_pwr_mgmt.o
    0x00032d24   0x00032d24   0x00000008   Data   RO         8069    log_const_data      app_usbd.o
    0x00032d2c   0x00032d2c   0x00000008   Data   RO         8429    log_const_data      app_usbd_core.o
    0x00032d34   0x00032d34   0x00000008   Data   RO         8690    log_const_data      app_usbd_cdc_acm.o
    0x00032d3c   0x00032d3c   0x00000008   Data   RO         9026    log_const_data      nrf_log_frontend.o
    0x00032d44   0x00032d44   0x00000008   Data   RO         9508    log_const_data      nrf_sdh.o
    0x00032d4c   0x00032d4c   0x00000008   Data   RO         9618    log_const_data      nrf_sdh_ble.o
    0x00032d54   0x00032d54   0x00000008   Data   RO         9667    log_const_data      nrf_sdh_soc.o
    0x00032d5c   0x00032d5c   0x00000014   Data   RO         9027    nrf_balloc          nrf_log_frontend.o
    0x00032d70   0x00032d70   0x00000008   Data   RO         1232    sdh_ble_observers0  ble_conn_state.o
    0x00032d78   0x00032d78   0x00000008   Data   RO         1142    sdh_ble_observers1  ble_conn_params.o
    0x00032d80   0x00032d80   0x00000008   Data   RO         2402    sdh_ble_observers1  peer_manager.o
    0x00032d88   0x00032d88   0x00000008   Data   RO         7409    sdh_req_observers0  nrf_fstorage_sd.o
    0x00032d90   0x00032d90   0x00000008   Data   RO         3261    sdh_soc_observers0  nrf_drv_clock.o
    0x00032d98   0x00032d98   0x00000008   Data   RO         5083    sdh_soc_observers0  nrf_drv_power.o
    0x00032da0   0x00032da0   0x00000008   Data   RO         7410    sdh_soc_observers0  nrf_fstorage_sd.o
    0x00032da8   0x00032da8   0x00000008   Data   RO         9619    sdh_stack_observers0  nrf_sdh_ble.o
    0x00032db0   0x00032db0   0x00000008   Data   RO         9668    sdh_stack_observers0  nrf_sdh_soc.o
    0x00032db8   0x00032db8   0x00000008   Data   RO         3262    sdh_state_observers0  nrf_drv_clock.o
    0x00032dc0   0x00032dc0   0x00000008   Data   RO         5084    sdh_state_observers0  nrf_drv_power.o
    0x00032dc8   0x00032dc8   0x00000008   Data   RO         7411    sdh_state_observers0  nrf_fstorage_sd.o


    Execution Region RW_IRAM1 (Exec base: 0x20002ae8, Load base: 0x00032dd0, Size: 0x00003f98, Max: 0x0003d2b0, ABSOLUTE, COMPRESSED[0x00000060])

    Exec Addr    Load Addr    Size         Type   Attr      Idx    E Section Name        Object

    0x20002ae8   COMPRESSED   0x00000008   Data   RW          302    .data               board.o
    0x20002af0   COMPRESSED   0x00000001   Data   RW          623    .data               protocol.o
    0x20002af1   COMPRESSED   0x00000001   Data   RW          673    .data               gui.o
    0x20002af2   COMPRESSED   0x00000002   PAD
    0x20002af4   COMPRESSED   0x0000001c   Data   RW          709    .data               uartcmd.o
    0x20002b10   COMPRESSED   0x00000008   Data   RW         1141    .data               ble_conn_params.o
    0x20002b18   COMPRESSED   0x00000010   Data   RW         1459    .data               gatt_cache_manager.o
    0x20002b28   COMPRESSED   0x00000006   Data   RW         1610    .data               gatts_cache_manager.o
    0x20002b2e   COMPRESSED   0x00000002   PAD
    0x20002b30   COMPRESSED   0x0000000c   Data   RW         2026    .data               peer_data_storage.o
    0x20002b3c   COMPRESSED   0x00000008   Data   RW         2163    .data               peer_database.o
    0x20002b44   COMPRESSED   0x00000010   Data   RW         2400    .data               peer_manager.o
    0x20002b54   COMPRESSED   0x00000005   Data   RW         2812    .data               security_dispatcher.o
    0x20002b59   COMPRESSED   0x00000003   PAD
    0x20002b5c   COMPRESSED   0x00000015   Data   RW         2952    .data               security_manager.o
    0x20002b71   COMPRESSED   0x00000003   PAD
    0x20002b74   COMPRESSED   0x00000014   Data   RW         3401    .data               nrf_drv_uart.o
    0x20002b88   COMPRESSED   0x0000000c   Data   RW         3468    .data               nrfx_clock.o
    0x20002b94   COMPRESSED   0x00000008   Data   RW         3919    .data               nrfx_prs.o
    0x20002b9c   COMPRESSED   0x00000014   Data   RW         4585    .data               nrf_drv_usbd.o
    0x20002bb0   COMPRESSED   0x00000010   Data   RW         5200    .data               nrfx_power.o
    0x20002bc0   COMPRESSED   0x00000010   Data   RW         5999    .data               nrf_drv_twi.o
    0x20002bd0   COMPRESSED   0x00000014   Data   RW         6303    .data               app_timer.o
    0x20002be4   COMPRESSED   0x00000030   Data   RW         6579    .data               fds.o
    0x20002c14   COMPRESSED   0x00000008   Data   RW         7408    .data               nrf_fstorage_sd.o
    0x20002c1c   COMPRESSED   0x00000008   Data   RW         7588    .data               nrf_pwr_mgmt.o
    0x20002c24   COMPRESSED   0x00000004   Data   RW         7814    .data               retarget.o
    0x20002c28   COMPRESSED   0x0000001c   Data   RW         7860    .data               app_uart_fifo.o
    0x20002c44   COMPRESSED   0x00000001   Data   RW         8846    .data               nrf_log_backend_rtt.o
    0x20002c45   COMPRESSED   0x00000003   PAD
    0x20002c48   COMPRESSED   0x00000008   Data   RW         8958    .data               nrf_log_default_backends.o
    0x20002c50   COMPRESSED   0x00000008   Data   RW         9024    .data               nrf_log_frontend.o
    0x20002c58   COMPRESSED   0x00000008   Data   RW         9025    .data               nrf_log_frontend.o
    0x20002c60   COMPRESSED   0x00000040   Data   RW         9184    .data               nrf_log_str_formatter.o
    0x20002ca0   COMPRESSED   0x00000003   Data   RW         9507    .data               nrf_sdh.o
    0x20002ca3   COMPRESSED   0x00000001   Data   RW         9617    .data               nrf_sdh_ble.o
    0x20002ca4   COMPRESSED   0x00000004   Data   RW        10187    .data               system_nrf52840.o
    0x20002ca8   COMPRESSED   0x00000004   Data   RW        10565    .data               mc_w.l(errno.o)
    0x20002cac   COMPRESSED   0x00000014   Data   RW         6580    fs_data             fds.o
    0x20002cc0        -       0x00000020   Zero   RW          299    .bss                board.o
    0x20002ce0        -       0x00000014   Zero   RW          300    .bss                board.o
    0x20002cf4        -       0x00000410   Zero   RW          708    .bss                uartcmd.o
    0x20003104        -       0x00000050   Zero   RW         1140    .bss                ble_conn_params.o
    0x20003154        -       0x00000078   Zero   RW         1231    .bss                ble_conn_state.o
    0x200031cc        -       0x000000d8   Zero   RW         1703    .bss                id_manager.o
    0x200032a4        -       0x00000180   Zero   RW         2159    .bss                peer_database.o
    0x20003424        -       0x00000040   Zero   RW         2275    .bss                peer_id.o
    0x20003464        -       0x0000000c   Zero   RW         2396    .bss                peer_manager.o
    0x20003470        -       0x00000040   Zero   RW         2808    .bss                security_dispatcher.o
    0x200034b0        -       0x00000014   Zero   RW         3254    .bss                nrf_drv_clock.o
    0x200034c4        -       0x0000006c   Zero   RW         3628    .bss                nrfx_gpiote.o
    0x20003530        -       0x0000002c   Zero   RW         3995    .bss                nrfx_uart.o
    0x2000355c        -       0x00000024   Zero   RW         4191    .bss                nrfx_uarte.o
    0x20003580        -       0x00000030   Zero   RW         4352    .bss                nrfx_saadc.o
    0x200035b0        -       0x00000238   Zero   RW         4582    .bss                nrf_drv_usbd.o
    0x200037e8        -       0x00000024   Zero   RW         5633    .bss                nrfx_timer.o
    0x2000380c        -       0x0000003c   Zero   RW         5817    .bss                nrfx_twi.o
    0x20003848        -       0x0000061c   Zero   RW         6301    .bss                app_timer.o
    0x20003e64        -       0x0000000c   Zero   RW         6444    .bss                app_util_platform.o
    0x20003e70        -       0x00000010   Zero   RW         6576    .bss                fds.o
    0x20003e80        -       0x000000e0   Zero   RW         6577    .bss                fds.o
    0x20003f60        -       0x00000010   Zero   RW         7404    .bss                nrf_fstorage_sd.o
    0x20003f70        -       0x000000a0   Zero   RW         7405    .bss                nrf_fstorage_sd.o
    0x20004010        -       0x0000000c   Zero   RW         7584    .bss                nrf_pwr_mgmt.o
    0x2000401c        -       0x00000020   Zero   RW         7858    .bss                app_uart_fifo.o
    0x2000403c        -       0x00000040   Zero   RW         8843    .bss                nrf_log_backend_rtt.o
    0x2000407c        -       0x000000c0   Zero   RW         9018    .bss                nrf_log_frontend.o
    0x2000413c        -       0x00000080   Zero   RW         9019    .bss                nrf_log_frontend.o
    0x200041bc        -       0x00000018   Zero   RW         9020    .bss                nrf_log_frontend.o
    0x200041d4        -       0x00000424   Zero   RW         9021    .bss                nrf_log_frontend.o
    0x200045f8        -       0x00000488   Zero   RW         9260    .bss                segger_rtt.o
    0x20004a80        -       0x00002000   Zero   RW        10175    STACK               arm_startup_nrf52840.o


==============================================================================

Image component sizes


      Code (inc. data)   RO Data    RW Data    ZI Data      Debug   Object Name

        22          0          0          0          0       2265   app_error.o
       132         46          0          0          0      30393   app_error_weak.o
       118          0          0          0          0       3914   app_fifo.o
         0          0          0          0          0      36594   app_scheduler.o
      1506        118          6         20       1564      19220   app_timer.o
       524         60         32         28         32      20506   app_uart_fifo.o
         0          0         17          0          0      36117   app_usbd.o
         0          0         16          0          0      30356   app_usbd_cdc_acm.o
         0          0         22          0          0      23050   app_usbd_core.o
       124         14          0          0         12       9134   app_util_platform.o
        36          8        512          0       8192        856   arm_startup_nrf52840.o
         0          0         16          0          0       2768   ble_bas.o
       428         24          8          8         80       8664   ble_conn_params.o
       626         40          8          0        120      10668   ble_conn_state.o
         8          0          0          0          0       1258   ble_srv_common.o
      1946        788         22          8         52     106584   board.o
       134         10         53          0          0       6794   boardadc.o
       112          6          0          0          0       5673   buzzer.o
        12          4          0          0          0        987   chiptemp.o
      2678        240         24         68        240      40284   fds.o
      1724        526        449         16          0      21684   gatt_cache_manager.o
       558         66        374          6          0       7547   gatts_cache_manager.o
       404        140          0          1          0       1214   gui.o
         0          0         18          0          0       1638   hardfault_implementation.o
       946         34         32          0        216      13540   id_manager.o
       144         10         40          0          0      15643   iic.o
       128          6          0          0          0       6923   led.o
        42          0          0          0          0      66892   main.o
       288          0          0          0          0       4489   nrf_atfifo.o
       170          0          0          0          0       4204   nrf_atflags.o
       338          0          0          0          0       9534   nrf_atomic.o
       164          0          0          0          0       3256   nrf_balloc.o
         0          0         21          0          0      29857   nrf_ble_gatt.o
       276         34         30          0         20      41212   nrf_drv_clock.o
       188          0         16          0          0      43592   nrf_drv_power.o
       376         22          6         16          0      23883   nrf_drv_twi.o
       200         26          0         20          0      16944   nrf_drv_uart.o
      2592        246        239         20        568      80657   nrf_drv_usbd.o
        50          0          0          0          0       3165   nrf_fprintf.o
       850          4         16          0          0       5018   nrf_fprintf_format.o
       824        358        194          0          0       7080   nrf_fstorage.o
       484         42         40          8        176       8651   nrf_fstorage_sd.o
       112         18         18          1         64       4869   nrf_log_backend_rtt.o
       200          0          0          0          0      10469   nrf_log_backend_serial.o
        28          4         32          8          0       3049   nrf_log_default_backends.o
      1588        122         44         16       1404      29338   nrf_log_frontend.o
       566        108        102         64          0       5080   nrf_log_str_formatter.o
       346          0          0          0          0       8755   nrf_memobj.o
        40         12         53          8         12       3216   nrf_pwr_mgmt.o
       226          0          0          0          0       4588   nrf_ringbuf.o
       552         60        104          3          0      40372   nrf_sdh.o
       728        234        539          1          0       5381   nrf_sdh_ble.o
        60          4         56          0          0       2188   nrf_sdh_soc.o
        78          0          0          0          0       2424   nrf_section_iter.o
        76         10       1319          0          0       2379   nrf_strerror.o
       234         34         14         12          0      39980   nrfx_clock.o
       644         34         23          0        108      19015   nrfx_gpiote.o
       188         18          0         16          0      11608   nrfx_power.o
        14          0          0          0          0        573   nrfx_power_clock.o
         0          0         12          0          0        332   nrfx_ppi.o
        94         16         12          8          0       3309   nrfx_prs.o
       892         66         20          0         48      17246   nrfx_saadc.o
       142         30         14          0         36      10831   nrfx_timer.o
      1508         44         36          0         60      24780   nrfx_twi.o
      1406         42         17          0         44      29837   nrfx_uart.o
      1244         44         18          0         36      22771   nrfx_uarte.o
       782         18       2072          0          0       7500   oled.o
       676         48        217         12          0      12063   peer_data_storage.o
      1298        206        425          8        384      17590   peer_database.o
       302         34          0          0         64       7428   peer_id.o
       666         40        101         16         12      10436   peer_manager.o
         0          0         29          0          0       6344   peer_manager_handler.o
       198          0          0          0          0       4030   pm_buffer.o
       316         94         81          1          0      36952   protocol.o
        14          0          0          4          0       2598   retarget.o
      1790        244        743          5         64      23488   security_dispatcher.o
       822         92        407         21          0      44195   security_manager.o
       378         34          0          0       1160       8189   segger_rtt.o
       476         60          0          4          0       2111   system_nrf52840.o
       352         94          0         28       1040       6960   uartcmd.o
         0          0          0          0          0        524   utf.o

    ----------------------------------------------------------------------
     38272       4740       8856        468      15808    1305506   Object Totals
         0          0         32          0          0          0   (incl. Generated)
        84          4        105         13          0          0   (incl. Padding)

    ----------------------------------------------------------------------

      Code (inc. data)   RO Data    RW Data    ZI Data      Debug   Library Member Name

        56         12          0          0          0        132   atof.o
        86          0          0          0          0          0   __dczerorl2.o
        64          0          0          0          0         84   _sgetc.o
         8          4        133          0          0         68   ctype_o.o
         0          0          0          0          0          0   entry.o
         0          0          0          0          0          0   entry10a.o
         0          0          0          0          0          0   entry11a.o
         8          4          0          0          0          0   entry2.o
         4          0          0          0          0          0   entry5.o
         0          0          0          0          0          0   entry7b.o
         0          0          0          0          0          0   entry8b.o
         8          4          0          0          0          0   entry9a.o
        24         12          0          4          0        136   errno.o
        30          0          0          0          0          0   handlers.o
        36          8          0          0          0         68   init.o
        18          0          0          0          0         76   isspace_o.o
         0          0          0          0          0          0   iusefp.o
        30          0          0          0          0         68   llshl.o
        36          0          0          0          0         68   llsshr.o
        32          0          0          0          0         68   llushr.o
        26          0          0          0          0         80   memcmp.o
        36          0          0          0          0         68   memcpya.o
        36          0          0          0          0        108   memseta.o
      2308         96          0          0          0        604   printfa.o
       878         12          0          0          0        216   scanf_fp.o
        28          0          0          0          0         76   strcmp.o
        18          0          0          0          0         68   strcpy.o
        14          0          0          0          0         68   strlen.o
       156         12          0          0          0        120   strtod.o
        44          0          0          0          0         80   uidiv.o
        98          0          0          0          0         92   uldiv.o
        48          0          0          0          0         68   cdrcmple.o
        56          0          0          0          0         88   d2f.o
       334          0          0          0          0        148   dadd.o
       222          0          0          0          0        100   ddiv.o
       186          0          0          0          0        176   depilogue.o
        48          0          0          0          0         68   dfixul.o
        34          0          0          0          0         76   dflti.o
        24          0          0          0          0         76   dfltul.o
       228          0          0          0          0         96   dmul.o
        38          0          0          0          0         68   f2d.o
       110          0          0          0          0        168   fepilogue.o

    ----------------------------------------------------------------------
      5424        168        136          4          0       3480   Library Totals
        14          4          3          0          0          0   (incl. Padding)

    ----------------------------------------------------------------------

      Code (inc. data)   RO Data    RW Data    ZI Data      Debug   Library Name

        56         12          0          0          0        132   m_wm.l
      4026        152        133          4          0       2216   mc_w.l
      1328          0          0          0          0       1132   mf_w.l

    ----------------------------------------------------------------------
      5424        168        136          4          0       3480   Library Totals

    ----------------------------------------------------------------------

==============================================================================


      Code (inc. data)   RO Data    RW Data    ZI Data      Debug   

     43696       4908       8992        472      15808    1254102   Grand Totals
     43696       4908       8992         96      15808    1254102   ELF Image Totals (compressed)
     43696       4908       8992         96          0          0   ROM Totals

==============================================================================

    Total RO  Size (Code + RO Data)                52688 (  51.45kB)
    Total RW  Size (RW Data + ZI Data)             16280 (  15.90kB)
    Total ROM Size (Code + RO Data + RW Data)      52784 (  51.55kB)

==============================================================================

