Component: ARM Compiler 5.06 update 5 (build 528) Tool: armlink [4d35e2]

==============================================================================

Section Cross References

    main.o(i.main) refers to nrf_log_frontend.o(i.nrf_log_init) for nrf_log_init
    main.o(i.main) refers to app_error.o(i.app_error_handler_bare) for app_error_handler_bare
    main.o(i.main) refers to nrf_log_default_backends.o(i.nrf_log_default_backends_init) for nrf_log_default_backends_init
    main.o(i.main) refers to board.o(i.BoardInit) for BoardInit
    main.o(i.main) refers to noretval__2printf.o(.text) for __2printf
    main.o(i.main) refers to board.o(i.BoardMeasureSend) for BoardMeasureSend
    main.o(i.main) refers to nrf_log_frontend.o(i.nrf_log_frontend_dequeue) for nrf_log_frontend_dequeue
    main.o(i.main) refers to nrf_pwr_mgmt.o(i.nrf_pwr_mgmt_run) for nrf_pwr_mgmt_run
    board.o(i.ADC2Float) refers to adc.o(i.SignalAdcReadChannel) for SignalAdcReadChannel
    board.o(i.ADC2Float) refers to dflt_clz.o(x$fpl$dflt) for __aeabi_i2d
    board.o(i.ADC2Float) refers to dmul.o(x$fpl$dmul) for __aeabi_dmul
    board.o(i.ADC2Float) refers to d2f.o(x$fpl$d2f) for __aeabi_d2f
    board.o(i.BoardCleanBufferMeasure) refers to board.o(.bss) for .bss
    board.o(i.BoardCopyrghtPrint) refers to nrf_log_frontend.o(i.nrf_log_frontend_std_0) for nrf_log_frontend_std_0
    board.o(i.BoardCopyrghtPrint) refers to nrf_log_frontend.o(log_const_data) for m_nrf_log_app_logs_data_const
    board.o(i.BoardInit) refers to nrf_log_frontend.o(i.nrf_log_frontend_std_0) for nrf_log_frontend_std_0
    board.o(i.BoardInit) refers to board.o(i.BoardCopyrghtPrint) for BoardCopyrghtPrint
    board.o(i.BoardInit) refers to iic.o(i.I2C_INIT) for I2C_INIT
    board.o(i.BoardInit) refers to oled.o(i.OLED_Init) for OLED_Init
    board.o(i.BoardInit) refers to chiptemp.o(i.InitChipTemp) for InitChipTemp
    board.o(i.BoardInit) refers to adc.o(i.SignalAdcInit) for SignalAdcInit
    board.o(i.BoardInit) refers to uart.o(i.ComUartBegin) for ComUartBegin
    board.o(i.BoardInit) refers to app_timer.o(i.app_timer_init) for app_timer_init
    board.o(i.BoardInit) refers to app_error.o(i.app_error_handler_bare) for app_error_handler_bare
    board.o(i.BoardInit) refers to board.o(i.BoardTimerReg) for BoardTimerReg
    board.o(i.BoardInit) refers to board.o(i.BoardTimerStart) for BoardTimerStart
    board.o(i.BoardInit) refers to nrf_log_frontend.o(log_const_data) for m_nrf_log_app_logs_data_const
    board.o(i.BoardMeasureCPUtemp) refers to _printf_percent.o(.ARM.Collect$$_printf_percent$$00000000) for _printf_percent
    board.o(i.BoardMeasureCPUtemp) refers to _printf_d.o(.ARM.Collect$$_printf_percent$$00000009) for _printf_d
    board.o(i.BoardMeasureCPUtemp) refers to _printf_dec.o(.text) for _printf_int_dec
    board.o(i.BoardMeasureCPUtemp) refers to noretval__2printf.o(.text) for __2printf
    board.o(i.BoardMeasureSend) refers to board.o(i.BoardMeasureUpdate) for BoardMeasureUpdate
    board.o(i.BoardMeasureSend) refers to gui.o(i.GUISetMeasure) for GUISetMeasure
    board.o(i.BoardMeasureSend) refers to board.o(.bss) for .bss
    board.o(i.BoardMeasureSignal) refers to adc.o(i.SignalAdcLoadBuffer) for SignalAdcLoadBuffer
    board.o(i.BoardMeasureSignal) refers to board.o(i.ADC2Float) for ADC2Float
    board.o(i.BoardMeasureSignal) refers to f2d.o(x$fpl$f2d) for __aeabi_f2d
    board.o(i.BoardMeasureSignal) refers to ddiv.o(x$fpl$ddiv) for __aeabi_ddiv
    board.o(i.BoardMeasureSignal) refers to d2f.o(x$fpl$d2f) for __aeabi_d2f
    board.o(i.BoardMeasureSignal) refers to board.o(.bss) for .bss
    board.o(i.BoardMeasureUpdate) refers to board.o(i.BoardMeasureSignal) for BoardMeasureSignal
    board.o(i.BoardMeasureUpdate) refers to board.o(i.BoardMeasureCPUtemp) for BoardMeasureCPUtemp
    board.o(i.BoardSelfCheck) refers to board.o(i.SelfCheckUART) for SelfCheckUART
    board.o(i.BoardSelfCheck) refers to board.o(i.nrf_delay_ms) for nrf_delay_ms
    board.o(i.BoardSelfCheck) refers to board.o(i.SelfCheckDebug) for SelfCheckDebug
    board.o(i.BoardSelfCheck) refers to oled.o(i.OLED_CLS) for OLED_CLS
    board.o(i.BoardSelfCheck) refers to board.o(i.SelfCheckOled) for SelfCheckOled
    board.o(i.BoardSelfCheck) refers to board.o(i.SelfCheckLED) for SelfCheckLED
    board.o(i.BoardSelfCheck) refers to board.o(i.SelfCheckBuzzer) for SelfCheckBuzzer
    board.o(i.BoardSelfCheck) refers to board.o(i.SelfCheckInfo) for SelfCheckInfo
    board.o(i.BoardTimerReg) refers to app_timer.o(i.app_timer_create) for app_timer_create
    board.o(i.BoardTimerReg) refers to board.o(i.SystemUpdate) for SystemUpdate
    board.o(i.BoardTimerReg) refers to board.o(.constdata) for .constdata
    board.o(i.BoardTimerStart) refers to app_timer.o(i.app_timer_start) for app_timer_start
    board.o(i.BoardTimerStart) refers to noretval__2printf.o(.text) for __2printf
    board.o(i.BoardTimerStart) refers to board.o(.constdata) for .constdata
[...]
    0x0002759a   0x0002759a   0x000000dc   Code   RO        10592    CL$$btod_e2e        c_w.l(btod.o)
    0x00027676   0x00027676   0x0000002a   Code   RO        10589    CL$$btod_ediv       c_w.l(btod.o)
    0x000276a0   0x000276a0   0x0000002a   Code   RO        10588    CL$$btod_emul       c_w.l(btod.o)
    0x000276ca   0x000276ca   0x00000244   Code   RO        10594    CL$$btod_mult_common  c_w.l(btod.o)
    0x0002790e   0x0002790e   0x00000002   PAD
    0x00027910   0x00027910   0x0000003c   Code   RO          277    i.ADC2Float         board.o
    0x0002794c   0x0002794c   0x00000120   Code   RO          279    i.BoardCopyrghtPrint  board.o
    0x00027a6c   0x00027a6c   0x00000190   Code   RO          280    i.BoardInit         board.o
    0x00027bfc   0x00027bfc   0x0000001c   Code   RO          281    i.BoardMeasureCPUtemp  board.o
    0x00027c18   0x00027c18   0x0000001c   Code   RO          282    i.BoardMeasureSend  board.o
    0x00027c34   0x00027c34   0x00000054   Code   RO          283    i.BoardMeasureSignal  board.o
    0x00027c88   0x00027c88   0x0000000e   Code   RO          284    i.BoardMeasureUpdate  board.o
    0x00027c96   0x00027c96   0x00000002   PAD
    0x00027c98   0x00027c98   0x00000014   Code   RO          286    i.BoardTimerReg     board.o
    0x00027cac   0x00027cac   0x0000002c   Code   RO          287    i.BoardTimerStart   board.o
    0x00027cd8   0x00027cd8   0x00000040   Code   RO         9991    i.ComUartBegin      uart.o
    0x00027d18   0x00027d18   0x000001b4   Code   RO         3646    i.GPIOTE_IRQHandler  nrfx_gpiote.o
    0x00027ecc   0x00027ecc   0x00000194   Code   RO          604    i.GUISetMeasure     gui.o
    0x00028060   0x00028060   0x0000002c   Code   RO        10178    i.I2C_INIT          iic.o
    0x0002808c   0x0002808c   0x0000000e   Code   RO        10182    i.IIC_Write_1Byte   iic.o
    0x0002809a   0x0002809a   0x00000002   PAD
    0x0002809c   0x0002809c   0x0000000c   Code   RO        10293    i.InitChipTemp      chiptemp.o
    0x000280a8   0x000280a8   0x00000016   Code   RO         6355    i.NVIC_ClearPendingIRQ  app_timer.o
    0x000280be   0x000280be   0x00000016   Code   RO         6356    i.NVIC_EnableIRQ    app_timer.o
    0x000280d4   0x000280d4   0x00000016   Code   RO         6357    i.NVIC_SetPendingIRQ  app_timer.o
    0x000280ea   0x000280ea   0x00000020   Code   RO         6358    i.NVIC_SetPriority  app_timer.o
    0x0002810a   0x0002810a   0x00000002   PAD
    0x0002810c   0x0002810c   0x00000038   Code   RO        10063    i.OLED_Fill         oled.o
    0x00028144   0x00028144   0x000000b4   Code   RO        10064    i.OLED_Init         oled.o
    0x000281f8   0x000281f8   0x00000026   Code   RO        10067    i.OLED_SetPos       oled.o
    0x0002821e   0x0002821e   0x00000002   PAD
    0x00028220   0x00028220   0x00000038   Code   RO        10069    i.OLED_ShowFloat    oled.o
    0x00028258   0x00028258   0x000000c2   Code   RO        10070    i.OLED_ShowNum      oled.o
    0x0002831a   0x0002831a   0x00000002   PAD
    0x0002831c   0x0002831c   0x000000d8   Code   RO        10071    i.OLED_ShowString   oled.o
    0x000283f4   0x000283f4   0x0000000e   Code   RO         3935    i.POWER_CLOCK_IRQHandler  nrfx_power_clock.o
    0x00028402   0x00028402   0x00000002   PAD
    0x00028404   0x00028404   0x00000024   Code   RO         6359    i.RTC1_IRQHandler   app_timer.o
    0x00028428   0x00028428   0x00000148   Code   RO         4394    i.SAADC_IRQHandler  nrfx_saadc.o
    0x00028570   0x00028570   0x00000004   Code   RO         9317    i.SEGGER_RTT_Init   segger_rtt.o
    0x00028574   0x00028574   0x0000005c   Code   RO         9331    i.SEGGER_RTT_WriteNoLock  segger_rtt.o
    0x000285d0   0x000285d0   0x00000010   Code   RO         5868    i.SPIM1_SPIS1_TWIM1_TWIS1_SPI1_TWI1_IRQHandler  nrfx_twi.o
    0x000285e0   0x000285e0   0x00000004   Code   RO         6360    i.SWI0_EGU0_IRQHandler  app_timer.o
    0x000285e4   0x000285e4   0x00000004   Code   RO         9568    i.SWI2_EGU2_IRQHandler  nrf_sdh.o
    0x000285e8   0x000285e8   0x000000e0   Code   RO         9778    i.SignalAdcInit     adc.o
    0x000286c8   0x000286c8   0x00000020   Code   RO         9779    i.SignalAdcLoadBuffer  adc.o
    0x000286e8   0x000286e8   0x0000000c   Code   RO         9780    i.SignalAdcReadChannel  adc.o
    0x000286f4   0x000286f4   0x000001dc   Code   RO        10376    i.SystemInit        system_nrf52840.o
    0x000288d0   0x000288d0   0x00000004   Code   RO          296    i.SystemUpdate      board.o
    0x000288d4   0x000288d4   0x00000014   Code   RO         5684    i.TIMER0_IRQHandler  nrfx_timer.o
    0x000288e8   0x000288e8   0x00000014   Code   RO         5685    i.TIMER1_IRQHandler  nrfx_timer.o
    0x000288fc   0x000288fc   0x00000014   Code   RO         5686    i.TIMER2_IRQHandler  nrfx_timer.o
    0x00028910   0x00028910   0x0000000c   Code   RO         3974    i.UARTE0_UART0_IRQHandler  nrfx_prs.o
    0x0002891c   0x0002891c   0x00000168   Code   RO         4546    i.USBD_IRQHandler   nrf_drv_usbd.o
    0x00028a84   0x00028a84   0x0000000a   Code   RO        10072    i.WriteCmd          oled.o
    0x00028a8e   0x00028a8e   0x0000000a   Code   RO        10073    i.WriteDat          oled.o
    0x00028a98   0x00028a98   0x00000068   Code   RO         9335    i._DoInit           segger_rtt.o
    0x00028b00   0x00028b00   0x00000016   Code   RO         9336    i._GetAvailWriteSpace  segger_rtt.o
    0x00028b16   0x00028b16   0x0000005a   Code   RO         9338    i._WriteBlocking    segger_rtt.o
    0x00028b70   0x00028b70   0x00000042   Code   RO         9339    i._WriteNoCheck     segger_rtt.o
    0x00028bb2   0x00028bb2   0x00000030   Code   RO        10663    i.__ARM_fpclassify  m_wm.l(fpclassify.o)
    0x00028be2   0x00028be2   0x00000002   PAD
    0x00028be4   0x00028be4   0x00000024   Code   RO         9569    i.__sd_nvic_app_accessible_irq  nrf_sdh.o
    0x00028c08   0x00028c08   0x0000000e   Code   RO        10467    i._is_digit         c_w.l(__printf_wp.o)
    0x00028c16   0x00028c16   0x00000026   Code   RO         1756    i.addr_compare      id_manager.o
    0x00028c3c   0x00028c3c   0x0000000c   Code   RO         7382    i.addr_is_aligned32  nrf_fstorage.o
    0x00028c48   0x00028c48   0x00000018   Code   RO         7383    i.addr_is_within_bounds  nrf_fstorage.o
    0x00028c60   0x00028c60   0x00000036   Code   RO          884    i.advertising_buttons_configure  bsp_btn_ble.o
    0x00028c96   0x00028c96   0x00000052   Code   RO         1757    i.ah                id_manager.o
    0x00028ce8   0x00028ce8   0x0000000c   Code   RO         2864    i.allow_repairing   security_dispatcher.o
    0x00028cf4   0x00028cf4   0x00000084   Code   RO         6261    i.app_error_fault_handler  app_error_weak.o
    0x00028d78   0x00028d78   0x00000016   Code   RO         6201    i.app_error_handler_bare  app_error.o
    0x00028d8e   0x00028d8e   0x00000016   Code   RO         8017    i.app_fifo_get      app_fifo_1.o
    0x00028da4   0x00028da4   0x00000020   Code   RO         8018    i.app_fifo_init     app_fifo_1.o
    0x00028dc4   0x00028dc4   0x0000001a   Code   RO         8020    i.app_fifo_put      app_fifo_1.o
    0x00028dde   0x00028dde   0x00000002   PAD
    0x00028de0   0x00028de0   0x00000024   Code   RO         6363    i.app_timer_create  app_timer.o
    0x00028e04   0x00028e04   0x00000054   Code   RO         6364    i.app_timer_init    app_timer.o
    0x00028e58   0x00028e58   0x00000088   Code   RO         6367    i.app_timer_start   app_timer.o
    0x00028ee0   0x00028ee0   0x00000020   Code   RO         6368    i.app_timer_stop    app_timer.o
    0x00028f00   0x00028f00   0x00000034   Code   RO         7932    i.app_uart_get      app_uart_fifo.o
    0x00028f34   0x00028f34   0x000000a4   Code   RO         7933    i.app_uart_init     app_uart_fifo.o
    0x00028fd8   0x00028fd8   0x00000054   Code   RO         7934    i.app_uart_put      app_uart_fifo.o
    0x0002902c   0x0002902c   0x00000048   Code   RO         6518    i.app_util_critical_region_enter  app_util_platform.o
    0x00029074   0x00029074   0x00000034   Code   RO         6519    i.app_util_critical_region_exit  app_util_platform.o
    0x000290a8   0x000290a8   0x00000076   Code   RO         4028    i.apply_config      nrfx_uart.o
    0x0002911e   0x0002911e   0x00000076   Code   RO         4229    i.apply_config      nrfx_uarte.o
    0x00029194   0x00029194   0x00000004   Code   RO         1512    i.apply_pending_handle  gatt_cache_manager.o
    0x00029198   0x00029198   0x00000180   Code   RO         2865    i.auth_status_success_process  security_dispatcher.o
    0x00029318   0x00029318   0x00000010   Code   RO         4548    i.bit2ep            nrf_drv_usbd.o
    0x00029328   0x00029328   0x00000020   Code   RO         1294    i.ble_conn_state_encrypted  ble_conn_state.o
    0x00029348   0x00029348   0x0000002c   Code   RO         1296    i.ble_conn_state_for_each_set_user_flag  ble_conn_state.o
    0x00029374   0x00029374   0x00000024   Code   RO         1301    i.ble_conn_state_role  ble_conn_state.o
    0x00029398   0x00029398   0x00000030   Code   RO         1304    i.ble_conn_state_user_flag_get  ble_conn_state.o
    0x000293c8   0x000293c8   0x00000040   Code   RO         1305    i.ble_conn_state_user_flag_set  ble_conn_state.o
    0x00029408   0x00029408   0x00000014   Code   RO         1306    i.ble_conn_state_valid  ble_conn_state.o
    0x0002941c   0x0002941c   0x00000070   Code   RO          885    i.ble_evt_handler   bsp_btn_ble.o
    0x0002948c   0x0002948c   0x000000fc   Code   RO         1214    i.ble_evt_handler   ble_conn_params.o
    0x00029588   0x00029588   0x00000104   Code   RO         1307    i.ble_evt_handler   ble_conn_state.o
    0x0002968c   0x0002968c   0x00000028   Code   RO         2429    i.ble_evt_handler   peer_manager.o
    0x000296b4   0x000296b4   0x00000008   Code   RO         1452    i.ble_srv_is_notification_enabled  ble_srv_common.o
    0x000296bc   0x000296bc   0x00000044   Code   RO          769    i.bsp_event_to_button_action_assign  bsp.o
    0x00029700   0x00029700   0x00000090   Code   RO         9072    i.buf_prealloc      nrf_log_frontend.o
    0x00029790   0x00029790   0x0000001e   Code   RO         7342    i.buffer_add        nrf_fprintf_format.o
    0x000297ae   0x000297ae   0x00000002   PAD
    0x000297b0   0x000297b0   0x00000014   Code   RO         9073    i.buffer_is_empty   nrf_log_frontend.o
    0x000297c4   0x000297c4   0x00000028   Code   RO         1513    i.car_update_needed  gatt_cache_manager.o
    0x000297ec   0x000297ec   0x00000028   Code   RO         1514    i.car_update_pending_handle  gatt_cache_manager.o
    0x00029814   0x00029814   0x00000010   Code   RO         3649    i.channel_port_get  nrfx_gpiote.o
    0x00029824   0x00029824   0x0000003e   Code   RO         2339    i.claim             peer_id.o
    0x00029862   0x00029862   0x00000002   PAD
    0x00029864   0x00029864   0x00000028   Code   RO         3313    i.clock_clk_started_notify  nrf_drv_clock.o
    0x0002988c   0x0002988c   0x0000001c   Code   RO         3314    i.clock_irq_handler  nrf_drv_clock.o
    0x000298a8   0x000298a8   0x000000ac   Code   RO         6370    i.compare_reg_update  app_timer.o
    0x00029954   0x00029954   0x0000003e   Code   RO         1308    i.conn_handle_list_get  ble_conn_state.o
    0x00029992   0x00029992   0x00000002   PAD
    0x00029994   0x00029994   0x00000048   Code   RO         1215    i.conn_params_negotiation  ble_conn_params.o
    0x000299dc   0x000299dc   0x00000044   Code   RO         2866    i.conn_sec_failure  security_dispatcher.o
    0x00029a20   0x00029a20   0x00000030   Code   RO         1515    i.db_update_pending_handle  gatt_cache_manager.o
    0x00029a50   0x00029a50   0x00000080   Code   RO         6604    i.delete_execute    fds.o
    0x00029ad0   0x00029ad0   0x00000014   Code   RO         9074    i.dropped_sat16_get  nrf_log_frontend.o
    0x00029ae4   0x00029ae4   0x00000040   Code   RO         6371    i.elapsed_ticks_acquire  app_timer.o
    0x00029b24   0x00029b24   0x0000000a   Code   RO         2867    i.encryption_failure  security_dispatcher.o
    0x00029b2e   0x00029b2e   0x0000000c   Code   RO         4549    i.ep2bit            nrf_drv_usbd.o
    0x00029b3a   0x00029b3a   0x00000002   PAD
    0x00029b3c   0x00029b3c   0x00000018   Code   RO         4550    i.ep_state_access   nrf_drv_usbd.o
    0x00029b54   0x00029b54   0x00000034   Code   RO         4551    i.ev_dma_epin0_handler  nrf_drv_usbd.o
    0x00029b88   0x00029b88   0x00000006   Code   RO         4552    i.ev_dma_epin1_handler  nrf_drv_usbd.o
    0x00029b8e   0x00029b8e   0x00000006   Code   RO         4553    i.ev_dma_epin2_handler  nrf_drv_usbd.o
    0x00029b94   0x00029b94   0x00000006   Code   RO         4554    i.ev_dma_epin3_handler  nrf_drv_usbd.o
    0x00029b9a   0x00029b9a   0x00000006   Code   RO         4555    i.ev_dma_epin4_handler  nrf_drv_usbd.o
    0x00029ba0   0x00029ba0   0x00000006   Code   RO         4556    i.ev_dma_epin5_handler  nrf_drv_usbd.o
    0x00029ba6   0x00029ba6   0x00000006   Code   RO         4557    i.ev_dma_epin6_handler  nrf_drv_usbd.o
    0x00029bac   0x00029bac   0x00000006   Code   RO         4558    i.ev_dma_epin7_handler  nrf_drv_usbd.o
    0x00029bb2   0x00029bb2   0x00000002   PAD
    0x00029bb4   0x00029bb4   0x00000060   Code   RO         4559    i.ev_dma_epin8_handler  nrf_drv_usbd.o
    0x00029c14   0x00029c14   0x00000060   Code   RO         4560    i.ev_dma_epout0_handler  nrf_drv_usbd.o
    0x00029c74   0x00029c74   0x00000006   Code   RO         4561    i.ev_dma_epout1_handler  nrf_drv_usbd.o
    0x00029c7a   0x00029c7a   0x00000006   Code   RO         4562    i.ev_dma_epout2_handler  nrf_drv_usbd.o
    0x00029c80   0x00029c80   0x00000006   Code   RO         4563    i.ev_dma_epout3_handler  nrf_drv_usbd.o
    0x00029c86   0x00029c86   0x00000006   Code   RO         4564    i.ev_dma_epout4_handler  nrf_drv_usbd.o
    0x00029c8c   0x00029c8c   0x00000006   Code   RO         4565    i.ev_dma_epout5_handler  nrf_drv_usbd.o
    0x00029c92   0x00029c92   0x00000006   Code   RO         4566    i.ev_dma_epout6_handler  nrf_drv_usbd.o
    0x00029c98   0x00029c98   0x00000006   Code   RO         4567    i.ev_dma_epout7_handler  nrf_drv_usbd.o
    0x00029c9e   0x00029c9e   0x00000002   PAD
    0x00029ca0   0x00029ca0   0x0000004c   Code   RO         4568    i.ev_dma_epout8_handler  nrf_drv_usbd.o
    0x00029cec   0x00029cec   0x00000058   Code   RO         4569    i.ev_epdata_handler  nrf_drv_usbd.o
    0x00029d44   0x00029d44   0x0000001c   Code   RO         4570    i.ev_setup_data_handler  nrf_drv_usbd.o
    0x00029d60   0x00029d60   0x00000078   Code   RO         4571    i.ev_setup_handler  nrf_drv_usbd.o
    0x00029dd8   0x00029dd8   0x0000004c   Code   RO         4572    i.ev_sof_handler    nrf_drv_usbd.o
    0x00029e24   0x00029e24   0x00000002   Code   RO         4573    i.ev_started_handler  nrf_drv_usbd.o
    0x00029e26   0x00029e26   0x00000002   PAD
    0x00029e28   0x00029e28   0x00000074   Code   RO         4574    i.ev_usbevent_handler  nrf_drv_usbd.o
    0x00029e9c   0x00029e9c   0x00000020   Code   RO         4575    i.ev_usbreset_handler  nrf_drv_usbd.o
    0x00029ebc   0x00029ebc   0x00000074   Code   RO         6605    i.event_prepare     fds.o
    0x00029f30   0x00029f30   0x00000020   Code   RO         6606    i.event_send        fds.o
    0x00029f50   0x00029f50   0x00000054   Code   RO         7470    i.event_send        nrf_fstorage_sd.o
    0x00029fa4   0x00029fa4   0x000000ac   Code   RO         3005    i.events_send_from_err_code  security_manager.o
    0x0002a050   0x0002a050   0x0000001c   Code   RO         1516    i.evt_send          gatt_cache_manager.o
    0x0002a06c   0x0002a06c   0x0000002c   Code   RO         2430    i.evt_send          peer_manager.o
    0x0002a098   0x0002a098   0x0000001c   Code   RO         2868    i.evt_send          security_dispatcher.o
    0x0002a0b4   0x0002a0b4   0x0000000c   Code   RO         3006    i.evt_send          security_manager.o
    0x0002a0c0   0x0002a0c0   0x00000044   Code   RO         6608    i.fds_file_delete   fds.o
    0x0002a104   0x0002a104   0x00000040   Code   RO         6611    i.fds_record_close  fds.o
    0x0002a144   0x0002a144   0x0000000e   Code   RO         6613    i.fds_record_find   fds.o
    0x0002a152   0x0002a152   0x00000010   Code   RO         6614    i.fds_record_find_by_key  fds.o
    0x0002a162   0x0002a162   0x00000010   Code   RO         6615    i.fds_record_find_in_file  fds.o
    0x0002a172   0x0002a172   0x00000010   Code   RO         6616    i.fds_record_id_from_desc  fds.o
    0x0002a182   0x0002a182   0x00000002   PAD
    0x0002a184   0x0002a184   0x00000048   Code   RO         6618    i.fds_record_open   fds.o
    0x0002a1cc   0x0002a1cc   0x0000000e   Code   RO         6619    i.fds_record_update  fds.o
    0x0002a1da   0x0002a1da   0x00000008   Code   RO         6620    i.fds_record_write  fds.o
    0x0002a1e2   0x0002a1e2   0x00000014   Code   RO         8023    i.fifo_get          app_fifo_1.o
    0x0002a1f6   0x0002a1f6   0x00000012   Code   RO         8024    i.fifo_put          app_fifo_1.o
    0x0002a208   0x0002a208   0x00000030   Code   RO         3008    i.flags_set_from_err_code  security_manager.o
    0x0002a238   0x0002a238   0x00000030   Code   RO         1309    i.for_each_set_flag  ble_conn_state.o
    0x0002a268   0x0002a268   0x0000000e   Code   RO         7893    i.fputc             retarget.o
    0x0002a276   0x0002a276   0x00000006   Code   RO         6626    i.fs_event_handler  fds.o
    0x0002a27c   0x0002a27c   0x00000074   Code   RO         6627    i.gc_execute        fds.o
    0x0002a2f0   0x0002a2f0   0x0000004c   Code   RO         6628    i.gc_next_page      fds.o
    0x0002a33c   0x0002a33c   0x00000040   Code   RO         6629    i.gc_page_erase     fds.o
    0x0002a37c   0x0002a37c   0x00000034   Code   RO         6630    i.gc_record_copy    fds.o
    0x0002a3b0   0x0002a3b0   0x00000024   Code   RO         6631    i.gc_record_find_next  fds.o
    0x0002a3d4   0x0002a3d4   0x00000088   Code   RO         6632    i.gc_state_advance  fds.o
    0x0002a45c   0x0002a45c   0x000001b8   Code   RO         1517    i.gcm_ble_evt_handler  gatt_cache_manager.o
    0x0002a614   0x0002a614   0x0000003c   Code   RO         1518    i.gcm_im_evt_handler  gatt_cache_manager.o
    0x0002a650   0x0002a650   0x00000088   Code   RO         1522    i.gcm_pdb_evt_handler  gatt_cache_manager.o
    0x0002a6d8   0x0002a6d8   0x0000001c   Code   RO         1672    i.gscm_db_change_notification_done  gatts_cache_manager.o
    0x0002a6f4   0x0002a6f4   0x00000090   Code   RO         1675    i.gscm_local_db_cache_apply  gatts_cache_manager.o
    0x0002a784   0x0002a784   0x000000ac   Code   RO         1676    i.gscm_local_db_cache_update  gatts_cache_manager.o
    0x0002a830   0x0002a830   0x00000018   Code   RO         1677    i.gscm_pdb_evt_handler  gatts_cache_manager.o
    0x0002a848   0x0002a848   0x0000001e   Code   RO         1678    i.gscm_service_changed_ind_needed  gatts_cache_manager.o
    0x0002a866   0x0002a866   0x00000002   PAD
    0x0002a868   0x0002a868   0x0000005c   Code   RO         1679    i.gscm_service_changed_ind_send  gatts_cache_manager.o
    0x0002a8c4   0x0002a8c4   0x00000026   Code   RO         6633    i.header_check      fds.o
    0x0002a8ea   0x0002a8ea   0x00000012   Code   RO         6634    i.header_has_next   fds.o
    0x0002a8fc   0x0002a8fc   0x00000046   Code   RO         1758    i.im_address_resolve  id_manager.o
    0x0002a942   0x0002a942   0x00000002   PAD
    0x0002a944   0x0002a944   0x00000038   Code   RO         1759    i.im_ble_addr_get   id_manager.o
    0x0002a97c   0x0002a97c   0x000000dc   Code   RO         1760    i.im_ble_evt_handler  id_manager.o
    0x0002aa58   0x0002aa58   0x00000040   Code   RO         1761    i.im_conn_handle_get  id_manager.o
    0x0002aa98   0x0002aa98   0x00000038   Code   RO         1763    i.im_find_duplicate_bonding_data  id_manager.o
    0x0002aad0   0x0002aad0   0x00000072   Code   RO         1766    i.im_is_duplicate_bonding_data  id_manager.o
    0x0002ab42   0x0002ab42   0x00000018   Code   RO         1767    i.im_master_id_is_valid  id_manager.o
    0x0002ab5a   0x0002ab5a   0x0000002a   Code   RO         1768    i.im_master_ids_compare  id_manager.o
    0x0002ab84   0x0002ab84   0x00000014   Code   RO         1769    i.im_new_peer_id    id_manager.o
    0x0002ab98   0x0002ab98   0x0000002c   Code   RO         1770    i.im_peer_free      id_manager.o
    0x0002abc4   0x0002abc4   0x00000024   Code   RO         1771    i.im_peer_id_get_by_conn_handle  id_manager.o
    0x0002abe8   0x0002abe8   0x0000003c   Code   RO         1772    i.im_peer_id_get_by_master_id  id_manager.o
    0x0002ac24   0x0002ac24   0x000000c8   Code   RO         6635    i.init_execute      fds.o
    0x0002acec   0x0002acec   0x00000014   Code   RO         1216    i.instance_get      ble_conn_params.o
    0x0002ad00   0x0002ad00   0x000000a6   Code   RO         7343    i.int_print         nrf_fprintf_format.o
    0x0002ada6   0x0002ada6   0x00000002   PAD
    0x0002ada8   0x0002ada8   0x00000080   Code   RO         4230    i.interrupts_enable  nrfx_uarte.o
    0x0002ae28   0x0002ae28   0x00000034   Code   RO         9075    i.invalid_packets_omit  nrf_log_frontend.o
    0x0002ae5c   0x0002ae5c   0x00000046   Code   RO         5687    i.irq_handler       nrfx_timer.o
    0x0002aea2   0x0002aea2   0x00000044   Code   RO         1217    i.is_conn_params_ok  ble_conn_params.o
    0x0002aee6   0x0002aee6   0x00000014   Code   RO         1777    i.is_valid_irk      id_manager.o
    0x0002aefa   0x0002aefa   0x0000000c   Code   RO         6636    i.is_word_aligned   fds.o
    0x0002af06   0x0002af06   0x00000002   PAD
    0x0002af08   0x0002af08   0x000000d0   Code   RO         3009    i.link_secure       security_manager.o
    0x0002afd8   0x0002afd8   0x0000003c   Code   RO         2870    i.link_secure_failure  security_dispatcher.o
    0x0002b014   0x0002b014   0x0000002c   Code   RO         3010    i.link_secure_pending_handle  security_manager.o
    0x0002b040   0x0002b040   0x000000f8   Code   RO         6372    i.list_insertions_handler  app_timer.o
    0x0002b138   0x0002b138   0x000000a8   Code   RO         1523    i.local_db_apply_in_evt  gatt_cache_manager.o
    0x0002b1e0   0x0002b1e0   0x00000010   Code   RO         1524    i.local_db_update   gatt_cache_manager.o
    0x0002b1f0   0x0002b1f0   0x0000010c   Code   RO         1525    i.local_db_update_in_evt  gatt_cache_manager.o
    0x0002b2fc   0x0002b2fc   0x0000009c   Code   RO         9076    i.log_skip          nrf_log_frontend.o
    0x0002b398   0x0002b398   0x0000003c   Code   RO            4    i.main              main.o
    0x0002b3d4   0x0002b3d4   0x0000007e   Code   RO         7581    i.memobj_op         nrf_memobj.o
    0x0002b452   0x0002b452   0x00000002   PAD
    0x0002b454   0x0002b454   0x00000030   Code   RO         9077    i.module_idx_get    nrf_log_frontend.o
    0x0002b484   0x0002b484   0x00000008   Code   RO         2817    i.mutex_lock_status_get  pm_buffer.o
    0x0002b48c   0x0002b48c   0x00000010   Code   RO        10074    i.mypow             oled.o
    0x0002b49c   0x0002b49c   0x00000014   Code   RO         3011    i.new_context_get   security_manager.o
    0x0002b4b0   0x0002b4b0   0x00000030   Code   RO         2340    i.next_id_get       peer_id.o
    0x0002b4e0   0x0002b4e0   0x00000016   Code   RO         6999    i.nrf_atfifo_item_alloc  nrf_atfifo.o
    0x0002b4f6   0x0002b4f6   0x00000016   Code   RO         7000    i.nrf_atfifo_item_free  nrf_atfifo.o
    0x0002b50c   0x0002b50c   0x00000016   Code   RO         7001    i.nrf_atfifo_item_get  nrf_atfifo.o
    0x0002b522   0x0002b522   0x00000016   Code   RO         7002    i.nrf_atfifo_item_put  nrf_atfifo.o
    0x0002b538   0x0002b538   0x00000016   Code   RO         7064    i.nrf_atflags_clear  nrf_atflags.o
    0x0002b54e   0x0002b54e   0x00000020   Code   RO         7066    i.nrf_atflags_fetch_set  nrf_atflags.o
    0x0002b56e   0x0002b56e   0x0000004a   Code   RO         7068    i.nrf_atflags_find_and_set_flag  nrf_atflags.o
    0x0002b5b8   0x0002b5b8   0x00000016   Code   RO         7069    i.nrf_atflags_get   nrf_atflags.o
    0x0002b5ce   0x0002b5ce   0x00000014   Code   RO         7071    i.nrf_atflags_set   nrf_atflags.o
    0x0002b5e2   0x0002b5e2   0x00000006   Code   RO         7132    i.nrf_atomic_flag_clear_fetch  nrf_atomic.o
    0x0002b5e8   0x0002b5e8   0x00000006   Code   RO         7133    i.nrf_atomic_flag_set  nrf_atomic.o
    0x0002b5ee   0x0002b5ee   0x0000000c   Code   RO         7135    i.nrf_atomic_u32_add  nrf_atomic.o
    0x0002b5fa   0x0002b5fa   0x0000000c   Code   RO         7136    i.nrf_atomic_u32_and  nrf_atomic.o
    0x0002b606   0x0002b606   0x0000000a   Code   RO         7138    i.nrf_atomic_u32_fetch_add  nrf_atomic.o
    0x0002b610   0x0002b610   0x0000000a   Code   RO         7139    i.nrf_atomic_u32_fetch_and  nrf_atomic.o
    0x0002b61a   0x0002b61a   0x0000000a   Code   RO         7140    i.nrf_atomic_u32_fetch_or  nrf_atomic.o
    0x0002b624   0x0002b624   0x0000000a   Code   RO         7141    i.nrf_atomic_u32_fetch_store  nrf_atomic.o
    0x0002b62e   0x0002b62e   0x0000000c   Code   RO         7145    i.nrf_atomic_u32_or  nrf_atomic.o
    0x0002b63a   0x0002b63a   0x0000000c   Code   RO         7147    i.nrf_atomic_u32_sub  nrf_atomic.o
    0x0002b646   0x0002b646   0x00000044   Code   RO         7266    i.nrf_balloc_alloc  nrf_balloc.o
    0x0002b68a   0x0002b68a   0x00000030   Code   RO         7267    i.nrf_balloc_free   nrf_balloc.o
    0x0002b6ba   0x0002b6ba   0x00000030   Code   RO         7268    i.nrf_balloc_init   nrf_balloc.o
    0x0002b6ea   0x0002b6ea   0x00000010   Code   RO         3650    i.nrf_bitmask_bit_is_set  nrfx_gpiote.o
    0x0002b6fa   0x0002b6fa   0x00000014   Code   RO         3651    i.nrf_bitmask_bit_set  nrfx_gpiote.o
    0x0002b70e   0x0002b70e   0x0000000e   Code   RO         3511    i.nrf_clock_event_check  nrfx_clock.o
    0x0002b71c   0x0002b71c   0x00000010   Code   RO         3512    i.nrf_clock_event_clear  nrfx_clock.o
    0x0002b72c   0x0002b72c   0x00000038   Code   RO         3321    i.nrf_drv_clock_init  nrf_drv_clock.o
    0x0002b764   0x0002b764   0x00000030   Code   RO         3325    i.nrf_drv_clock_lfclk_release  nrf_drv_clock.o
    0x0002b794   0x0002b794   0x00000018   Code   RO         5134    i.nrf_drv_power_sd_usbevt_enable  nrf_drv_power.o
    0x0002b7ac   0x0002b7ac   0x00000034   Code   RO         5135    i.nrf_drv_power_sdh_soc_evt_handler  nrf_drv_power.o
    0x0002b7e0   0x0002b7e0   0x00000070   Code   RO         5136    i.nrf_drv_power_sdh_state_evt_handler  nrf_drv_power.o
    0x0002b850   0x0002b850   0x00000040   Code   RO         6064    i.nrf_drv_twi_init  nrf_drv_twi.o
    0x0002b890   0x0002b890   0x0000000e   Code   RO        10186    i.nrf_drv_twi_tx    iic.o
    0x0002b89e   0x0002b89e   0x00000002   PAD
    0x0002b8a0   0x0002b8a0   0x00000068   Code   RO         3459    i.nrf_drv_uart_init  nrf_drv_uart.o
    0x0002b908   0x0002b908   0x00000020   Code   RO         7935    i.nrf_drv_uart_rx   app_uart_fifo.o
    0x0002b928   0x0002b928   0x00000020   Code   RO         7936    i.nrf_drv_uart_tx   app_uart_fifo.o
    0x0002b948   0x0002b948   0x0000001c   Code   RO         4595    i.nrf_drv_usbd_ep_to_endevent  nrf_drv_usbd.o
    0x0002b964   0x0002b964   0x00000028   Code   RO         4598    i.nrf_drv_usbd_epout_size_get  nrf_drv_usbd.o
    0x0002b98c   0x0002b98c   0x00000014   Code   RO         4600    i.nrf_drv_usbd_errata_type_52840  nrf_drv_usbd.o
    0x0002b9a0   0x0002b9a0   0x0000001a   Code   RO         4601    i.nrf_drv_usbd_errata_type_52840_eng_a  nrf_drv_usbd.o
    0x0002b9ba   0x0002b9ba   0x0000002a   Code   RO         4616    i.nrf_drv_usbd_setup_data_clear  nrf_drv_usbd.o
    0x0002b9e4   0x0002b9e4   0x00000084   Code   RO         4624    i.nrf_drv_usbd_transfer_out_drop  nrf_drv_usbd.o
    0x0002ba68   0x0002ba68   0x0000001a   Code   RO         7303    i.nrf_fprintf       nrf_fprintf.o
    0x0002ba82   0x0002ba82   0x00000018   Code   RO         7304    i.nrf_fprintf_buffer_flush  nrf_fprintf.o
    0x0002ba9a   0x0002ba9a   0x000001da   Code   RO         7344    i.nrf_fprintf_fmt   nrf_fprintf_format.o
    0x0002bc74   0x0002bc74   0x00000138   Code   RO         7384    i.nrf_fstorage_erase  nrf_fstorage.o
    0x0002bdac   0x0002bdac   0x00000018   Code   RO         7473    i.nrf_fstorage_sdh_req_handler  nrf_fstorage_sd.o
    0x0002bdc4   0x0002bdc4   0x00000020   Code   RO         7474    i.nrf_fstorage_sdh_state_handler  nrf_fstorage_sd.o
    0x0002bde4   0x0002bde4   0x000000a4   Code   RO         7475    i.nrf_fstorage_sys_evt_handler  nrf_fstorage_sd.o
    0x0002be88   0x0002be88   0x000001dc   Code   RO         7391    i.nrf_fstorage_write  nrf_fstorage.o
    0x0002c064   0x0002c064   0x00000032   Code   RO         4029    i.nrf_gpio_cfg      nrfx_uart.o
    0x0002c096   0x0002c096   0x00000032   Code   RO         4231    i.nrf_gpio_cfg      nrfx_uarte.o
    0x0002c0c8   0x0002c0c8   0x00000034   Code   RO         5869    i.nrf_gpio_cfg      nrfx_twi.o
    0x0002c0fc   0x0002c0fc   0x00000012   Code   RO         4031    i.nrf_gpio_cfg_input  nrfx_uart.o
    0x0002c10e   0x0002c10e   0x00000012   Code   RO         4233    i.nrf_gpio_cfg_input  nrfx_uarte.o
    0x0002c120   0x0002c120   0x00000014   Code   RO         4032    i.nrf_gpio_cfg_output  nrfx_uart.o
    0x0002c134   0x0002c134   0x00000014   Code   RO         4234    i.nrf_gpio_cfg_output  nrfx_uarte.o
    0x0002c148   0x0002c148   0x00000030   Code   RO         3654    i.nrf_gpio_cfg_sense_set  nrfx_gpiote.o
    0x0002c178   0x0002c178   0x00000014   Code   RO         6065    i.nrf_gpio_pin_clear  nrf_drv_twi.o
    0x0002c18c   0x0002c18c   0x0000001c   Code   RO         3656    i.nrf_gpio_pin_port_decode  nrfx_gpiote.o
    0x0002c1a8   0x0002c1a8   0x0000001c   Code   RO         4033    i.nrf_gpio_pin_port_decode  nrfx_uart.o
    0x0002c1c4   0x0002c1c4   0x0000001c   Code   RO         4235    i.nrf_gpio_pin_port_decode  nrfx_uarte.o
    0x0002c1e0   0x0002c1e0   0x0000001c   Code   RO         6066    i.nrf_gpio_pin_port_decode  nrf_drv_twi.o
    0x0002c1fc   0x0002c1fc   0x00000014   Code   RO         4034    i.nrf_gpio_pin_set  nrfx_uart.o
    0x0002c210   0x0002c210   0x00000014   Code   RO         4236    i.nrf_gpio_pin_set  nrfx_uarte.o
    0x0002c224   0x0002c224   0x00000014   Code   RO         6067    i.nrf_gpio_pin_set  nrf_drv_twi.o
    0x0002c238   0x0002c238   0x0000002c   Code   RO         3659    i.nrf_gpio_ports_read  nrfx_gpiote.o
    0x0002c264   0x0002c264   0x00000014   Code   RO         3660    i.nrf_gpiote_event_clear  nrfx_gpiote.o
    0x0002c278   0x0002c278   0x00000010   Code   RO         3661    i.nrf_gpiote_event_is_set  nrfx_gpiote.o
    0x0002c288   0x0002c288   0x0000005c   Code   RO         9078    i.nrf_log_backend_add  nrf_log_frontend.o
    0x0002c2e4   0x0002c2e4   0x00000002   Code   RO         8918    i.nrf_log_backend_rtt_flush  nrf_log_backend_rtt.o
    0x0002c2e6   0x0002c2e6   0x00000004   Code   RO         8919    i.nrf_log_backend_rtt_init  nrf_log_backend_rtt.o
    0x0002c2ea   0x0002c2ea   0x00000002   Code   RO         8920    i.nrf_log_backend_rtt_panic_set  nrf_log_backend_rtt.o
    0x0002c2ec   0x0002c2ec   0x00000018   Code   RO         8921    i.nrf_log_backend_rtt_put  nrf_log_backend_rtt.o
    0x0002c304   0x0002c304   0x000000c8   Code   RO         8984    i.nrf_log_backend_serial_put  nrf_log_backend_serial.o
    0x0002c3cc   0x0002c3cc   0x00000030   Code   RO         9080    i.nrf_log_color_id_get  nrf_log_frontend.o
    0x0002c3fc   0x0002c3fc   0x0000001c   Code   RO         9036    i.nrf_log_default_backends_init  nrf_log_default_backends.o
    0x0002c418   0x0002c418   0x00000234   Code   RO         9081    i.nrf_log_frontend_dequeue  nrf_log_frontend.o
    0x0002c64c   0x0002c64c   0x00000008   Code   RO         9083    i.nrf_log_frontend_std_0  nrf_log_frontend.o
    0x0002c654   0x0002c654   0x0000000e   Code   RO         9084    i.nrf_log_frontend_std_1  nrf_log_frontend.o
    0x0002c662   0x0002c662   0x00000010   Code   RO         9085    i.nrf_log_frontend_std_2  nrf_log_frontend.o
    0x0002c672   0x0002c672   0x00000012   Code   RO         9086    i.nrf_log_frontend_std_3  nrf_log_frontend.o
    0x0002c684   0x0002c684   0x000000ac   Code   RO         9258    i.nrf_log_hexdump_entry_process  nrf_log_str_formatter.o
    0x0002c730   0x0002c730   0x0000003c   Code   RO         9090    i.nrf_log_init      nrf_log_frontend.o
    0x0002c76c   0x0002c76c   0x00000014   Code   RO         9091    i.nrf_log_module_cnt_get  nrf_log_frontend.o
    0x0002c780   0x0002c780   0x0000001c   Code   RO         9094    i.nrf_log_module_name_get  nrf_log_frontend.o
    0x0002c79c   0x0002c79c   0x0000002c   Code   RO         9095    i.nrf_log_panic     nrf_log_frontend.o
    0x0002c7c8   0x0002c7c8   0x000000b6   Code   RO         9259    i.nrf_log_std_entry_process  nrf_log_str_formatter.o
    0x0002c87e   0x0002c87e   0x00000060   Code   RO         7582    i.nrf_memobj_alloc  nrf_memobj.o
    0x0002c8de   0x0002c8de   0x00000032   Code   RO         7583    i.nrf_memobj_free   nrf_memobj.o
    0x0002c910   0x0002c910   0x00000008   Code   RO         7584    i.nrf_memobj_get    nrf_memobj.o
    0x0002c918   0x0002c918   0x00000004   Code   RO         7585    i.nrf_memobj_pool_init  nrf_memobj.o
    0x0002c91c   0x0002c91c   0x0000001e   Code   RO         7586    i.nrf_memobj_put    nrf_memobj.o
    0x0002c93a   0x0002c93a   0x00000010   Code   RO         7587    i.nrf_memobj_read   nrf_memobj.o
    0x0002c94a   0x0002c94a   0x00000010   Code   RO         7588    i.nrf_memobj_write  nrf_memobj.o
    0x0002c95a   0x0002c95a   0x00000014   Code   RO         5243    i.nrf_power_event_get_and_clear  nrfx_power.o
    0x0002c96e   0x0002c96e   0x00000002   PAD
    0x0002c970   0x0002c970   0x00000044   Code   RO         7661    i.nrf_pwr_mgmt_run  nrf_pwr_mgmt.o
    0x0002c9b4   0x0002c9b4   0x0000001c   Code   RO         7734    i.nrf_ringbuf_init  nrf_ringbuf.o
    0x0002c9d0   0x0002c9d0   0x00000010   Code   RO         4395    i.nrf_saadc_buffer_init  nrfx_saadc.o
    0x0002c9e0   0x0002c9e0   0x00000014   Code   RO         4396    i.nrf_saadc_channel_input_set  nrfx_saadc.o
    0x0002c9f4   0x0002c9f4   0x00000010   Code   RO         4397    i.nrf_saadc_event_check  nrfx_saadc.o
    0x0002ca04   0x0002ca04   0x00000014   Code   RO         4398    i.nrf_saadc_event_clear  nrfx_saadc.o
    0x0002ca18   0x0002ca18   0x00000060   Code   RO         9692    i.nrf_sdh_ble_evts_poll  nrf_sdh_ble.o
    0x0002ca78   0x0002ca78   0x00000054   Code   RO         9570    i.nrf_sdh_disable_request  nrf_sdh.o
    0x0002cacc   0x0002cacc   0x00000074   Code   RO         9571    i.nrf_sdh_enable_request  nrf_sdh.o
    0x0002cb40   0x0002cb40   0x00000024   Code   RO         9572    i.nrf_sdh_evts_poll  nrf_sdh.o
    0x0002cb64   0x0002cb64   0x0000000c   Code   RO         9573    i.nrf_sdh_is_enabled  nrf_sdh.o
    0x0002cb70   0x0002cb70   0x0000001c   Code   RO         9575    i.nrf_sdh_request_continue  nrf_sdh.o
    0x0002cb8c   0x0002cb8c   0x0000003c   Code   RO         9743    i.nrf_sdh_soc_evts_poll  nrf_sdh_soc.o
    0x0002cbc8   0x0002cbc8   0x0000000a   Code   RO         7792    i.nrf_section_iter_init  nrf_section_iter.o
    0x0002cbd2   0x0002cbd2   0x00000024   Code   RO         7793    i.nrf_section_iter_item_set  nrf_section_iter.o
    0x0002cbf6   0x0002cbf6   0x00000020   Code   RO         7794    i.nrf_section_iter_next  nrf_section_iter.o
    0x0002cc16   0x0002cc16   0x00000002   PAD
    0x0002cc18   0x0002cc18   0x00000038   Code   RO         7827    i.nrf_strerror_find  nrf_strerror.o
    0x0002cc50   0x0002cc50   0x00000014   Code   RO         7828    i.nrf_strerror_get  nrf_strerror.o
    0x0002cc64   0x0002cc64   0x0000000c   Code   RO         5688    i.nrf_timer_event_clear  nrfx_timer.o
    0x0002cc70   0x0002cc70   0x0000000a   Code   RO         5871    i.nrf_twi_event_check  nrfx_twi.o
    0x0002cc7a   0x0002cc7a   0x0000000c   Code   RO         5872    i.nrf_twi_event_clear  nrfx_twi.o
    0x0002cc86   0x0002cc86   0x0000000a   Code   RO         4035    i.nrf_uart_event_check  nrfx_uart.o
    0x0002cc90   0x0002cc90   0x0000000c   Code   RO         4036    i.nrf_uart_event_clear  nrfx_uart.o
    0x0002cc9c   0x0002cc9c   0x0000000c   Code   RO         4037    i.nrf_uart_int_enable_check  nrfx_uart.o
    0x0002cca8   0x0002cca8   0x0000000a   Code   RO         4237    i.nrf_uarte_event_check  nrfx_uarte.o
    0x0002ccb2   0x0002ccb2   0x0000000c   Code   RO         4238    i.nrf_uarte_event_clear  nrfx_uarte.o
    0x0002ccbe   0x0002ccbe   0x00000002   PAD
    0x0002ccc0   0x0002ccc0   0x00000038   Code   RO         4628    i.nrf_usbd_epin_dma_handler  nrf_drv_usbd.o
    0x0002ccf8   0x0002ccf8   0x00000064   Code   RO         4629    i.nrf_usbd_epout_dma_handler  nrf_drv_usbd.o
    0x0002cd5c   0x0002cd5c   0x00000010   Code   RO         4630    i.nrf_usbd_event_check  nrf_drv_usbd.o
    0x0002cd6c   0x0002cd6c   0x00000018   Code   RO         4631    i.nrf_usbd_event_clear  nrf_drv_usbd.o
    0x0002cd84   0x0002cd84   0x00000014   Code   RO         4632    i.nrf_usbd_eventcause_clear  nrf_drv_usbd.o
    0x0002cd98   0x0002cd98   0x00000018   Code   RO         4634    i.nrf_usbd_task_trigger  nrf_drv_usbd.o
    0x0002cdb0   0x0002cdb0   0x00000038   Code   RO         3517    i.nrfx_clock_enable  nrfx_clock.o
    0x0002cde8   0x0002cde8   0x00000020   Code   RO         3520    i.nrfx_clock_init   nrfx_clock.o
    0x0002ce08   0x0002ce08   0x00000058   Code   RO         3521    i.nrfx_clock_irq_handler  nrfx_clock.o
    0x0002ce60   0x0002ce60   0x0000001c   Code   RO         3524    i.nrfx_clock_lfclk_stop  nrfx_clock.o
    0x0002ce7c   0x0002ce7c   0x00000010   Code   RO         4400    i.nrfx_coredep_delay_us  nrfx_saadc.o
    0x0002ce8c   0x0002ce8c   0x00000010   Code   RO         4635    i.nrfx_coredep_delay_us  nrf_drv_usbd.o
    0x0002ce9c   0x0002ce9c   0x00000010   Code   RO         6068    i.nrfx_coredep_delay_us  nrf_drv_twi.o
    0x0002ceac   0x0002ceac   0x00000010   Code   RO         6373    i.nrfx_coredep_delay_us  app_timer.o
    0x0002cebc   0x0002cebc   0x00000010   Code   RO         4239    i.nrfx_is_in_ram    nrfx_uarte.o
    0x0002cecc   0x0002cecc   0x00000090   Code   RO         5245    i.nrfx_power_irq_handler  nrfx_power.o
    0x0002cf5c   0x0002cf5c   0x0000000c   Code   RO         5248    i.nrfx_power_pof_handler_get  nrfx_power.o
    0x0002cf68   0x0002cf68   0x0000000c   Code   RO         5256    i.nrfx_power_usb_handler_get  nrfx_power.o
    0x0002cf74   0x0002cf74   0x0000003a   Code   RO         3975    i.nrfx_prs_acquire  nrfx_prs.o
    0x0002cfae   0x0002cfae   0x00000002   PAD
    0x0002cfb0   0x0002cfb0   0x0000008c   Code   RO         4404    i.nrfx_saadc_channel_init  nrfx_saadc.o
    0x0002d03c   0x0002d03c   0x00000090   Code   RO         4406    i.nrfx_saadc_init   nrfx_saadc.o
    0x0002d0cc   0x0002d0cc   0x000000c0   Code   RO         4410    i.nrfx_saadc_sample_convert  nrfx_saadc.o
    0x0002d18c   0x0002d18c   0x00000020   Code   RO         5875    i.nrfx_twi_enable   nrfx_twi.o
    0x0002d1ac   0x0002d1ac   0x000000e0   Code   RO         5876    i.nrfx_twi_init     nrfx_twi.o
    0x0002d28c   0x0002d28c   0x00000036   Code   RO         5880    i.nrfx_twi_tx       nrfx_twi.o
    0x0002d2c2   0x0002d2c2   0x00000002   PAD
    0x0002d2c4   0x0002d2c4   0x00000024   Code   RO         5882    i.nrfx_twi_xfer     nrfx_twi.o
    0x0002d2e8   0x0002d2e8   0x00000010   Code   RO         4038    i.nrfx_uart_0_irq_handler  nrfx_uart.o
    0x0002d2f8   0x0002d2f8   0x000000d4   Code   RO         4040    i.nrfx_uart_init    nrfx_uart.o
    0x0002d3cc   0x0002d3cc   0x000000ec   Code   RO         4041    i.nrfx_uart_rx      nrfx_uart.o
    0x0002d4b8   0x0002d4b8   0x000000a4   Code   RO         4046    i.nrfx_uart_tx      nrfx_uart.o
    0x0002d55c   0x0002d55c   0x00000020   Code   RO         4048    i.nrfx_uart_tx_in_progress  nrfx_uart.o
    0x0002d57c   0x0002d57c   0x00000010   Code   RO         4240    i.nrfx_uarte_0_irq_handler  nrfx_uarte.o
    0x0002d58c   0x0002d58c   0x0000006c   Code   RO         4242    i.nrfx_uarte_init   nrfx_uarte.o
    0x0002d5f8   0x0002d5f8   0x00000104   Code   RO         4243    i.nrfx_uarte_rx     nrfx_uarte.o
    0x0002d6fc   0x0002d6fc   0x00000090   Code   RO         4246    i.nrfx_uarte_tx     nrfx_uarte.o
    0x0002d78c   0x0002d78c   0x0000001c   Code   RO         4248    i.nrfx_uarte_tx_in_progress  nrfx_uarte.o
    0x0002d7a8   0x0002d7a8   0x0000001c   Code   RO         6638    i.page_offsets_update  fds.o
    0x0002d7c4   0x0002d7c4   0x0000001c   Code   RO         6640    i.page_tag_write_data  fds.o
    0x0002d7e0   0x0002d7e0   0x00000024   Code   RO         6641    i.page_tag_write_swap  fds.o
    0x0002d804   0x0002d804   0x0000000c   Code   RO         2871    i.pairing           security_dispatcher.o
    0x0002d810   0x0002d810   0x00000074   Code   RO         2872    i.pairing_failure   security_dispatcher.o
    0x0002d884   0x0002d884   0x0000002e   Code   RO         2873    i.pairing_success_evt_send  security_dispatcher.o
    0x0002d8b2   0x0002d8b2   0x00000006   Code   RO         3012    i.params_reply_pending_handle  security_manager.o
    0x0002d8b8   0x0002d8b8   0x00000028   Code   RO         3013    i.params_req_send   security_manager.o
    0x0002d8e0   0x0002d8e0   0x0000001c   Code   RO         2220    i.pdb_evt_send      peer_database.o
    0x0002d8fc   0x0002d8fc   0x0000007c   Code   RO         2222    i.pdb_pds_evt_handler  peer_database.o
    0x0002d978   0x0002d978   0x00000006   Code   RO         2223    i.pdb_peer_data_ptr_get  peer_database.o
    0x0002d97e   0x0002d97e   0x00000002   PAD
    0x0002d980   0x0002d980   0x0000008c   Code   RO         2224    i.pdb_peer_free     peer_database.o
    0x0002da0c   0x0002da0c   0x000000dc   Code   RO         2225    i.pdb_write_buf_get  peer_database.o
    0x0002dae8   0x0002dae8   0x00000014   Code   RO         2226    i.pdb_write_buf_release  peer_database.o
    0x0002dafc   0x0002dafc   0x00000036   Code   RO         2227    i.pdb_write_buf_store  peer_database.o
    0x0002db32   0x0002db32   0x00000002   PAD
    0x0002db34   0x0002db34   0x00000010   Code   RO         2082    i.pds_evt_send      peer_data_storage.o
    0x0002db44   0x0002db44   0x00000004   Code   RO         2084    i.pds_next_deleted_peer_id_get  peer_data_storage.o
    0x0002db48   0x0002db48   0x00000004   Code   RO         2085    i.pds_next_peer_id_get  peer_data_storage.o
    0x0002db4c   0x0002db4c   0x00000058   Code   RO         2088    i.pds_peer_data_iterate  peer_data_storage.o
    0x0002dba4   0x0002dba4   0x00000010   Code   RO         2089    i.pds_peer_data_iterate_prepare  peer_data_storage.o
    0x0002dbb4   0x0002dbb4   0x00000072   Code   RO         2090    i.pds_peer_data_read  peer_data_storage.o
    0x0002dc26   0x0002dc26   0x00000002   PAD
    0x0002dc28   0x0002dc28   0x000000a0   Code   RO         2091    i.pds_peer_data_store  peer_data_storage.o
    0x0002dcc8   0x0002dcc8   0x00000008   Code   RO         2092    i.pds_peer_id_allocate  peer_data_storage.o
    0x0002dcd0   0x0002dcd0   0x00000016   Code   RO         2093    i.pds_peer_id_free  peer_data_storage.o
    0x0002dce6   0x0002dce6   0x00000004   Code   RO         2094    i.pds_peer_id_is_allocated  peer_data_storage.o
    0x0002dcea   0x0002dcea   0x00000002   PAD
    0x0002dcec   0x0002dcec   0x0000009c   Code   RO         2096    i.peer_data_delete_process  peer_data_storage.o
    0x0002dd88   0x0002dd88   0x00000030   Code   RO         2097    i.peer_data_find    peer_data_storage.o
    0x0002ddb8   0x0002ddb8   0x00000024   Code   RO         2098    i.peer_data_id_is_valid  peer_data_storage.o
    0x0002dddc   0x0002dddc   0x0000001a   Code   RO         2228    i.peer_data_point_to_buffer  peer_database.o
    0x0002ddf6   0x0002ddf6   0x00000002   PAD
    0x0002ddf8   0x0002ddf8   0x0000000c   Code   RO         2341    i.peer_id_allocate  peer_id.o
    0x0002de04   0x0002de04   0x00000024   Code   RO         2342    i.peer_id_delete    peer_id.o
    0x0002de28   0x0002de28   0x0000001c   Code   RO         2343    i.peer_id_free      peer_id.o
    0x0002de44   0x0002de44   0x0000000c   Code   RO         2344    i.peer_id_get_next_deleted  peer_id.o
    0x0002de50   0x0002de50   0x00000030   Code   RO         2345    i.peer_id_get_next_used  peer_id.o
    0x0002de80   0x0002de80   0x00000014   Code   RO         2347    i.peer_id_is_allocated  peer_id.o
    0x0002de94   0x0002de94   0x00000014   Code   RO         2348    i.peer_id_is_deleted  peer_id.o
    0x0002dea8   0x0002dea8   0x00000064   Code   RO         2818    i.pm_buffer_block_acquire  pm_buffer.o
    0x0002df0c   0x0002df0c   0x00000028   Code   RO         2820    i.pm_buffer_ptr_get  pm_buffer.o
    0x0002df34   0x0002df34   0x00000032   Code   RO         2821    i.pm_buffer_release  pm_buffer.o
    0x0002df66   0x0002df66   0x00000004   Code   RO         2438    i.pm_gcm_evt_handler  peer_manager.o
    0x0002df6a   0x0002df6a   0x00000004   Code   RO         2441    i.pm_im_evt_handler  peer_manager.o
    0x0002df6e   0x0002df6e   0x00000002   PAD
    0x0002df70   0x0002df70   0x00000120   Code   RO         2446    i.pm_pdb_evt_handler  peer_manager.o
    0x0002e090   0x0002e090   0x000000ec   Code   RO         2462    i.pm_peer_ranks_get  peer_manager.o
    0x0002e17c   0x0002e17c   0x0000000a   Code   RO         2468    i.pm_sm_evt_handler  peer_manager.o
    0x0002e186   0x0002e186   0x00000002   PAD
    0x0002e188   0x0002e188   0x0000003c   Code   RO         9261    i.postfix_process   nrf_log_str_formatter.o
    0x0002e1c4   0x0002e1c4   0x00000098   Code   RO         9262    i.prefix_process    nrf_log_str_formatter.o
    0x0002e25c   0x0002e25c   0x00000018   Code   RO         3977    i.prs_box_get       nrfx_prs.o
    0x0002e274   0x0002e274   0x0000001c   Code   RO         6643    i.queue_buf_get     fds.o
    0x0002e290   0x0002e290   0x00000010   Code   RO         6644    i.queue_buf_store   fds.o
    0x0002e2a0   0x0002e2a0   0x00000014   Code   RO         7476    i.queue_free        nrf_fstorage_sd.o
    0x0002e2b4   0x0002e2b4   0x000000a0   Code   RO         6645    i.queue_process     fds.o
    0x0002e354   0x0002e354   0x000000a0   Code   RO         7477    i.queue_process     nrf_fstorage_sd.o
    0x0002e3f4   0x0002e3f4   0x0000001c   Code   RO         6646    i.queue_start       fds.o
    0x0002e410   0x0002e410   0x00000028   Code   RO         2471    i.rank_vars_update  peer_manager.o
    0x0002e438   0x0002e438   0x000000b0   Code   RO         2229    i.reattempt_previous_operations  peer_database.o
    0x0002e4e8   0x0002e4e8   0x00000088   Code   RO         6647    i.record_find       fds.o
    0x0002e570   0x0002e570   0x000000a0   Code   RO         6648    i.record_find_by_desc  fds.o
    0x0002e610   0x0002e610   0x0000005c   Code   RO         6649    i.record_find_next  fds.o
    0x0002e66c   0x0002e66c   0x00000038   Code   RO         6650    i.record_header_flag_dirty  fds.o
    0x0002e6a4   0x0002e6a4   0x00000010   Code   RO         2350    i.release           peer_id.o
    0x0002e6b4   0x0002e6b4   0x0000003c   Code   RO         6374    i.rtc1_stop         app_timer.o
    0x0002e6f0   0x0002e6f0   0x00000032   Code   RO         4050    i.rx_byte           nrfx_uart.o
    0x0002e722   0x0002e722   0x00000016   Code   RO         4051    i.rx_done_event     nrfx_uart.o
    0x0002e738   0x0002e738   0x00000018   Code   RO         4250    i.rx_done_event     nrfx_uarte.o
    0x0002e750   0x0002e750   0x00000020   Code   RO         4052    i.rx_enable         nrfx_uart.o
    0x0002e770   0x0002e770   0x00000002   Code   RO         9781    i.saadc_callback    adc.o
    0x0002e772   0x0002e772   0x00000002   PAD
    0x0002e774   0x0002e774   0x00000024   Code   RO         1526    i.sc_send_pending_handle  gatt_cache_manager.o
    0x0002e798   0x0002e798   0x00000050   Code   RO         3328    i.sd_state_evt_handler  nrf_drv_clock.o
    0x0002e7e8   0x0002e7e8   0x00000030   Code   RO         9578    i.sdh_request_observer_notify  nrf_sdh.o
    0x0002e818   0x0002e818   0x0000002c   Code   RO         9579    i.sdh_state_observer_notify  nrf_sdh.o
    0x0002e844   0x0002e844   0x000000b4   Code   RO         2874    i.sec_info_request_process  security_dispatcher.o
    0x0002e8f8   0x0002e8f8   0x000000f4   Code   RO         2875    i.sec_keyset_fill   security_dispatcher.o
    0x0002e9ec   0x0002e9ec   0x00000060   Code   RO         2876    i.sec_proc_start    security_dispatcher.o
    0x0002ea4c   0x0002ea4c   0x00000022   Code   RO         2877    i.send_config_req   security_dispatcher.o
    0x0002ea6e   0x0002ea6e   0x00000002   PAD
    0x0002ea70   0x0002ea70   0x00000010   Code   RO         1218    i.send_error_evt    ble_conn_params.o
    0x0002ea80   0x0002ea80   0x00000028   Code   RO         1527    i.send_unexpected_error  gatt_cache_manager.o
    0x0002eaa8   0x0002eaa8   0x00000028   Code   RO         2878    i.send_unexpected_error  security_dispatcher.o
    0x0002ead0   0x0002ead0   0x00000050   Code   RO         8922    i.serial_tx         nrf_log_backend_rtt.o
    0x0002eb20   0x0002eb20   0x00000014   Code   RO         1528    i.service_changed_pending_flags_check  gatt_cache_manager.o
    0x0002eb34   0x0002eb34   0x00000044   Code   RO         1680    i.service_changed_pending_set  gatts_cache_manager.o
    0x0002eb78   0x0002eb78   0x000000f4   Code   RO         1529    i.service_changed_send_in_evt  gatt_cache_manager.o
    0x0002ec6c   0x0002ec6c   0x0000002c   Code   RO         3015    i.sm_ble_evt_handler  security_manager.o
    0x0002ec98   0x0002ec98   0x00000044   Code   RO         3020    i.sm_pdb_evt_handler  security_manager.o
    0x0002ecdc   0x0002ecdc   0x00000060   Code   RO         3023    i.sm_smd_evt_handler  security_manager.o
    0x0002ed3c   0x0002ed3c   0x000000f4   Code   RO         2879    i.smd_ble_evt_handler  security_dispatcher.o
    0x0002ee30   0x0002ee30   0x00000028   Code   RO         2882    i.smd_link_secure   security_dispatcher.o
    0x0002ee58   0x0002ee58   0x000000b0   Code   RO         2883    i.smd_params_reply  security_dispatcher.o
    0x0002ef08   0x0002ef08   0x00000040   Code   RO         3024    i.smd_params_reply_perform  security_manager.o
    0x0002ef48   0x0002ef48   0x00000018   Code   RO         3329    i.soc_evt_handler   nrf_drv_clock.o
    0x0002ef60   0x0002ef60   0x00000038   Code   RO         9580    i.softdevice_evt_irq_disable  nrf_sdh.o
    0x0002ef98   0x0002ef98   0x00000058   Code   RO         9581    i.softdevices_evt_irq_enable  nrf_sdh.o
    0x0002eff0   0x0002eff0   0x0000008c   Code   RO         9097    i.std_n             nrf_log_frontend.o
    0x0002f07c   0x0002f07c   0x00000058   Code   RO         1530    i.store_car_value   gatt_cache_manager.o
    0x0002f0d4   0x0002f0d4   0x00000080   Code   RO         6375    i.timer_list_handler  app_timer.o
    0x0002f154   0x0002f154   0x0000003c   Code   RO         6376    i.timer_list_insert  app_timer.o
    0x0002f190   0x0002f190   0x00000060   Code   RO         6377    i.timer_list_remove  app_timer.o
    0x0002f1f0   0x0002f1f0   0x00000048   Code   RO         6378    i.timer_stop_op_schedule  app_timer.o
    0x0002f238   0x0002f238   0x00000074   Code   RO         6379    i.timer_timeouts_check  app_timer.o
    0x0002f2ac   0x0002f2ac   0x000000a4   Code   RO         6069    i.twi_clear_bus     nrf_drv_twi.o
    0x0002f350   0x0002f350   0x00000040   Code   RO         6070    i.twi_evt_handler   nrf_drv_twi.o
    0x0002f390   0x0002f390   0x000000ba   Code   RO         5883    i.twi_irq_handler   nrfx_twi.o
    0x0002f44a   0x0002f44a   0x0000001e   Code   RO         5884    i.twi_process_error  nrfx_twi.o
    0x0002f468   0x0002f468   0x000000c8   Code   RO         5885    i.twi_rx_start_transfer  nrfx_twi.o
    0x0002f530   0x0002f530   0x00000028   Code   RO         5886    i.twi_send_byte     nrfx_twi.o
    0x0002f558   0x0002f558   0x00000104   Code   RO         5887    i.twi_transfer      nrfx_twi.o
    0x0002f65c   0x0002f65c   0x000000d0   Code   RO         5888    i.twi_tx_start_transfer  nrfx_twi.o
    0x0002f72c   0x0002f72c   0x00000094   Code   RO         5889    i.twi_xfer          nrfx_twi.o
    0x0002f7c0   0x0002f7c0   0x00000020   Code   RO         4053    i.tx_byte           nrfx_uart.o
    0x0002f7e0   0x0002f7e0   0x0000001a   Code   RO         4054    i.tx_done_event     nrfx_uart.o
    0x0002f7fa   0x0002f7fa   0x00000002   PAD
    0x0002f7fc   0x0002f7fc   0x00000048   Code   RO         9994    i.uart_error_handle  uart.o
    0x0002f844   0x0002f844   0x000000a0   Code   RO         7937    i.uart_event_handler  app_uart_fifo.o
    0x0002f8e4   0x0002f8e4   0x00000030   Code   RO         3460    i.uart_evt_handler  nrf_drv_uart.o
    0x0002f914   0x0002f914   0x00000128   Code   RO         4055    i.uart_irq_handler  nrfx_uart.o
    0x0002fa3c   0x0002fa3c   0x00000030   Code   RO         3461    i.uarte_evt_handler  nrf_drv_uart.o
    0x0002fa6c   0x0002fa6c   0x000000f4   Code   RO         4251    i.uarte_irq_handler  nrfx_uarte.o
    0x0002fb60   0x0002fb60   0x000000b4   Code   RO         7345    i.unsigned_print    nrf_fprintf_format.o
    0x0002fc14   0x0002fc14   0x00000030   Code   RO         1531    i.update_pending_flags_check  gatt_cache_manager.o
    0x0002fc44   0x0002fc44   0x00000014   Code   RO         4636    i.usbd_dma_pending_clear  nrf_drv_usbd.o
    0x0002fc58   0x0002fc58   0x00000016   Code   RO         4637    i.usbd_dma_start    nrf_drv_usbd.o
    0x0002fc6e   0x0002fc6e   0x00000002   PAD
    0x0002fc70   0x0002fc70   0x00000184   Code   RO         4638    i.usbd_dmareq_process  nrf_drv_usbd.o
    0x0002fdf4   0x0002fdf4   0x00000114   Code   RO         4639    i.usbd_ep_abort     nrf_drv_usbd.o
    0x0002ff08   0x0002ff08   0x00000040   Code   RO         4641    i.usbd_ep_data_handler  nrf_drv_usbd.o
    0x0002ff48   0x0002ff48   0x0000000c   Code   RO         1310    i.user_flag_is_acquired  ble_conn_state.o
    0x0002ff54   0x0002ff54   0x00000048   Code   RO        10189    i.user_i2c_write    iic.o
    0x0002ff9c   0x0002ff9c   0x00000030   Code   RO         6380    i.user_op_alloc     app_timer.o
    0x0002ffcc   0x0002ffcc   0x0000014c   Code   RO         2230    i.write_buf_store   peer_database.o
    0x00030118   0x00030118   0x00000034   Code   RO         2231    i.write_buffer_record_find  peer_database.o
    0x0003014c   0x0003014c   0x00000030   Code   RO         2232    i.write_buffer_record_find_next  peer_database.o
    0x0003017c   0x0003017c   0x0000001c   Code   RO         2233    i.write_buffer_record_invalidate  peer_database.o
    0x00030198   0x00030198   0x0000002c   Code   RO         2234    i.write_buffer_record_release  peer_database.o
    0x000301c4   0x000301c4   0x000000e8   Code   RO         6652    i.write_enqueue     fds.o
    0x000302ac   0x000302ac   0x000000f4   Code   RO         6653    i.write_execute     fds.o
    0x000303a0   0x000303a0   0x00000018   Code   RO         6654    i.write_space_free  fds.o
    0x000303b8   0x000303b8   0x0000005c   Code   RO         6655    i.write_space_reserve  fds.o
    0x00030414   0x00030414   0x0000002c   Code   RO        10545    locale$$code        c_w.l(lc_ctype_c.o)
    0x00030440   0x00030440   0x0000002c   Code   RO        10612    locale$$code        c_w.l(lc_numeric_c.o)
    0x0003046c   0x0003046c   0x00000062   Code   RO        10501    x$fpl$d2f           fz_wm.l(d2f.o)
    0x000304ce   0x000304ce   0x00000002   PAD
    0x000304d0   0x000304d0   0x000002b0   Code   RO        10504    x$fpl$ddiv          fz_wm.l(ddiv.o)
    0x00030780   0x00030780   0x0000002e   Code   RO        10508    x$fpl$dflt          fz_wm.l(dflt_clz.o)
    0x000307ae   0x000307ae   0x00000002   PAD
    0x000307b0   0x000307b0   0x00000154   Code   RO        10513    x$fpl$dmul          fz_wm.l(dmul.o)
    0x00030904   0x00030904   0x0000009c   Code   RO        10547    x$fpl$dnaninf       fz_wm.l(dnaninf.o)
    0x000309a0   0x000309a0   0x0000000c   Code   RO        10549    x$fpl$dretinf       fz_wm.l(dretinf.o)
    0x000309ac   0x000309ac   0x00000056   Code   RO        10515    x$fpl$f2d           fz_wm.l(f2d.o)
    0x00030a02   0x00030a02   0x0000008c   Code   RO        10551    x$fpl$fnaninf       fz_wm.l(fnaninf.o)
    0x00030a8e   0x00030a8e   0x0000000a   Code   RO        10681    x$fpl$fpinit        fz_wm.l(fpinit.o)
    0x00030a98   0x00030a98   0x0000000a   Code   RO        10553    x$fpl$fretinf       fz_wm.l(fretinf.o)
    0x00030aa2   0x00030aa2   0x00000004   Code   RO        10517    x$fpl$printf1       fz_wm.l(printf1.o)
    0x00030aa6   0x00030aa6   0x00000000   Code   RO        10555    x$fpl$usenofp       fz_wm.l(usenofp.o)
    0x00030aa6   0x00030aa6   0x0000000a   PAD
    0x00030ab0   0x00030ab0   0x00000016   Data   RO          300    .constdata          board.o
    0x00030ac6   0x00030ac6   0x00000002   PAD
    0x00030ac8   0x00030ac8   0x00000074   Data   RO         1532    .constdata          gatt_cache_manager.o
    0x00030b3c   0x00030b3c   0x00000004   Data   RO         1681    .constdata          gatts_cache_manager.o
    0x00030b40   0x00030b40   0x00000010   Data   RO         1682    .constdata          gatts_cache_manager.o
    0x00030b50   0x00030b50   0x00000004   Data   RO         1683    .constdata          gatts_cache_manager.o
    0x00030b54   0x00030b54   0x00000008   Data   RO         1780    .constdata          id_manager.o
    0x00030b5c   0x00030b5c   0x0000001c   Data   RO         2099    .constdata          peer_data_storage.o
    0x00030b78   0x00030b78   0x00000010   Data   RO         2236    .constdata          peer_database.o
    0x00030b88   0x00030b88   0x0000008c   Data   RO         2885    .constdata          security_dispatcher.o
    0x00030c14   0x00030c14   0x00000004   Data   RO         3025    .constdata          security_manager.o
    0x00030c18   0x00030c18   0x00000008   Data   RO         3690    .constdata          nrfx_gpiote.o
    0x00030c20   0x00030c20   0x00000004   Data   RO         4058    .constdata          nrfx_uart.o
    0x00030c24   0x00030c24   0x00000004   Data   RO         4254    .constdata          nrfx_uarte.o
    0x00030c28   0x00030c28   0x00000008   PAD
    0x00030c30   0x00030c30   0x00000006   Data   RO         4414    .constdata          nrfx_saadc.o
    0x00030c36   0x00030c36   0x0000000a   PAD
    0x00030c40   0x00030c40   0x000000e2   Data   RO         4644    .constdata          nrf_drv_usbd.o
    0x00030d22   0x00030d22   0x00000002   PAD
    0x00030d24   0x00030d24   0x00000018   Data   RO         5892    .constdata          nrfx_twi.o
    0x00030d3c   0x00030d3c   0x00000004   PAD
    0x00030d40   0x00030d40   0x00000006   Data   RO         6071    .constdata          nrf_drv_twi.o
    0x00030d46   0x00030d46   0x0000000a   PAD
    0x00030d50   0x00030d50   0x00000006   Data   RO         6382    .constdata          app_timer.o
    0x00030d56   0x00030d56   0x00000002   PAD
    0x00030d58   0x00030d58   0x00000018   Data   RO         6658    .constdata          fds.o
    0x00030d70   0x00030d70   0x00000010   Data   RO         7346    .constdata          nrf_fprintf_format.o
    0x00030d80   0x00030d80   0x0000005e   Data   RO         7392    .constdata          nrf_fstorage.o
    0x00030dde   0x00030dde   0x00000002   PAD
    0x00030de0   0x00030de0   0x00000010   Data   RO         7486    .constdata          nrf_fstorage_sd.o
    0x00030df0   0x00030df0   0x0000013c   Data   RO         7829    .constdata          nrf_strerror.o
    0x00030f2c   0x00030f2c   0x00000020   Data   RO         7939    .constdata          app_uart_fifo.o
    0x00030f4c   0x00030f4c   0x0000000c   Data   RO         8924    .constdata          nrf_log_backend_rtt.o
    0x00030f58   0x00030f58   0x00000008   PAD
    0x00030f60   0x00030f60   0x00000006   Data   RO         8925    .constdata          nrf_log_backend_rtt.o
    0x00030f66   0x00030f66   0x00000002   PAD
    0x00030f68   0x00030f68   0x0000000c   Data   RO         9102    .constdata          nrf_log_frontend.o
    0x00030f74   0x00030f74   0x00000010   Data   RO         9582    .constdata          nrf_sdh.o
    0x00030f84   0x00030f84   0x00000028   Data   RO         9583    .constdata          nrf_sdh.o
    0x00030fac   0x00030fac   0x00000010   Data   RO         9584    .constdata          nrf_sdh.o
    0x00030fbc   0x00030fbc   0x00000010   Data   RO         9585    .constdata          nrf_sdh.o
    0x00030fcc   0x00030fcc   0x00000020   Data   RO         9693    .constdata          nrf_sdh_ble.o
    0x00030fec   0x00030fec   0x00000010   Data   RO         9694    .constdata          nrf_sdh_ble.o
    0x00030ffc   0x00030ffc   0x00000010   Data   RO         9744    .constdata          nrf_sdh_soc.o
    0x0003100c   0x0003100c   0x0000000c   Data   RO         9745    .constdata          nrf_sdh_soc.o
    0x00031018   0x00031018   0x00000061   Data   RO         9783    .constdata          adc.o
    0x00031079   0x00031079   0x00000818   Data   RO        10075    .constdata          oled.o
    0x00031891   0x00031891   0x0000000f   PAD
    0x000318a0   0x000318a0   0x00000028   Data   RO        10190    .constdata          iic.o
    0x000318c8   0x000318c8   0x00000011   Data   RO        10470    .constdata          c_w.l(__printf_flags_wp.o)
    0x000318d9   0x000318d9   0x00000003   PAD
    0x000318dc   0x000318dc   0x00000094   Data   RO        10583    .constdata          c_w.l(bigflt0.o)
    0x00031970   0x00031970   0x00000134   Data   RO         1533    .conststring        gatt_cache_manager.o
    0x00031aa4   0x00031aa4   0x00000144   Data   RO         1684    .conststring        gatts_cache_manager.o
    0x00031be8   0x00031be8   0x000000a4   Data   RO         2100    .conststring        peer_data_storage.o
    0x00031c8c   0x00031c8c   0x00000180   Data   RO         2237    .conststring        peer_database.o
    0x00031e0c   0x00031e0c   0x00000048   Data   RO         2474    .conststring        peer_manager.o
    0x00031e54   0x00031e54   0x00000242   Data   RO         2886    .conststring        security_dispatcher.o
    0x00032096   0x00032096   0x00000002   PAD
    0x00032098   0x00032098   0x0000017b   Data   RO         3026    .conststring        security_manager.o
    0x00032213   0x00032213   0x00000001   PAD
    0x00032214   0x00032214   0x0000004f   Data   RO         7393    .conststring        nrf_fstorage.o
    0x00032263   0x00032263   0x00000001   PAD
    0x00032264   0x00032264   0x000003eb   Data   RO         7830    .conststring        nrf_strerror.o
    0x0003264f   0x0003264f   0x00000001   PAD
    0x00032650   0x00032650   0x00000066   Data   RO         9263    .conststring        nrf_log_str_formatter.o
    0x000326b6   0x000326b6   0x00000002   PAD
    0x000326b8   0x000326b8   0x00000011   Data   RO         1534    .conststrlit        gatt_cache_manager.o
    0x000326c9   0x000326c9   0x00000003   PAD
    0x000326cc   0x000326cc   0x00000012   Data   RO         1685    .conststrlit        gatts_cache_manager.o
    0x000326de   0x000326de   0x00000002   PAD
    0x000326e0   0x000326e0   0x00000010   Data   RO         1782    .conststrlit        id_manager.o
    0x000326f0   0x000326f0   0x0000000d   Data   RO         1938    .conststrlit        nrf_ble_gatt.o
    0x000326fd   0x000326fd   0x00000003   PAD
    0x00032700   0x00032700   0x00000011   Data   RO         2101    .conststrlit        peer_data_storage.o
    0x00032711   0x00032711   0x00000003   PAD
    0x00032714   0x00032714   0x00000011   Data   RO         2238    .conststrlit        peer_database.o
    0x00032725   0x00032725   0x00000003   PAD
    0x00032728   0x00032728   0x0000000d   Data   RO         2475    .conststrlit        peer_manager.o
    0x00032735   0x00032735   0x00000003   PAD
    0x00032738   0x00032738   0x00000015   Data   RO         2736    .conststrlit        peer_manager_handler.o
    0x0003274d   0x0003274d   0x00000003   PAD
    0x00032750   0x00032750   0x00000011   Data   RO         2887    .conststrlit        security_dispatcher.o
    0x00032761   0x00032761   0x00000003   PAD
    0x00032764   0x00032764   0x00000010   Data   RO         3027    .conststrlit        security_manager.o
    0x00032774   0x00032774   0x00000008   Data   RO         3164    .conststrlit        ble_bas.o
    0x0003277c   0x0003277c   0x00000006   Data   RO         3335    .conststrlit        nrf_drv_clock.o
    0x00032782   0x00032782   0x00000002   PAD
    0x00032784   0x00032784   0x00000006   Data   RO         3528    .conststrlit        nrfx_clock.o
    0x0003278a   0x0003278a   0x00000002   PAD
    0x0003278c   0x0003278c   0x00000007   Data   RO         3694    .conststrlit        nrfx_gpiote.o
    0x00032793   0x00032793   0x00000001   PAD
    0x00032794   0x00032794   0x00000004   Data   RO         3979    .conststrlit        nrfx_prs.o
    0x00032798   0x00032798   0x00000005   Data   RO         4061    .conststrlit        nrfx_uart.o
    0x0003279d   0x0003279d   0x00000003   PAD
    0x000327a0   0x000327a0   0x00000006   Data   RO         4257    .conststrlit        nrfx_uarte.o
    0x000327a6   0x000327a6   0x00000002   PAD
    0x000327a8   0x000327a8   0x00000006   Data   RO         4422    .conststrlit        nrfx_saadc.o
    0x000327ae   0x000327ae   0x00000002   PAD
    0x000327b0   0x000327b0   0x00000005   Data   RO         4645    .conststrlit        nrf_drv_usbd.o
    0x000327b5   0x000327b5   0x00000003   PAD
    0x000327b8   0x000327b8   0x00000004   Data   RO         5562    .conststrlit        nrfx_ppi.o
    0x000327bc   0x000327bc   0x00000006   Data   RO         5705    .conststrlit        nrfx_timer.o
    0x000327c2   0x000327c2   0x00000002   PAD
    0x000327c4   0x000327c4   0x00000004   Data   RO         5895    .conststrlit        nrfx_twi.o
    0x000327c8   0x000327c8   0x0000000a   Data   RO         6927    .conststrlit        hardfault_implementation.o
    0x000327d2   0x000327d2   0x00000002   PAD
    0x000327d4   0x000327d4   0x0000000d   Data   RO         7394    .conststrlit        nrf_fstorage.o
    0x000327e1   0x000327e1   0x00000003   PAD
    0x000327e4   0x000327e4   0x00000009   Data   RO         7667    .conststrlit        nrf_pwr_mgmt.o
    0x000327ed   0x000327ed   0x00000003   PAD
    0x000327f0   0x000327f0   0x00000009   Data   RO         8147    .conststrlit        app_usbd.o
    0x000327f9   0x000327f9   0x00000003   PAD
    0x000327fc   0x000327fc   0x0000000e   Data   RO         8507    .conststrlit        app_usbd_core.o
    0x0003280a   0x0003280a   0x00000002   PAD
    0x0003280c   0x0003280c   0x00000008   Data   RO         8768    .conststrlit        app_usbd_cdc_acm.o
    0x00032814   0x00032814   0x00000010   Data   RO         9037    .conststrlit        nrf_log_default_backends.o
    0x00032824   0x00032824   0x00000004   Data   RO         9103    .conststrlit        nrf_log_frontend.o
    0x00032828   0x00032828   0x00000008   Data   RO         9586    .conststrlit        nrf_sdh.o
    0x00032830   0x00032830   0x0000000c   Data   RO         9696    .conststrlit        nrf_sdh_ble.o
    0x0003283c   0x0003283c   0x0000000c   Data   RO         9746    .conststrlit        nrf_sdh_soc.o
    0x00032848   0x00032848   0x00000020   Data   RO        10758    Region$$Table       anon$$obj.o
    0x00032868   0x00032868   0x00000110   Data   RO        10544    locale$$data        c_w.l(lc_ctype_c.o)
    0x00032978   0x00032978   0x0000001c   Data   RO        10611    locale$$data        c_w.l(lc_numeric_c.o)
    0x00032994   0x00032994   0x00000010   Data   RO         9039    log_backends        nrf_log_default_backends.o
    0x000329a4   0x000329a4   0x00000008   Data   RO         1536    log_const_data      gatt_cache_manager.o
    0x000329ac   0x000329ac   0x00000008   Data   RO         1687    log_const_data      gatts_cache_manager.o
    0x000329b4   0x000329b4   0x00000008   Data   RO         1784    log_const_data      id_manager.o
    0x000329bc   0x000329bc   0x00000008   Data   RO         1939    log_const_data      nrf_ble_gatt.o
    0x000329c4   0x000329c4   0x00000008   Data   RO         2103    log_const_data      peer_data_storage.o
    0x000329cc   0x000329cc   0x00000008   Data   RO         2240    log_const_data      peer_database.o
    0x000329d4   0x000329d4   0x00000008   Data   RO         2477    log_const_data      peer_manager.o
    0x000329dc   0x000329dc   0x00000008   Data   RO         2739    log_const_data      peer_manager_handler.o
    0x000329e4   0x000329e4   0x00000008   Data   RO         2889    log_const_data      security_dispatcher.o
    0x000329ec   0x000329ec   0x00000008   Data   RO         3029    log_const_data      security_manager.o
    0x000329f4   0x000329f4   0x00000008   Data   RO         3165    log_const_data      ble_bas.o
    0x000329fc   0x000329fc   0x00000008   Data   RO         3336    log_const_data      nrf_drv_clock.o
    0x00032a04   0x00032a04   0x00000008   Data   RO         3530    log_const_data      nrfx_clock.o
    0x00032a0c   0x00032a0c   0x00000008   Data   RO         3695    log_const_data      nrfx_gpiote.o
    0x00032a14   0x00032a14   0x00000008   Data   RO         3981    log_const_data      nrfx_prs.o
    0x00032a1c   0x00032a1c   0x00000008   Data   RO         4062    log_const_data      nrfx_uart.o
    0x00032a24   0x00032a24   0x00000008   Data   RO         4258    log_const_data      nrfx_uarte.o
    0x00032a2c   0x00032a2c   0x00000008   Data   RO         4423    log_const_data      nrfx_saadc.o
    0x00032a34   0x00032a34   0x00000008   Data   RO         4647    log_const_data      nrf_drv_usbd.o
    0x00032a3c   0x00032a3c   0x00000008   Data   RO         5564    log_const_data      nrfx_ppi.o
    0x00032a44   0x00032a44   0x00000008   Data   RO         5706    log_const_data      nrfx_timer.o
    0x00032a4c   0x00032a4c   0x00000008   Data   RO         5896    log_const_data      nrfx_twi.o
    0x00032a54   0x00032a54   0x00000008   Data   RO         6929    log_const_data      hardfault_implementation.o
    0x00032a5c   0x00032a5c   0x00000008   Data   RO         7395    log_const_data      nrf_fstorage.o
    0x00032a64   0x00032a64   0x00000008   Data   RO         7669    log_const_data      nrf_pwr_mgmt.o
    0x00032a6c   0x00032a6c   0x00000008   Data   RO         8149    log_const_data      app_usbd.o
    0x00032a74   0x00032a74   0x00000008   Data   RO         8509    log_const_data      app_usbd_core.o
    0x00032a7c   0x00032a7c   0x00000008   Data   RO         8770    log_const_data      app_usbd_cdc_acm.o
    0x00032a84   0x00032a84   0x00000008   Data   RO         9106    log_const_data      nrf_log_frontend.o
    0x00032a8c   0x00032a8c   0x00000008   Data   RO         9588    log_const_data      nrf_sdh.o
    0x00032a94   0x00032a94   0x00000008   Data   RO         9698    log_const_data      nrf_sdh_ble.o
    0x00032a9c   0x00032a9c   0x00000008   Data   RO         9747    log_const_data      nrf_sdh_soc.o
    0x00032aa4   0x00032aa4   0x00000014   Data   RO         9107    nrf_balloc          nrf_log_frontend.o
    0x00032ab8   0x00032ab8   0x00000008   Data   RO         1312    sdh_ble_observers0  ble_conn_state.o
    0x00032ac0   0x00032ac0   0x00000008   Data   RO          889    sdh_ble_observers1  bsp_btn_ble.o
    0x00032ac8   0x00032ac8   0x00000008   Data   RO         1222    sdh_ble_observers1  ble_conn_params.o
    0x00032ad0   0x00032ad0   0x00000008   Data   RO         2478    sdh_ble_observers1  peer_manager.o
    0x00032ad8   0x00032ad8   0x00000008   Data   RO         7489    sdh_req_observers0  nrf_fstorage_sd.o
    0x00032ae0   0x00032ae0   0x00000008   Data   RO         3337    sdh_soc_observers0  nrf_drv_clock.o
    0x00032ae8   0x00032ae8   0x00000008   Data   RO         5144    sdh_soc_observers0  nrf_drv_power.o
    0x00032af0   0x00032af0   0x00000008   Data   RO         7490    sdh_soc_observers0  nrf_fstorage_sd.o
    0x00032af8   0x00032af8   0x00000008   Data   RO         9699    sdh_stack_observers0  nrf_sdh_ble.o
    0x00032b00   0x00032b00   0x00000008   Data   RO         9748    sdh_stack_observers0  nrf_sdh_soc.o
    0x00032b08   0x00032b08   0x00000008   Data   RO         3338    sdh_state_observers0  nrf_drv_clock.o
    0x00032b10   0x00032b10   0x00000008   Data   RO         5145    sdh_state_observers0  nrf_drv_power.o
    0x00032b18   0x00032b18   0x00000008   Data   RO         7491    sdh_state_observers0  nrf_fstorage_sd.o


    Execution Region RW_IRAM1 (Exec base: 0x20002ae8, Load base: 0x00032b20, Size: 0x00005be8, Max: 0x0003d2b0, ABSOLUTE, COMPRESSED[0x00000058])

    Exec Addr    Load Addr    Size         Type   Attr      Idx    E Section Name        Object

    0x20002ae8   COMPRESSED   0x00000001   Data   RW          605    .data               gui.o
    0x20002ae9   COMPRESSED   0x00000003   PAD
    0x20002aec   COMPRESSED   0x00000008   Data   RW          888    .data               bsp_btn_ble.o
    0x20002af4   COMPRESSED   0x00000008   Data   RW         1221    .data               ble_conn_params.o
    0x20002afc   COMPRESSED   0x00000010   Data   RW         1535    .data               gatt_cache_manager.o
    0x20002b0c   COMPRESSED   0x00000006   Data   RW         1686    .data               gatts_cache_manager.o
    0x20002b12   COMPRESSED   0x00000002   PAD
    0x20002b14   COMPRESSED   0x0000000c   Data   RW         2102    .data               peer_data_storage.o
    0x20002b20   COMPRESSED   0x00000008   Data   RW         2239    .data               peer_database.o
    0x20002b28   COMPRESSED   0x00000010   Data   RW         2476    .data               peer_manager.o
    0x20002b38   COMPRESSED   0x00000005   Data   RW         2888    .data               security_dispatcher.o
    0x20002b3d   COMPRESSED   0x00000003   PAD
    0x20002b40   COMPRESSED   0x00000015   Data   RW         3028    .data               security_manager.o
    0x20002b55   COMPRESSED   0x00000003   PAD
    0x20002b58   COMPRESSED   0x00000014   Data   RW         3462    .data               nrf_drv_uart.o
    0x20002b6c   COMPRESSED   0x0000000c   Data   RW         3529    .data               nrfx_clock.o
    0x20002b78   COMPRESSED   0x00000008   Data   RW         3980    .data               nrfx_prs.o
    0x20002b80   COMPRESSED   0x00000014   Data   RW         4646    .data               nrf_drv_usbd.o
    0x20002b94   COMPRESSED   0x00000010   Data   RW         5261    .data               nrfx_power.o
    0x20002ba4   COMPRESSED   0x00000010   Data   RW         6072    .data               nrf_drv_twi.o
    0x20002bb4   COMPRESSED   0x00000014   Data   RW         6383    .data               app_timer.o
    0x20002bc8   COMPRESSED   0x00000030   Data   RW         6659    .data               fds.o
    0x20002bf8   COMPRESSED   0x00000008   Data   RW         7488    .data               nrf_fstorage_sd.o
    0x20002c00   COMPRESSED   0x00000004   Data   RW         7894    .data               retarget.o
    0x20002c04   COMPRESSED   0x0000001c   Data   RW         7940    .data               app_uart_fifo.o
    0x20002c20   COMPRESSED   0x00000001   Data   RW         8926    .data               nrf_log_backend_rtt.o
    0x20002c21   COMPRESSED   0x00000003   PAD
    0x20002c24   COMPRESSED   0x00000008   Data   RW         9038    .data               nrf_log_default_backends.o
    0x20002c2c   COMPRESSED   0x00000008   Data   RW         9104    .data               nrf_log_frontend.o
    0x20002c34   COMPRESSED   0x00000008   Data   RW         9105    .data               nrf_log_frontend.o
    0x20002c3c   COMPRESSED   0x00000040   Data   RW         9264    .data               nrf_log_str_formatter.o
    0x20002c7c   COMPRESSED   0x00000003   Data   RW         9587    .data               nrf_sdh.o
    0x20002c7f   COMPRESSED   0x00000001   Data   RW         9697    .data               nrf_sdh_ble.o
    0x20002c80   COMPRESSED   0x00000018   Data   RW         9996    .data               uart.o
    0x20002c98   COMPRESSED   0x00000004   Data   RW        10377    .data               system_nrf52840.o
    0x20002c9c   COMPRESSED   0x00000014   Data   RW         6660    fs_data             fds.o
    0x20002cb0        -       0x00000020   Zero   RW          298    .bss                board.o
    0x20002cd0        -       0x00000014   Zero   RW          299    .bss                board.o
    0x20002ce4        -       0x0000000c   Zero   RW          781    .bss                bsp.o
    0x20002cf0        -       0x00000050   Zero   RW         1220    .bss                ble_conn_params.o
    0x20002d40        -       0x00000078   Zero   RW         1311    .bss                ble_conn_state.o
    0x20002db8        -       0x000000d8   Zero   RW         1779    .bss                id_manager.o
    0x20002e90        -       0x00000180   Zero   RW         2235    .bss                peer_database.o
    0x20003010        -       0x00000040   Zero   RW         2351    .bss                peer_id.o
    0x20003050        -       0x0000000c   Zero   RW         2472    .bss                peer_manager.o
    0x2000305c        -       0x00000040   Zero   RW         2884    .bss                security_dispatcher.o
    0x2000309c        -       0x00000014   Zero   RW         3330    .bss                nrf_drv_clock.o
    0x200030b0        -       0x0000006c   Zero   RW         3689    .bss                nrfx_gpiote.o
    0x2000311c        -       0x0000002c   Zero   RW         4056    .bss                nrfx_uart.o
    0x20003148        -       0x00000024   Zero   RW         4252    .bss                nrfx_uarte.o
    0x2000316c        -       0x00000030   Zero   RW         4413    .bss                nrfx_saadc.o
    0x2000319c        -       0x00000238   Zero   RW         4643    .bss                nrf_drv_usbd.o
    0x200033d4        -       0x00000024   Zero   RW         5703    .bss                nrfx_timer.o
    0x200033f8        -       0x0000003c   Zero   RW         5890    .bss                nrfx_twi.o
    0x20003434        -       0x0000061c   Zero   RW         6381    .bss                app_timer.o
    0x20003a50        -       0x0000000c   Zero   RW         6524    .bss                app_util_platform.o
    0x20003a5c        -       0x00000010   Zero   RW         6656    .bss                fds.o
    0x20003a6c        -       0x000000e0   Zero   RW         6657    .bss                fds.o
    0x20003b4c        -       0x00000010   Zero   RW         7484    .bss                nrf_fstorage_sd.o
    0x20003b5c        -       0x000000a0   Zero   RW         7485    .bss                nrf_fstorage_sd.o
    0x20003bfc        -       0x00000020   Zero   RW         7938    .bss                app_uart_fifo.o
    0x20003c1c        -       0x00000040   Zero   RW         8923    .bss                nrf_log_backend_rtt.o
    0x20003c5c        -       0x000000c0   Zero   RW         9098    .bss                nrf_log_frontend.o
    0x20003d1c        -       0x00000080   Zero   RW         9099    .bss                nrf_log_frontend.o
    0x20003d9c        -       0x00000018   Zero   RW         9100    .bss                nrf_log_frontend.o
    0x20003db4        -       0x00000424   Zero   RW         9101    .bss                nrf_log_frontend.o
    0x200041d8        -       0x00000288   Zero   RW         9340    .bss                segger_rtt.o
    0x20004460        -       0x00000010   Zero   RW         9782    .bss                adc.o
    0x20004470        -       0x00000200   Zero   RW         9995    .bss                uart.o
    0x20004670        -       0x00000060   Zero   RW        10557    .bss                c_w.l(libspace.o)
    0x200046d0        -       0x00002000   Zero   RW        10366    HEAP                arm_startup_nrf52840.o
    0x200066d0        -       0x00002000   Zero   RW        10365    STACK               arm_startup_nrf52840.o


==============================================================================

Image component sizes


      Code (inc. data)   RO Data    RW Data    ZI Data      Debug   Object Name

       270         18         97          0         16       5473   adc.o
        22          0          0          0          0       2265   app_error.o
       132         46          0          0          0      30393   app_error_weak.o
       118          0          0          0          0       3914   app_fifo_1.o
         0          0          0          0          0      36594   app_scheduler.o
      1506        118          6         20       1564      19220   app_timer.o
       524         60         32         28         32      20506   app_uart_fifo.o
         0          0         17          0          0      36117   app_usbd.o
         0          0         16          0          0      30356   app_usbd_cdc_acm.o
         0          0         22          0          0      23050   app_usbd_core.o
       124         14          0          0         12       9134   app_util_platform.o
        64         26        512          0      16384        912   arm_startup_nrf52840.o
         0          0         16          0          0       2768   ble_bas.o
       428         24          8          8         80       8664   ble_conn_params.o
       626         40          8          0        120      10668   ble_conn_state.o
         8          0          0          0          0       1258   ble_srv_common.o
       970        554         22          0         52      88838   board.o
         0          0          0          0          0       5040   boards.o
        68          4          0          0         12       9040   bsp.o
       166          6          8          8          0       3352   bsp_btn_ble.o
        12          4          0          0          0        987   chiptemp.o
      2678        240         24         68        240      40284   fds.o
      1724        526        449         16          0      21684   gatt_cache_manager.o
       558         66        374          6          0       7547   gatts_cache_manager.o
       404        140          0          1          0       1191   gui.o
         0          0         18          0          0       1638   hardfault_implementation.o
       946         34         32          0        216      13540   id_manager.o
       144         10         40          0          0      15643   iic.o
        60         10          0          0          0      74992   main.o
       288          0          0          0          0       4489   nrf_atfifo.o
       170          0          0          0          0       4204   nrf_atflags.o
       326          0          0          0          0       8366   nrf_atomic.o
       164          0          0          0          0       3256   nrf_balloc.o
         0          0         21          0          0      29857   nrf_ble_gatt.o
       276         34         30          0         20      36696   nrf_drv_clock.o
       188          0         16          0          0      43592   nrf_drv_power.o
       376         22          6         16          0      23883   nrf_drv_twi.o
       200         26          0         20          0      16944   nrf_drv_uart.o
      2592        246        239         20        568      80657   nrf_drv_usbd.o
        50          0          0          0          0       3165   nrf_fprintf.o
       850          4         16          0          0       5018   nrf_fprintf_format.o
       824        358        194          0          0       7080   nrf_fstorage.o
       484         42         40          8        176       8651   nrf_fstorage_sd.o
       112         18         18          1         64       4869   nrf_log_backend_rtt.o
       200          0          0          0          0      10469   nrf_log_backend_serial.o
        28          4         32          8          0       3049   nrf_log_default_backends.o
      1492        114         44         16       1404      28535   nrf_log_frontend.o
       566        108        102         64          0       5080   nrf_log_str_formatter.o
       346          0          0          0          0       8755   nrf_memobj.o
        68          4         17          0          0      34406   nrf_pwr_mgmt.o
        28          0          0          0          0       2075   nrf_ringbuf.o
       552         60        104          3          0      40372   nrf_sdh.o
        96          8         76          1          0       3010   nrf_sdh_ble.o
        60          4         56          0          0       2188   nrf_sdh_soc.o
        78          0          0          0          0       2424   nrf_section_iter.o
        76         10       1319          0          0       2379   nrf_strerror.o
       234         34         14         12          0      39980   nrfx_clock.o
       644         34         23          0        108      19015   nrfx_gpiote.o
       188         18          0         16          0      11608   nrfx_power.o
        14          0          0          0          0        573   nrfx_power_clock.o
         0          0         12          0          0        332   nrfx_ppi.o
        94         16         12          8          0       3309   nrfx_prs.o
       892         66         20          0         48      17246   nrfx_saadc.o
       142         30         14          0         36      10831   nrfx_timer.o
      1508         44         36          0         60      24780   nrfx_twi.o
      1406         42         17          0         44      29837   nrfx_uart.o
      1244         44         18          0         36      22771   nrfx_uarte.o
       776         18       2072          0          0       7065   oled.o
       676         48        217         12          0      12063   peer_data_storage.o
      1298        206        425          8        384      17590   peer_database.o
       302         34          0          0         64       7428   peer_id.o
       666         40        101         16         12      10436   peer_manager.o
         0          0         29          0          0       6344   peer_manager_handler.o
       198          0          0          0          0       4030   pm_buffer.o
         0          0          0          0          0      34696   protocol.o
        14          0          0          4          0       2598   retarget.o
      1790        244        743          5         64      23488   security_dispatcher.o
       822         92        407         21          0      44195   security_manager.o
       378         34          0          0        648       8189   segger_rtt.o
       476         60          0          4          0       2111   system_nrf52840.o
       136         22          0         24        512       5325   uart.o

    ----------------------------------------------------------------------
     36016       4128       8348        456      22976    1314377   Object Totals
         0          0         32          0          0          0   (incl. Generated)
        76          0        125         14          0          0   (incl. Padding)

    ----------------------------------------------------------------------

      Code (inc. data)   RO Data    RW Data    ZI Data      Debug   Library Member Name

        90          0          0          0          0          0   __dczerorl2.o
         8          0          0          0          0         68   __main.o
       312          4         17          0          0         92   __printf_flags_wp.o
        14          0          0          0          0         68   __printf_wp.o
         0          0          0          0          0          0   __rtentry.o
        12          0          0          0          0          0   __rtentry2.o
         6          0          0          0          0          0   __rtentry4.o
        52          8          0          0          0          0   __scatter.o
        28          0          0          0          0          0   __scatter_zi.o
        48          6          0          0          0         96   _printf_char_common.o
        36          4          0          0          0         80   _printf_char_file.o
         6          0          0          0          0          0   _printf_d.o
       120         16          0          0          0         92   _printf_dec.o
         6          0          0          0          0          0   _printf_f.o
      1054          0          0          0          0        216   _printf_fp_dec.o
       128         16          0          0          0         84   _printf_fp_infnan.o
       178          0          0          0          0         88   _printf_intcommon.o
         0          0          0          0          0          0   _printf_percent.o
         4          0          0          0          0          0   _printf_percent_end.o
        10          0          0          0          0         68   _sputc.o
       228          4        148          0          0         96   bigflt0.o
      1936        128          0          0          0        672   btod.o
        18          0          0          0          0         80   exit.o
         8          0          0          0          0         68   ferror.o
         6          0          0          0          0        152   heapauxi.o
         0          0          0          0          0          0   indicate_semi.o
        44         10        272          0          0         76   lc_ctype_c.o
        44         10         28          0          0         76   lc_numeric_c.o
         2          0          0          0          0          0   libinit.o
        34          0          0          0          0          0   libinit2.o
         2          0          0          0          0          0   libshutdown.o
         2          0          0          0          0          0   libshutdown2.o
         8          4          0          0         96         68   libspace.o
       138          0          0          0          0         80   lludiv10.o
        88          0          0          0          0         76   memcmp.o
        24          4          0          0          0         84   noretval__2printf.o
        40          6          0          0          0         84   noretval__2sprintf.o
        16          4          0          0          0         76   rt_ctype_table.o
         8          4          0          0          0         68   rt_locale_intlibspace.o
        68          0          0          0          0         68   rt_memclr.o
        78          0          0          0          0         80   rt_memclr_w.o
       138          0          0          0          0         68   rt_memcpy_v6.o
       100          0          0          0          0         80   rt_memcpy_w.o
         2          0          0          0          0          0   rtexit.o
        10          0          0          0          0          0   rtexit2.o
       128          0          0          0          0         68   strcmpv7m.o
        72          0          0          0          0         80   strcpy.o
        62          0          0          0          0         76   strlen.o
        12          4          0          0          0         68   sys_exit.o
        74          0          0          0          0         80   sys_stackheap_outer.o
         2          0          0          0          0         68   use_no_semi.o
        98          4          0          0          0        140   d2f.o
       688        140          0          0          0        256   ddiv.o
        46          0          0          0          0        116   dflt_clz.o
       340         12          0          0          0        152   dmul.o
       156          4          0          0          0        140   dnaninf.o
        12          0          0          0          0        116   dretinf.o
        86          4          0          0          0        132   f2d.o
       140          4          0          0          0        132   fnaninf.o
        10          0          0          0          0        116   fpinit.o
        10          0          0          0          0        116   fretinf.o
         4          0          0          0          0        116   printf1.o
         0          0          0          0          0          0   usenofp.o
        48          0          0          0          0        124   fpclassify.o

    ----------------------------------------------------------------------
      7168        400        468          0         96       5100   Library Totals
        26          0          3          0          0          0   (incl. Padding)

    ----------------------------------------------------------------------

      Code (inc. data)   RO Data    RW Data    ZI Data      Debug   Library Name

      5504        232        465          0         96       3444   c_w.l
      1590        168          0          0          0       1532   fz_wm.l
        48          0          0          0          0        124   m_wm.l

    ----------------------------------------------------------------------
      7168        400        468          0         96       5100   Library Totals

    ----------------------------------------------------------------------

==============================================================================


      Code (inc. data)   RO Data    RW Data    ZI Data      Debug   

     43184       4528       8816        456      23072    1266801   Grand Totals
     43184       4528       8816         88      23072    1266801   ELF Image Totals (compressed)
     43184       4528       8816         88          0          0   ROM Totals

==============================================================================

    Total RO  Size (Code + RO Data)                52000 (  50.78kB)
    Total RW  Size (RW Data + ZI Data)             23528 (  22.98kB)
    Total ROM Size (Code + RO Data + RW Data)      52088 (  50.87kB)

==============================================================================

