Component: ARM Compiler 5.06 update 5 (build 528) Tool: armlink [4d35e2]

==============================================================================

Section Cross References

    main.o(i.main) refers to uart.o(i.ComUartBegin) for ComUartBegin
    main.o(i.main) refers to button.o(i.IOButtonInit) for IOButtonInit
    main.o(i.main) refers to adc.o(i.SignalAdcInit) for SignalAdcInit
    main.o(i.main) refers to led.o(i.DirectLedOn) for DirectLedOn
    main.o(i.main) refers to printfa.o(i.__0printf) for __2printf
    main.o(i.main) refers to main.o(i.nrf_delay_ms) for nrf_delay_ms
    main.o(i.main) refers to led.o(i.DirectLedFlashSpeedH) for DirectLedFlashSpeedH
    main.o(i.main) refers to adc.o(i.SignalAdcReadChannel) for SignalAdcReadChannel
    main.o(i.main) refers to dflti.o(.text) for __aeabi_i2d
    main.o(i.main) refers to dmul.o(.text) for __aeabi_dmul
    main.o(i.main) refers to main.o(.conststring) for .conststring
    main.o(i.nrf_delay_ms) refers to main.o(.constdata) for .constdata
    boards.o(i.bsp_board_button_idx_to_pin) refers to boards.o(.constdata) for .constdata
    boards.o(i.bsp_board_button_state_get) refers to boards.o(.constdata) for .constdata
    boards.o(i.bsp_board_init) refers to boards.o(i.nrf_gpio_cfg) for nrf_gpio_cfg
    boards.o(i.bsp_board_init) refers to boards.o(i.bsp_board_leds_off) for bsp_board_leds_off
    boards.o(i.bsp_board_init) refers to boards.o(.constdata) for .constdata
    boards.o(i.bsp_board_led_idx_to_pin) refers to boards.o(.constdata) for .constdata
    boards.o(i.bsp_board_led_invert) refers to boards.o(.constdata) for .constdata
    boards.o(i.bsp_board_led_off) refers to boards.o(i.nrf_gpio_pin_write) for nrf_gpio_pin_write
    boards.o(i.bsp_board_led_off) refers to boards.o(.constdata) for .constdata
    boards.o(i.bsp_board_led_on) refers to boards.o(i.nrf_gpio_pin_write) for nrf_gpio_pin_write
    boards.o(i.bsp_board_led_on) refers to boards.o(.constdata) for .constdata
    boards.o(i.bsp_board_led_state_get) refers to boards.o(.constdata) for .constdata
    boards.o(i.bsp_board_leds_off) refers to boards.o(i.bsp_board_led_off) for bsp_board_led_off
    boards.o(i.bsp_board_leds_on) refers to boards.o(i.bsp_board_led_on) for bsp_board_led_on
    boards.o(i.bsp_board_pin_to_button_idx) refers to boards.o(.constdata) for .constdata
    boards.o(i.bsp_board_pin_to_led_idx) refers to boards.o(.constdata) for .constdata
    nrf_drv_uart.o(i.nrf_drv_uart_init) refers to memcpya.o(.text) for __aeabi_memcpy4
    nrf_drv_uart.o(i.nrf_drv_uart_init) refers to nrfx_uarte.o(i.nrfx_uarte_init) for nrfx_uarte_init
    nrf_drv_uart.o(i.nrf_drv_uart_init) refers to nrfx_uart.o(i.nrfx_uart_init) for nrfx_uart_init
    nrf_drv_uart.o(i.nrf_drv_uart_init) refers to nrf_drv_uart.o(.data) for .data
    nrf_drv_uart.o(i.nrf_drv_uart_init) refers to nrf_drv_uart.o(i.uarte_evt_handler) for uarte_evt_handler
    nrf_drv_uart.o(i.nrf_drv_uart_init) refers to nrf_drv_uart.o(i.uart_evt_handler) for uart_evt_handler
    nrf_drv_uart.o(i.uart_evt_handler) refers to nrf_drv_uart.o(.data) for .data
    nrf_drv_uart.o(i.uarte_evt_handler) refers to nrf_drv_uart.o(.data) for .data
    nrfx_prs.o(i.UARTE0_UART0_IRQHandler) refers to nrfx_prs.o(.data) for .data
    nrfx_prs.o(i.nrfx_prs_acquire) refers to nrfx_prs.o(i.prs_box_get) for prs_box_get
    nrfx_prs.o(i.nrfx_prs_acquire) refers to app_util_platform.o(i.app_util_critical_region_enter) for app_util_critical_region_enter
    nrfx_prs.o(i.nrfx_prs_acquire) refers to app_util_platform.o(i.app_util_critical_region_exit) for app_util_critical_region_exit
    nrfx_prs.o(i.nrfx_prs_release) refers to nrfx_prs.o(i.prs_box_get) for prs_box_get
    nrfx_prs.o(i.prs_box_get) refers to nrfx_prs.o(.data) for .data
    nrfx_uart.o(i.apply_config) refers to nrfx_uart.o(i.nrf_gpio_cfg_output) for nrf_gpio_cfg_output
    nrfx_uart.o(i.apply_config) refers to nrfx_uart.o(i.nrf_gpio_cfg_input) for nrf_gpio_cfg_input
    nrfx_uart.o(i.nrf_gpio_cfg_default) refers to nrfx_uart.o(i.nrf_gpio_cfg) for nrf_gpio_cfg
    nrfx_uart.o(i.nrf_gpio_cfg_input) refers to nrfx_uart.o(i.nrf_gpio_cfg) for nrf_gpio_cfg
    nrfx_uart.o(i.nrf_gpio_cfg_output) refers to nrfx_uart.o(i.nrf_gpio_cfg) for nrf_gpio_cfg
    nrfx_uart.o(i.nrfx_uart_0_irq_handler) refers to nrfx_uart.o(i.uart_irq_handler) for uart_irq_handler
    nrfx_uart.o(i.nrfx_uart_0_irq_handler) refers to nrfx_uart.o(.bss) for .bss
    nrfx_uart.o(i.nrfx_uart_errorsrc_get) refers to nrfx_uart.o(i.nrf_uart_event_clear) for nrf_uart_event_clear
    nrfx_uart.o(i.nrfx_uart_init) refers to nrfx_prs.o(i.nrfx_prs_acquire) for nrfx_prs_acquire
    nrfx_uart.o(i.nrfx_uart_init) refers to nrfx_uart.o(i.apply_config) for apply_config
    nrfx_uart.o(i.nrfx_uart_init) refers to nrfx_uart.o(i.nrf_uart_event_clear) for nrf_uart_event_clear
    nrfx_uart.o(i.nrfx_uart_init) refers to nrfx_uart.o(.bss) for .bss
    nrfx_uart.o(i.nrfx_uart_init) refers to nrfx_uart.o(.constdata) for .constdata
[...]
    Removing nrf_memobj.o(.rev16_text), (4 bytes).
    Removing nrf_memobj.o(.revsh_text), (4 bytes).
    Removing nrf_memobj.o(.rrx_text), (6 bytes).
    Removing nrf_memobj.o(i.memobj_op), (126 bytes).
    Removing nrf_memobj.o(i.nrf_memobj_alloc), (96 bytes).
    Removing nrf_memobj.o(i.nrf_memobj_free), (50 bytes).
    Removing nrf_memobj.o(i.nrf_memobj_get), (8 bytes).
    Removing nrf_memobj.o(i.nrf_memobj_pool_init), (4 bytes).
    Removing nrf_memobj.o(i.nrf_memobj_put), (30 bytes).
    Removing nrf_memobj.o(i.nrf_memobj_read), (16 bytes).
    Removing nrf_memobj.o(i.nrf_memobj_write), (16 bytes).
    Removing nrf_ringbuf.o(.rev16_text), (4 bytes).
    Removing nrf_ringbuf.o(.revsh_text), (4 bytes).
    Removing nrf_ringbuf.o(.rrx_text), (6 bytes).
    Removing nrf_ringbuf.o(i.nrf_ringbuf_alloc), (112 bytes).
    Removing nrf_ringbuf.o(i.nrf_ringbuf_cpy_get), (124 bytes).
    Removing nrf_ringbuf.o(i.nrf_ringbuf_cpy_put), (114 bytes).
    Removing nrf_ringbuf.o(i.nrf_ringbuf_free), (38 bytes).
    Removing nrf_ringbuf.o(i.nrf_ringbuf_get), (112 bytes).
    Removing nrf_ringbuf.o(i.nrf_ringbuf_init), (28 bytes).
    Removing nrf_ringbuf.o(i.nrf_ringbuf_put), (48 bytes).
    Removing nrf_strerror.o(.rev16_text), (4 bytes).
    Removing nrf_strerror.o(.revsh_text), (4 bytes).
    Removing nrf_strerror.o(.rrx_text), (6 bytes).
    Removing nrf_strerror.o(i.nrf_strerror_find), (56 bytes).
    Removing nrf_strerror.o(i.nrf_strerror_get), (20 bytes).
    Removing nrf_strerror.o(.constdata), (300 bytes).
    Removing nrf_strerror.o(.conststring), (957 bytes).
    Removing retarget.o(.rev16_text), (4 bytes).
    Removing retarget.o(.revsh_text), (4 bytes).
    Removing retarget.o(.rrx_text), (6 bytes).
    Removing retarget.o(i.fgetc), (18 bytes).
    Removing retarget.o(.data), (4 bytes).
    Removing app_timer.o(.rev16_text), (4 bytes).
    Removing app_timer.o(.revsh_text), (4 bytes).
    Removing app_timer.o(.rrx_text), (6 bytes).
    Removing app_timer.o(i.NVIC_SetPriority), (32 bytes).
    Removing app_timer.o(i.app_timer_cnt_diff_compute), (8 bytes).
    Removing app_timer.o(i.app_timer_cnt_get), (12 bytes).
    Removing app_timer.o(i.app_timer_init), (84 bytes).
    Removing app_timer.o(i.app_timer_pause), (12 bytes).
    Removing app_timer.o(i.app_timer_resume), (12 bytes).
    Removing app_timer.o(i.app_timer_stop), (32 bytes).
    Removing app_timer.o(i.app_timer_stop_all), (24 bytes).
    Removing app_timer.o(i.timer_stop_op_schedule), (64 bytes).
    Removing nrfx_gpiote.o(.rev16_text), (4 bytes).
    Removing nrfx_gpiote.o(.revsh_text), (4 bytes).
    Removing nrfx_gpiote.o(.rrx_text), (6 bytes).
    Removing nrfx_gpiote.o(i.nrf_gpio_cfg_default), (18 bytes).
    Removing nrfx_gpiote.o(i.nrfx_gpiote_clr_task_addr_get), (24 bytes).
    Removing nrfx_gpiote.o(i.nrfx_gpiote_clr_task_trigger), (28 bytes).
    Removing nrfx_gpiote.o(i.nrfx_gpiote_in_event_addr_get), (40 bytes).
    Removing nrfx_gpiote.o(i.nrfx_gpiote_in_event_disable), (72 bytes).
    Removing nrfx_gpiote.o(i.nrfx_gpiote_in_is_set), (20 bytes).
    Removing nrfx_gpiote.o(i.nrfx_gpiote_in_uninit), (88 bytes).
    Removing nrfx_gpiote.o(i.nrfx_gpiote_is_init), (20 bytes).
    Removing nrfx_gpiote.o(i.nrfx_gpiote_out_clear), (14 bytes).
    Removing nrfx_gpiote.o(i.nrfx_gpiote_out_init), (192 bytes).
    Removing nrfx_gpiote.o(i.nrfx_gpiote_out_set), (14 bytes).
    Removing nrfx_gpiote.o(i.nrfx_gpiote_out_task_addr_get), (20 bytes).
    Removing nrfx_gpiote.o(i.nrfx_gpiote_out_task_disable), (36 bytes).
    Removing nrfx_gpiote.o(i.nrfx_gpiote_out_task_enable), (36 bytes).
    Removing nrfx_gpiote.o(i.nrfx_gpiote_out_task_force), (40 bytes).
    Removing nrfx_gpiote.o(i.nrfx_gpiote_out_task_trigger), (24 bytes).
    Removing nrfx_gpiote.o(i.nrfx_gpiote_out_toggle), (28 bytes).
    Removing nrfx_gpiote.o(i.nrfx_gpiote_out_uninit), (88 bytes).
    Removing nrfx_gpiote.o(i.nrfx_gpiote_set_task_addr_get), (24 bytes).
    Removing nrfx_gpiote.o(i.nrfx_gpiote_set_task_trigger), (28 bytes).
    Removing nrfx_gpiote.o(i.nrfx_gpiote_uninit), (56 bytes).
    Removing nrfx_gpiote.o(i.pin_configured_check), (20 bytes).
    Removing nrfx_gpiote.o(i.pin_configured_clear), (28 bytes).
    Removing nrfx_gpiote.o(.constdata), (17 bytes).
    Removing nrfx_gpiote.o(.constdata), (21 bytes).
    Removing nrfx_gpiote.o(.constdata), (20 bytes).
    Removing nrf_log_frontend.o(.rev16_text), (4 bytes).
    Removing nrf_log_frontend.o(.revsh_text), (4 bytes).
    Removing nrf_log_frontend.o(.rrx_text), (6 bytes).
    Removing nrf_log_str_formatter.o(.rev16_text), (4 bytes).
    Removing nrf_log_str_formatter.o(.revsh_text), (4 bytes).
    Removing nrf_log_str_formatter.o(.rrx_text), (6 bytes).
    Removing led.o(.rev16_text), (4 bytes).
    Removing led.o(.revsh_text), (4 bytes).
    Removing led.o(.rrx_text), (6 bytes).
    Removing led.o(i.DirectLedFlashSpeedL), (34 bytes).
    Removing led.o(i.DirectLedFlashSpeedM), (34 bytes).
    Removing led.o(i.DirectLedInit), (4 bytes).
    Removing led.o(i.DirectLedOff), (18 bytes).
    Removing led.o(i.DirectLedOffBle), (6 bytes).
    Removing led.o(i.DirectLedOffCom), (6 bytes).
    Removing led.o(i.DirectLedOnBle), (6 bytes).
    Removing led.o(i.DirectLedOnCom), (6 bytes).
    Removing uart.o(.rev16_text), (4 bytes).
    Removing uart.o(.revsh_text), (4 bytes).
    Removing uart.o(.rrx_text), (6 bytes).
    Removing uart.o(i.ComUartConfig), (28 bytes).
    Removing uart.o(i.ComUartRead), (14 bytes).
    Removing adc.o(.rev16_text), (4 bytes).
    Removing adc.o(.revsh_text), (4 bytes).
    Removing adc.o(.rrx_text), (6 bytes).
    Removing adc.o(i.SignalAdcLoadBuffer), (32 bytes).
    Removing button.o(.rev16_text), (4 bytes).
    Removing button.o(.revsh_text), (4 bytes).
    Removing button.o(.rrx_text), (6 bytes).
    Removing arm_startup_nrf52.o(HEAP), (8192 bytes).
    Removing system_nrf52.o(.rev16_text), (4 bytes).
    Removing system_nrf52.o(.revsh_text), (4 bytes).
    Removing system_nrf52.o(.rrx_text), (6 bytes).
    Removing system_nrf52.o(i.SystemCoreClockUpdate), (16 bytes).

277 unused section(s) (total 17169 bytes) removed from the image.

==============================================================================

Image Symbol Table

    Local Symbols

    Symbol Name                              Value     Ov Type        Size  Object(Section)

    ../clib/microlib/division.c              0x00000000   Number         0  uldiv.o ABSOLUTE
    ../clib/microlib/division.c              0x00000000   Number         0  uidiv.o ABSOLUTE
    ../clib/microlib/init/entry.s            0x00000000   Number         0  entry5.o ABSOLUTE
    ../clib/microlib/init/entry.s            0x00000000   Number         0  entry11b.o ABSOLUTE
    ../clib/microlib/init/entry.s            0x00000000   Number         0  entry7b.o ABSOLUTE
    ../clib/microlib/init/entry.s            0x00000000   Number         0  entry7a.o ABSOLUTE
    ../clib/microlib/init/entry.s            0x00000000   Number         0  entry11a.o ABSOLUTE
    ../clib/microlib/init/entry.s            0x00000000   Number         0  entry10a.o ABSOLUTE
    ../clib/microlib/init/entry.s            0x00000000   Number         0  entry2.o ABSOLUTE
    ../clib/microlib/init/entry.s            0x00000000   Number         0  entry9a.o ABSOLUTE
    ../clib/microlib/init/entry.s            0x00000000   Number         0  entry10b.o ABSOLUTE
    ../clib/microlib/init/entry.s            0x00000000   Number         0  entry8b.o ABSOLUTE
    ../clib/microlib/init/entry.s            0x00000000   Number         0  entry8a.o ABSOLUTE
    ../clib/microlib/init/entry.s            0x00000000   Number         0  entry9b.o ABSOLUTE
    ../clib/microlib/init/entry.s            0x00000000   Number         0  entry.o ABSOLUTE
    ../clib/microlib/longlong.c              0x00000000   Number         0  llsshr.o ABSOLUTE
    ../clib/microlib/longlong.c              0x00000000   Number         0  llushr.o ABSOLUTE
    ../clib/microlib/longlong.c              0x00000000   Number         0  llshl.o ABSOLUTE
    ../clib/microlib/printf/printf.c         0x00000000   Number         0  printfa.o ABSOLUTE
    ../clib/microlib/printf/printf.c         0x00000000   Number         0  printf8.o ABSOLUTE
    ../clib/microlib/printf/printf.c         0x00000000   Number         0  printf6.o ABSOLUTE
    ../clib/microlib/printf/printf.c         0x00000000   Number         0  printf5.o ABSOLUTE
    ../clib/microlib/printf/printf.c         0x00000000   Number         0  printf4.o ABSOLUTE
    ../clib/microlib/printf/printf.c         0x00000000   Number         0  printf3.o ABSOLUTE
    ../clib/microlib/printf/printf.c         0x00000000   Number         0  printf2.o ABSOLUTE
    ../clib/microlib/printf/printf.c         0x00000000   Number         0  printf1.o ABSOLUTE
    ../clib/microlib/printf/printf.c         0x00000000   Number         0  printf0.o ABSOLUTE
    ../clib/microlib/printf/printf.c         0x00000000   Number         0  printfb.o ABSOLUTE
    ../clib/microlib/printf/printf.c         0x00000000   Number         0  printf7.o ABSOLUTE
    ../clib/microlib/printf/stubs.s          0x00000000   Number         0  stubs.o ABSOLUTE
    ../clib/microlib/string/memcpy.c         0x00000000   Number         0  memcpyb.o ABSOLUTE
    ../clib/microlib/string/memcpy.c         0x00000000   Number         0  memcpya.o ABSOLUTE
    ../clib/microlib/string/strlen.c         0x00000000   Number         0  strlen.o ABSOLUTE
    ../clib/microlib/stubs.s                 0x00000000   Number         0  iusefp.o ABSOLUTE
    ../fplib/microlib/fpadd.c                0x00000000   Number         0  dadd.o ABSOLUTE
    ../fplib/microlib/fpdiv.c                0x00000000   Number         0  ddiv.o ABSOLUTE
    ../fplib/microlib/fpepilogue.c           0x00000000   Number         0  depilogue.o ABSOLUTE
    ../fplib/microlib/fpfix.c                0x00000000   Number         0  dfixul.o ABSOLUTE
    ../fplib/microlib/fpflt.c                0x00000000   Number         0  dflti.o ABSOLUTE
    ../fplib/microlib/fpmul.c                0x00000000   Number         0  dmul.o ABSOLUTE
    ..\..\..\DRIVER\ADC.c                    0x00000000   Number         0  adc.o ABSOLUTE
    ..\..\..\DRIVER\button.c                 0x00000000   Number         0  button.o ABSOLUTE
    ..\..\..\DRIVER\led.c                    0x00000000   Number         0  led.o ABSOLUTE
    ..\..\..\DRIVER\uart.c                   0x00000000   Number         0  uart.o ABSOLUTE
    ..\..\..\SDK\components\boards\boards.c  0x00000000   Number         0  boards.o ABSOLUTE
    ..\..\..\SDK\components\libraries\atomic\nrf_atomic.c 0x00000000   Number         0  nrf_atomic.o ABSOLUTE
    ..\..\..\SDK\components\libraries\balloc\nrf_balloc.c 0x00000000   Number         0  nrf_balloc.o ABSOLUTE
    ..\..\..\SDK\components\libraries\fifo\app_fifo.c 0x00000000   Number         0  app_fifo.o ABSOLUTE
    ..\..\..\SDK\components\libraries\log\src\nrf_log_frontend.c 0x00000000   Number         0  nrf_log_frontend.o ABSOLUTE
    ..\..\..\SDK\components\libraries\log\src\nrf_log_str_formatter.c 0x00000000   Number         0  nrf_log_str_formatter.o ABSOLUTE
    ..\..\..\SDK\components\libraries\memobj\nrf_memobj.c 0x00000000   Number         0  nrf_memobj.o ABSOLUTE
    ..\..\..\SDK\components\libraries\ringbuf\nrf_ringbuf.c 0x00000000   Number         0  nrf_ringbuf.o ABSOLUTE
    ..\..\..\SDK\components\libraries\strerror\nrf_strerror.c 0x00000000   Number         0  nrf_strerror.o ABSOLUTE
    ..\..\..\SDK\components\libraries\timer\app_timer.c 0x00000000   Number         0  app_timer.o ABSOLUTE
    ..\..\..\SDK\components\libraries\uart\app_uart_fifo.c 0x00000000   Number         0  app_uart_fifo.o ABSOLUTE
    ..\..\..\SDK\components\libraries\uart\retarget.c 0x00000000   Number         0  retarget.o ABSOLUTE
    ..\..\..\SDK\components\libraries\util\app_error.c 0x00000000   Number         0  app_error.o ABSOLUTE
    ..\..\..\SDK\components\libraries\util\app_error_handler_keil.c 0x00000000   Number         0  app_error_handler_keil.o ABSOLUTE
    ..\..\..\SDK\components\libraries\util\app_error_weak.c 0x00000000   Number         0  app_error_weak.o ABSOLUTE
    ..\..\..\SDK\components\libraries\util\app_util_platform.c 0x00000000   Number         0  app_util_platform.o ABSOLUTE
    ..\..\..\SDK\components\libraries\util\nrf_assert.c 0x00000000   Number         0  nrf_assert.o ABSOLUTE
    ..\..\..\SDK\external\fprintf\nrf_fprintf.c 0x00000000   Number         0  nrf_fprintf.o ABSOLUTE
    ..\..\..\SDK\external\fprintf\nrf_fprintf_format.c 0x00000000   Number         0  nrf_fprintf_format.o ABSOLUTE
    ..\..\..\SDK\integration\nrfx\legacy\nrf_drv_uart.c 0x00000000   Number         0  nrf_drv_uart.o ABSOLUTE
    ..\..\..\SDK\modules\nrfx\drivers\src\nrfx_gpiote.c 0x00000000   Number         0  nrfx_gpiote.o ABSOLUTE
    ..\..\..\SDK\modules\nrfx\drivers\src\nrfx_saadc.c 0x00000000   Number         0  nrfx_saadc.o ABSOLUTE
    ..\..\..\SDK\modules\nrfx\drivers\src\nrfx_timer.c 0x00000000   Number         0  nrfx_timer.o ABSOLUTE
    ..\..\..\SDK\modules\nrfx\drivers\src\nrfx_uart.c 0x00000000   Number         0  nrfx_uart.o ABSOLUTE
    ..\..\..\SDK\modules\nrfx\drivers\src\nrfx_uarte.c 0x00000000   Number         0  nrfx_uarte.o ABSOLUTE
    ..\..\..\SDK\modules\nrfx\drivers\src\prs\nrfx_prs.c 0x00000000   Number         0  nrfx_prs.o ABSOLUTE
    ..\APPLICATION\main.c                    0x00000000   Number         0  main.o ABSOLUTE
    ..\\..\\..\\DRIVER\\ADC.c                0x00000000   Number         0  adc.o ABSOLUTE
    ..\\..\\..\\DRIVER\\button.c             0x00000000   Number         0  button.o ABSOLUTE
    ..\\..\\..\\DRIVER\\led.c                0x00000000   Number         0  led.o ABSOLUTE
    ..\\..\\..\\DRIVER\\uart.c               0x00000000   Number         0  uart.o ABSOLUTE
    ..\\..\\..\\SDK\\components\\boards\\boards.c 0x00000000   Number         0  boards.o ABSOLUTE
    ..\\..\\..\\SDK\\components\\libraries\\atomic\\nrf_atomic.c 0x00000000   Number         0  nrf_atomic.o ABSOLUTE
    ..\\..\\..\\SDK\\components\\libraries\\balloc\\nrf_balloc.c 0x00000000   Number         0  nrf_balloc.o ABSOLUTE
    ..\\..\\..\\SDK\\components\\libraries\\fifo\\app_fifo.c 0x00000000   Number         0  app_fifo.o ABSOLUTE
    ..\\..\\..\\SDK\\components\\libraries\\log\\src\\nrf_log_frontend.c 0x00000000   Number         0  nrf_log_frontend.o ABSOLUTE
    ..\\..\\..\\SDK\\components\\libraries\\log\\src\\nrf_log_str_formatter.c 0x00000000   Number         0  nrf_log_str_formatter.o ABSOLUTE
    ..\\..\\..\\SDK\\components\\libraries\\memobj\\nrf_memobj.c 0x00000000   Number         0  nrf_memobj.o ABSOLUTE
    ..\\..\\..\\SDK\\components\\libraries\\ringbuf\\nrf_ringbuf.c 0x00000000   Number         0  nrf_ringbuf.o ABSOLUTE
    ..\\..\\..\\SDK\\components\\libraries\\strerror\\nrf_strerror.c 0x00000000   Number         0  nrf_strerror.o ABSOLUTE
    ..\\..\\..\\SDK\\components\\libraries\\timer\\app_timer.c 0x00000000   Number         0  app_timer.o ABSOLUTE
    ..\\..\\..\\SDK\\components\\libraries\\uart\\app_uart_fifo.c 0x00000000   Number         0  app_uart_fifo.o ABSOLUTE
    ..\\..\\..\\SDK\\components\\libraries\\uart\\retarget.c 0x00000000   Number         0  retarget.o ABSOLUTE
    ..\\..\\..\\SDK\\components\\libraries\\util\\app_error.c 0x00000000   Number         0  app_error.o ABSOLUTE
    ..\\..\\..\\SDK\\components\\libraries\\util\\app_error_handler_keil.c 0x00000000   Number         0  app_error_handler_keil.o ABSOLUTE
    ..\\..\\..\\SDK\\components\\libraries\\util\\app_error_weak.c 0x00000000   Number         0  app_error_weak.o ABSOLUTE
    ..\\..\\..\\SDK\\components\\libraries\\util\\app_util_platform.c 0x00000000   Number         0  app_util_platform.o ABSOLUTE
    ..\\..\\..\\SDK\\components\\libraries\\util\\nrf_assert.c 0x00000000   Number         0  nrf_assert.o ABSOLUTE
    ..\\..\\..\\SDK\\external\\fprintf\\nrf_fprintf.c 0x00000000   Number         0  nrf_fprintf.o ABSOLUTE
    ..\\..\\..\\SDK\\external\\fprintf\\nrf_fprintf_format.c 0x00000000   Number         0  nrf_fprintf_format.o ABSOLUTE
    ..\\..\\..\\SDK\\integration\\nrfx\\legacy\\nrf_drv_uart.c 0x00000000   Number         0  nrf_drv_uart.o ABSOLUTE
    ..\\..\\..\\SDK\\modules\\nrfx\\drivers\\src\\nrfx_gpiote.c 0x00000000   Number         0  nrfx_gpiote.o ABSOLUTE
    ..\\..\\..\\SDK\\modules\\nrfx\\drivers\\src\\nrfx_saadc.c 0x00000000   Number         0  nrfx_saadc.o ABSOLUTE
    ..\\..\\..\\SDK\\modules\\nrfx\\drivers\\src\\nrfx_timer.c 0x00000000   Number         0  nrfx_timer.o ABSOLUTE
    ..\\..\\..\\SDK\\modules\\nrfx\\drivers\\src\\nrfx_uart.c 0x00000000   Number         0  nrfx_uart.o ABSOLUTE
    ..\\..\\..\\SDK\\modules\\nrfx\\drivers\\src\\nrfx_uarte.c 0x00000000   Number         0  nrfx_uarte.o ABSOLUTE
    ..\\..\\..\\SDK\\modules\\nrfx\\drivers\\src\\prs\\nrfx_prs.c 0x00000000   Number         0  nrfx_prs.o ABSOLUTE
    ..\\APPLICATION\\main.c                  0x00000000   Number         0  main.o ABSOLUTE
    RTE\Device\nRF52832_xxAA\arm_startup_nrf52.s 0x00000000   Number         0  arm_startup_nrf52.o ABSOLUTE
    RTE\Device\nRF52832_xxAA\system_nrf52.c  0x00000000   Number         0  system_nrf52.o ABSOLUTE
    RTE\\Device\\nRF52832_xxAA\\system_nrf52.c 0x00000000   Number         0  system_nrf52.o ABSOLUTE
    cdrcmple.s                               0x00000000   Number         0  cdrcmple.o ABSOLUTE
    dc.s                                     0x00000000   Number         0  dc.o ABSOLUTE
    handlers.s                               0x00000000   Number         0  handlers.o ABSOLUTE
    init.s                                   0x00000000   Number         0  init.o ABSOLUTE
    RESET                                    0x00026000   Section      512  arm_startup_nrf52.o(RESET)
    .ARM.Collect$$$$00000000                 0x00026200   Section        0  entry.o(.ARM.Collect$$$$00000000)
    .ARM.Collect$$$$00000001                 0x00026200   Section        4  entry2.o(.ARM.Collect$$$$00000001)
    .ARM.Collect$$$$00000004                 0x00026204   Section        4  entry5.o(.ARM.Collect$$$$00000004)
    .ARM.Collect$$$$00000008                 0x00026208   Section        0  entry7b.o(.ARM.Collect$$$$00000008)
    .ARM.Collect$$$$0000000A                 0x00026208   Section        0  entry8b.o(.ARM.Collect$$$$0000000A)
    .ARM.Collect$$$$0000000B                 0x00026208   Section        8  entry9a.o(.ARM.Collect$$$$0000000B)
    .ARM.Collect$$$$0000000D                 0x00026210   Section        0  entry10a.o(.ARM.Collect$$$$0000000D)
    .ARM.Collect$$$$0000000F                 0x00026210   Section        0  entry11a.o(.ARM.Collect$$$$0000000F)
    .ARM.Collect$$$$00002712                 0x00026210   Section        4  entry2.o(.ARM.Collect$$$$00002712)
    __lit__00000000                          0x00026210   Data           4  entry2.o(.ARM.Collect$$$$00002712)
    .text                                    0x00026214   Section       36  arm_startup_nrf52.o(.text)
    $v0                                      0x00026214   Number         0  arm_startup_nrf52.o(.text)
    .text                                    0x00026238   Section        0  memcpya.o(.text)
    .text                                    0x0002625c   Section        0  dmul.o(.text)
    .text                                    0x00026340   Section        0  dflti.o(.text)
    .text                                    0x00026362   Section        0  uidiv.o(.text)
    .text                                    0x0002638e   Section        0  uldiv.o(.text)
    .text                                    0x000263f0   Section        0  depilogue.o(.text)
    .text                                    0x000263f0   Section        0  iusefp.o(.text)
    .text                                    0x000264aa   Section        0  dadd.o(.text)
    .text                                    0x000265f8   Section        0  ddiv.o(.text)
    .text                                    0x000266d6   Section        0  dfixul.o(.text)
    .text                                    0x00026708   Section       48  cdrcmple.o(.text)
    .text                                    0x00026738   Section       36  init.o(.text)
    .text                                    0x0002675c   Section        0  llshl.o(.text)
    .text                                    0x0002677a   Section        0  llushr.o(.text)
    .text                                    0x0002679a   Section        0  llsshr.o(.text)
    i.ComUartBegin                           0x000267c0   Section        0  uart.o(i.ComUartBegin)
    i.DirectLedFlashSpeedH                   0x00026800   Section        0  led.o(i.DirectLedFlashSpeedH)
    i.DirectLedOn                            0x0002681e   Section        0  led.o(i.DirectLedOn)
    i.GPIOTE_IRQHandler                      0x00026830   Section        0  nrfx_gpiote.o(i.GPIOTE_IRQHandler)
    i.IOButtonInit                           0x00026984   Section        0  button.o(i.IOButtonInit)
    i.IRQ_BUTTON_CALLBACK_TASK               0x00026a08   Section        0  button.o(i.IRQ_BUTTON_CALLBACK_TASK)
    IRQ_BUTTON_CALLBACK_TASK                 0x00026a09   Thumb Code   126  button.o(i.IRQ_BUTTON_CALLBACK_TASK)
    i.IRQ_TIMER_DEBOUNCE_CALLBACK_TASK       0x00026ac0   Section        0  button.o(i.IRQ_TIMER_DEBOUNCE_CALLBACK_TASK)
    IRQ_TIMER_DEBOUNCE_CALLBACK_TASK         0x00026ac1   Thumb Code     6  button.o(i.IRQ_TIMER_DEBOUNCE_CALLBACK_TASK)
    i.NVIC_ClearPendingIRQ                   0x00026ad0   Section        0  app_timer.o(i.NVIC_ClearPendingIRQ)
    NVIC_ClearPendingIRQ                     0x00026ad1   Thumb Code    22  app_timer.o(i.NVIC_ClearPendingIRQ)
    i.NVIC_EnableIRQ                         0x00026ae6   Section        0  app_timer.o(i.NVIC_EnableIRQ)
    NVIC_EnableIRQ                           0x00026ae7   Thumb Code    22  app_timer.o(i.NVIC_EnableIRQ)
    i.NVIC_SetPendingIRQ                     0x00026afc   Section        0  app_timer.o(i.NVIC_SetPendingIRQ)
    NVIC_SetPendingIRQ                       0x00026afd   Thumb Code    22  app_timer.o(i.NVIC_SetPendingIRQ)
    i.RTC1_IRQHandler                        0x00026b14   Section        0  app_timer.o(i.RTC1_IRQHandler)
    i.SAADC_IRQHandler                       0x00026b38   Section        0  nrfx_saadc.o(i.SAADC_IRQHandler)
    i.SWI0_EGU0_IRQHandler                   0x00026c80   Section        0  app_timer.o(i.SWI0_EGU0_IRQHandler)
    i.SignalAdcInit                          0x00026c84   Section        0  adc.o(i.SignalAdcInit)
    i.SignalAdcReadChannel                   0x00026d64   Section        0  adc.o(i.SignalAdcReadChannel)
    i.SystemInit                             0x00026d7c   Section        0  system_nrf52.o(i.SystemInit)
    i.TIMER0_IRQHandler                      0x00027098   Section        0  nrfx_timer.o(i.TIMER0_IRQHandler)
    i.UARTE0_UART0_IRQHandler                0x000270e8   Section        0  nrfx_prs.o(i.UARTE0_UART0_IRQHandler)
    i.__0printf                              0x000270f4   Section        0  printfa.o(i.__0printf)
    i.__scatterload_copy                     0x00027114   Section       14  handlers.o(i.__scatterload_copy)
    i.__scatterload_null                     0x00027122   Section        2  handlers.o(i.__scatterload_null)
    i.__scatterload_zeroinit                 0x00027124   Section       14  handlers.o(i.__scatterload_zeroinit)
    i._fp_digits                             0x00027134   Section        0  printfa.o(i._fp_digits)
    _fp_digits                               0x00027135   Thumb Code   366  printfa.o(i._fp_digits)
    i._printf_core                           0x000272b8   Section        0  printfa.o(i._printf_core)
    _printf_core                             0x000272b9   Thumb Code  1744  printfa.o(i._printf_core)
    i._printf_post_padding                   0x00027994   Section        0  printfa.o(i._printf_post_padding)
    _printf_post_padding                     0x00027995   Thumb Code    36  printfa.o(i._printf_post_padding)
    i._printf_pre_padding                    0x000279b8   Section        0  printfa.o(i._printf_pre_padding)
    _printf_pre_padding                      0x000279b9   Thumb Code    46  printfa.o(i._printf_pre_padding)
    i.app_error_fault_handler                0x000279e8   Section        0  app_error_weak.o(i.app_error_fault_handler)
    i.app_error_handler_bare                 0x00027a18   Section        0  app_error.o(i.app_error_handler_bare)
    i.app_fifo_get                           0x00027a2e   Section        0  app_fifo.o(i.app_fifo_get)
    i.app_fifo_init                          0x00027a44   Section        0  app_fifo.o(i.app_fifo_init)
    i.app_fifo_put                           0x00027a64   Section        0  app_fifo.o(i.app_fifo_put)
    i.app_timer_create                       0x00027a80   Section        0  app_timer.o(i.app_timer_create)
    i.app_timer_start                        0x00027aa4   Section        0  app_timer.o(i.app_timer_start)
    i.app_uart_init                          0x00027b24   Section        0  app_uart_fifo.o(i.app_uart_init)
    i.app_uart_put                           0x00027bc8   Section        0  app_uart_fifo.o(i.app_uart_put)
    i.app_util_critical_region_enter         0x00027c1c   Section        0  app_util_platform.o(i.app_util_critical_region_enter)
    i.app_util_critical_region_exit          0x00027c20   Section        0  app_util_platform.o(i.app_util_critical_region_exit)
    i.app_util_disable_irq                   0x00027c24   Section        0  app_util_platform.o(i.app_util_disable_irq)
    i.app_util_enable_irq                    0x00027c34   Section        0  app_util_platform.o(i.app_util_enable_irq)
    i.apply_config                           0x00027c48   Section        0  nrfx_uart.o(i.apply_config)
    apply_config                             0x00027c49   Thumb Code   136  nrfx_uart.o(i.apply_config)
    i.apply_config                           0x00027cd0   Section        0  nrfx_uarte.o(i.apply_config)
    apply_config                             0x00027cd1   Thumb Code   136  nrfx_uarte.o(i.apply_config)
    i.channel_free                           0x00027d58   Section        0  nrfx_gpiote.o(i.channel_free)
    channel_free                             0x00027d59   Thumb Code    22  nrfx_gpiote.o(i.channel_free)
    i.channel_port_alloc                     0x00027d74   Section        0  nrfx_gpiote.o(i.channel_port_alloc)
    channel_port_alloc                       0x00027d75   Thumb Code    66  nrfx_gpiote.o(i.channel_port_alloc)
    i.channel_port_get                       0x00027dbc   Section        0  nrfx_gpiote.o(i.channel_port_get)
    channel_port_get                         0x00027dbd   Thumb Code    10  nrfx_gpiote.o(i.channel_port_get)
    i.compare_reg_update                     0x00027dcc   Section        0  app_timer.o(i.compare_reg_update)
    compare_reg_update                       0x00027dcd   Thumb Code   160  app_timer.o(i.compare_reg_update)
    i.elapsed_ticks_acquire                  0x00027e78   Section        0  app_timer.o(i.elapsed_ticks_acquire)
    elapsed_ticks_acquire                    0x00027e79   Thumb Code    58  app_timer.o(i.elapsed_ticks_acquire)
    i.fifo_get                               0x00027eb8   Section        0  app_fifo.o(i.fifo_get)
    fifo_get                                 0x00027eb9   Thumb Code    20  app_fifo.o(i.fifo_get)
    i.fifo_put                               0x00027ecc   Section        0  app_fifo.o(i.fifo_put)
    fifo_put                                 0x00027ecd   Thumb Code    18  app_fifo.o(i.fifo_put)
    i.fputc                                  0x00027ede   Section        0  retarget.o(i.fputc)
    i.interrupts_enable                      0x00027eec   Section        0  nrfx_uarte.o(i.interrupts_enable)
    interrupts_enable                        0x00027eed   Thumb Code   122  nrfx_uarte.o(i.interrupts_enable)
    i.list_insertions_handler                0x00027f6c   Section        0  app_timer.o(i.list_insertions_handler)
    list_insertions_handler                  0x00027f6d   Thumb Code   234  app_timer.o(i.list_insertions_handler)
    i.main                                   0x00028064   Section        0  main.o(i.main)
    i.nrf_bitmask_bit_is_set                 0x000280ec   Section        0  nrfx_gpiote.o(i.nrf_bitmask_bit_is_set)
    nrf_bitmask_bit_is_set                   0x000280ed   Thumb Code    16  nrfx_gpiote.o(i.nrf_bitmask_bit_is_set)
    i.nrf_bitmask_bit_set                    0x000280fc   Section        0  nrfx_gpiote.o(i.nrf_bitmask_bit_set)
    nrf_bitmask_bit_set                      0x000280fd   Thumb Code    20  nrfx_gpiote.o(i.nrf_bitmask_bit_set)
    i.nrf_delay_ms                           0x00028110   Section        0  main.o(i.nrf_delay_ms)
    nrf_delay_ms                             0x00028111   Thumb Code    28  main.o(i.nrf_delay_ms)
    i.nrf_delay_ms                           0x00028130   Section        0  led.o(i.nrf_delay_ms)
    nrf_delay_ms                             0x00028131   Thumb Code    28  led.o(i.nrf_delay_ms)
    i.nrf_drv_uart_init                      0x00028150   Section        0  nrf_drv_uart.o(i.nrf_drv_uart_init)
    i.nrf_drv_uart_rx                        0x000281b8   Section        0  app_uart_fifo.o(i.nrf_drv_uart_rx)
    nrf_drv_uart_rx                          0x000281b9   Thumb Code    26  app_uart_fifo.o(i.nrf_drv_uart_rx)
    i.nrf_drv_uart_tx                        0x000281d8   Section        0  app_uart_fifo.o(i.nrf_drv_uart_tx)
    nrf_drv_uart_tx                          0x000281d9   Thumb Code    26  app_uart_fifo.o(i.nrf_drv_uart_tx)
    i.nrf_gpio_cfg                           0x000281f8   Section        0  nrfx_uart.o(i.nrf_gpio_cfg)
    nrf_gpio_cfg                             0x000281f9   Thumb Code    36  nrfx_uart.o(i.nrf_gpio_cfg)
    i.nrf_gpio_cfg                           0x0002821c   Section        0  nrfx_uarte.o(i.nrf_gpio_cfg)
    nrf_gpio_cfg                             0x0002821d   Thumb Code    36  nrfx_uarte.o(i.nrf_gpio_cfg)
    i.nrf_gpio_cfg                           0x00028240   Section        0  nrfx_gpiote.o(i.nrf_gpio_cfg)
    nrf_gpio_cfg                             0x00028241   Thumb Code    36  nrfx_gpiote.o(i.nrf_gpio_cfg)
    i.nrf_gpio_cfg_input                     0x00028264   Section        0  nrfx_uart.o(i.nrf_gpio_cfg_input)
    nrf_gpio_cfg_input                       0x00028265   Thumb Code    18  nrfx_uart.o(i.nrf_gpio_cfg_input)
    i.nrf_gpio_cfg_input                     0x00028276   Section        0  nrfx_uarte.o(i.nrf_gpio_cfg_input)
    nrf_gpio_cfg_input                       0x00028277   Thumb Code    18  nrfx_uarte.o(i.nrf_gpio_cfg_input)
    i.nrf_gpio_cfg_output                    0x00028288   Section        0  nrfx_uart.o(i.nrf_gpio_cfg_output)
    nrf_gpio_cfg_output                      0x00028289   Thumb Code    20  nrfx_uart.o(i.nrf_gpio_cfg_output)
    i.nrf_gpio_cfg_output                    0x0002829c   Section        0  nrfx_uarte.o(i.nrf_gpio_cfg_output)
    nrf_gpio_cfg_output                      0x0002829d   Thumb Code    20  nrfx_uarte.o(i.nrf_gpio_cfg_output)
    i.nrf_gpio_cfg_output                    0x000282b0   Section        0  led.o(i.nrf_gpio_cfg_output)
    nrf_gpio_cfg_output                      0x000282b1   Thumb Code    16  led.o(i.nrf_gpio_cfg_output)
    i.nrf_gpio_cfg_sense_set                 0x000282c0   Section        0  nrfx_gpiote.o(i.nrf_gpio_cfg_sense_set)
    nrf_gpio_cfg_sense_set                   0x000282c1   Thumb Code    34  nrfx_gpiote.o(i.nrf_gpio_cfg_sense_set)
    i.nrf_gpio_pin_clear                     0x000282e2   Section        0  led.o(i.nrf_gpio_pin_clear)
    nrf_gpio_pin_clear                       0x000282e3   Thumb Code    14  led.o(i.nrf_gpio_pin_clear)
    i.nrf_gpio_pin_read                      0x000282f0   Section        0  button.o(i.nrf_gpio_pin_read)
    nrf_gpio_pin_read                        0x000282f1   Thumb Code    16  button.o(i.nrf_gpio_pin_read)
    i.nrf_gpio_pin_set                       0x00028300   Section        0  led.o(i.nrf_gpio_pin_set)
    nrf_gpio_pin_set                         0x00028301   Thumb Code    14  led.o(i.nrf_gpio_pin_set)
    i.nrf_gpio_ports_read                    0x00028310   Section        0  nrfx_gpiote.o(i.nrf_gpio_ports_read)
    nrf_gpio_ports_read                      0x00028311   Thumb Code    34  nrfx_gpiote.o(i.nrf_gpio_ports_read)
    i.nrf_gpiote_event_clear                 0x00028338   Section        0  nrfx_gpiote.o(i.nrf_gpiote_event_clear)
    nrf_gpiote_event_clear                   0x00028339   Thumb Code    16  nrfx_gpiote.o(i.nrf_gpiote_event_clear)
    i.nrf_gpiote_event_is_set                0x0002834c   Section        0  nrfx_gpiote.o(i.nrf_gpiote_event_is_set)
    nrf_gpiote_event_is_set                  0x0002834d   Thumb Code    12  nrfx_gpiote.o(i.nrf_gpiote_event_is_set)
    i.nrf_saadc_buffer_init                  0x0002835c   Section        0  nrfx_saadc.o(i.nrf_saadc_buffer_init)
    nrf_saadc_buffer_init                    0x0002835d   Thumb Code    10  nrfx_saadc.o(i.nrf_saadc_buffer_init)
    i.nrf_saadc_channel_input_set            0x0002836c   Section        0  nrfx_saadc.o(i.nrf_saadc_channel_input_set)
    nrf_saadc_channel_input_set              0x0002836d   Thumb Code    16  nrfx_saadc.o(i.nrf_saadc_channel_input_set)
    i.nrf_saadc_event_check                  0x00028380   Section        0  nrfx_saadc.o(i.nrf_saadc_event_check)
    nrf_saadc_event_check                    0x00028381   Thumb Code    12  nrfx_saadc.o(i.nrf_saadc_event_check)
    i.nrf_saadc_event_clear                  0x00028390   Section        0  nrfx_saadc.o(i.nrf_saadc_event_clear)
    nrf_saadc_event_clear                    0x00028391   Thumb Code    16  nrfx_saadc.o(i.nrf_saadc_event_clear)
    i.nrf_timer_event_clear                  0x000283a4   Section        0  nrfx_timer.o(i.nrf_timer_event_clear)
    nrf_timer_event_clear                    0x000283a5   Thumb Code    12  nrfx_timer.o(i.nrf_timer_event_clear)
    i.nrf_uart_event_check                   0x000283b0   Section        0  nrfx_uart.o(i.nrf_uart_event_check)
    nrf_uart_event_check                     0x000283b1   Thumb Code    10  nrfx_uart.o(i.nrf_uart_event_check)
    i.nrf_uart_event_clear                   0x000283ba   Section        0  nrfx_uart.o(i.nrf_uart_event_clear)
    nrf_uart_event_clear                     0x000283bb   Thumb Code    12  nrfx_uart.o(i.nrf_uart_event_clear)
    i.nrf_uart_int_enable_check              0x000283c6   Section        0  nrfx_uart.o(i.nrf_uart_int_enable_check)
    nrf_uart_int_enable_check                0x000283c7   Thumb Code    12  nrfx_uart.o(i.nrf_uart_int_enable_check)
    i.nrf_uarte_event_check                  0x000283d2   Section        0  nrfx_uarte.o(i.nrf_uarte_event_check)
    nrf_uarte_event_check                    0x000283d3   Thumb Code    10  nrfx_uarte.o(i.nrf_uarte_event_check)
    i.nrf_uarte_event_clear                  0x000283dc   Section        0  nrfx_uarte.o(i.nrf_uarte_event_clear)
    nrf_uarte_event_clear                    0x000283dd   Thumb Code    12  nrfx_uarte.o(i.nrf_uarte_event_clear)
    i.nrfx_coredep_delay_us                  0x000283e8   Section        0  nrfx_saadc.o(i.nrfx_coredep_delay_us)
    nrfx_coredep_delay_us                    0x000283e9   Thumb Code    12  nrfx_saadc.o(i.nrfx_coredep_delay_us)
    i.nrfx_coredep_delay_us                  0x000283f8   Section        0  app_timer.o(i.nrfx_coredep_delay_us)
    nrfx_coredep_delay_us                    0x000283f9   Thumb Code    12  app_timer.o(i.nrfx_coredep_delay_us)
    i.nrfx_gpiote_in_event_enable            0x00028408   Section        0  nrfx_gpiote.o(i.nrfx_gpiote_in_event_enable)
    i.nrfx_gpiote_in_init                    0x000284ac   Section        0  nrfx_gpiote.o(i.nrfx_gpiote_in_init)
    i.nrfx_gpiote_init                       0x0002857c   Section        0  nrfx_gpiote.o(i.nrfx_gpiote_init)
    i.nrfx_is_in_ram                         0x000285ec   Section        0  nrfx_uarte.o(i.nrfx_is_in_ram)
    nrfx_is_in_ram                           0x000285ed   Thumb Code    16  nrfx_uarte.o(i.nrfx_is_in_ram)
    i.nrfx_prs_acquire                       0x000285fc   Section        0  nrfx_prs.o(i.nrfx_prs_acquire)
    i.nrfx_saadc_channel_init                0x0002862c   Section        0  nrfx_saadc.o(i.nrfx_saadc_channel_init)
    i.nrfx_saadc_init                        0x000286b8   Section        0  nrfx_saadc.o(i.nrfx_saadc_init)
    i.nrfx_saadc_sample_convert              0x00028748   Section        0  nrfx_saadc.o(i.nrfx_saadc_sample_convert)
    i.nrfx_uart_0_irq_handler                0x00028808   Section        0  nrfx_uart.o(i.nrfx_uart_0_irq_handler)
    i.nrfx_uart_init                         0x00028818   Section        0  nrfx_uart.o(i.nrfx_uart_init)
    i.nrfx_uart_rx                           0x000288ec   Section        0  nrfx_uart.o(i.nrfx_uart_rx)
    i.nrfx_uart_tx                           0x000289d8   Section        0  nrfx_uart.o(i.nrfx_uart_tx)
    i.nrfx_uart_tx_in_progress               0x00028a7c   Section        0  nrfx_uart.o(i.nrfx_uart_tx_in_progress)
    i.nrfx_uarte_0_irq_handler               0x00028a9c   Section        0  nrfx_uarte.o(i.nrfx_uarte_0_irq_handler)
    i.nrfx_uarte_init                        0x00028aac   Section        0  nrfx_uarte.o(i.nrfx_uarte_init)
    i.nrfx_uarte_rx                          0x00028b18   Section        0  nrfx_uarte.o(i.nrfx_uarte_rx)
    i.nrfx_uarte_tx                          0x00028c1c   Section        0  nrfx_uarte.o(i.nrfx_uarte_tx)
    i.nrfx_uarte_tx_in_progress              0x00028cac   Section        0  nrfx_uarte.o(i.nrfx_uarte_tx_in_progress)
    i.pin_in_use_by_port                     0x00028cc8   Section        0  nrfx_gpiote.o(i.pin_in_use_by_port)
    pin_in_use_by_port                       0x00028cc9   Thumb Code    20  nrfx_gpiote.o(i.pin_in_use_by_port)
    i.pin_in_use_by_te                       0x00028ce0   Section        0  nrfx_gpiote.o(i.pin_in_use_by_te)
    pin_in_use_by_te                         0x00028ce1   Thumb Code    20  nrfx_gpiote.o(i.pin_in_use_by_te)
    i.prs_box_get                            0x00028cf8   Section        0  nrfx_prs.o(i.prs_box_get)
    prs_box_get                              0x00028cf9   Thumb Code    14  nrfx_prs.o(i.prs_box_get)
    i.rtc1_stop                              0x00028d10   Section        0  app_timer.o(i.rtc1_stop)
    rtc1_stop                                0x00028d11   Thumb Code    52  app_timer.o(i.rtc1_stop)
    i.rx_byte                                0x00028d4c   Section        0  nrfx_uart.o(i.rx_byte)
    rx_byte                                  0x00028d4d   Thumb Code    50  nrfx_uart.o(i.rx_byte)
    i.rx_done_event                          0x00028d7e   Section        0  nrfx_uart.o(i.rx_done_event)
    rx_done_event                            0x00028d7f   Thumb Code    22  nrfx_uart.o(i.rx_done_event)
    i.rx_done_event                          0x00028d94   Section        0  nrfx_uarte.o(i.rx_done_event)
    rx_done_event                            0x00028d95   Thumb Code    24  nrfx_uarte.o(i.rx_done_event)
    i.rx_enable                              0x00028dac   Section        0  nrfx_uart.o(i.rx_enable)
    rx_enable                                0x00028dad   Thumb Code    32  nrfx_uart.o(i.rx_enable)
    i.saadc_callback                         0x00028dcc   Section        0  adc.o(i.saadc_callback)
    i.timer_list_handler                     0x00028dd0   Section        0  app_timer.o(i.timer_list_handler)
    timer_list_handler                       0x00028dd1   Thumb Code   122  app_timer.o(i.timer_list_handler)
    i.timer_list_insert                      0x00028e50   Section        0  app_timer.o(i.timer_list_insert)
    timer_list_insert                        0x00028e51   Thumb Code    56  app_timer.o(i.timer_list_insert)
    i.timer_list_remove                      0x00028e8c   Section        0  app_timer.o(i.timer_list_remove)
    timer_list_remove                        0x00028e8d   Thumb Code    88  app_timer.o(i.timer_list_remove)
    i.timer_timeouts_check                   0x00028eec   Section        0  app_timer.o(i.timer_timeouts_check)
    timer_timeouts_check                     0x00028eed   Thumb Code   106  app_timer.o(i.timer_timeouts_check)
    i.tx_byte                                0x00028f60   Section        0  nrfx_uart.o(i.tx_byte)
    tx_byte                                  0x00028f61   Thumb Code    32  nrfx_uart.o(i.tx_byte)
    i.tx_done_event                          0x00028f80   Section        0  nrfx_uart.o(i.tx_done_event)
    tx_done_event                            0x00028f81   Thumb Code    26  nrfx_uart.o(i.tx_done_event)
    i.uart_error_handle                      0x00028f9a   Section        0  uart.o(i.uart_error_handle)
    i.uart_event_handler                     0x00028fac   Section        0  app_uart_fifo.o(i.uart_event_handler)
    uart_event_handler                       0x00028fad   Thumb Code   152  app_uart_fifo.o(i.uart_event_handler)
    i.uart_evt_handler                       0x0002904c   Section        0  nrf_drv_uart.o(i.uart_evt_handler)
    uart_evt_handler                         0x0002904d   Thumb Code    42  nrf_drv_uart.o(i.uart_evt_handler)
    i.uart_irq_handler                       0x0002907c   Section        0  nrfx_uart.o(i.uart_irq_handler)
    uart_irq_handler                         0x0002907d   Thumb Code   296  nrfx_uart.o(i.uart_irq_handler)
    i.uarte_evt_handler                      0x000291a4   Section        0  nrf_drv_uart.o(i.uarte_evt_handler)
    uarte_evt_handler                        0x000291a5   Thumb Code    42  nrf_drv_uart.o(i.uarte_evt_handler)
    i.uarte_irq_handler                      0x000291d4   Section        0  nrfx_uarte.o(i.uarte_irq_handler)
    uarte_irq_handler                        0x000291d5   Thumb Code   244  nrfx_uarte.o(i.uarte_irq_handler)
    i.user_op_alloc                          0x000292c8   Section        0  app_timer.o(i.user_op_alloc)
    user_op_alloc                            0x000292c9   Thumb Code    42  app_timer.o(i.user_op_alloc)
    .constdata                               0x00029300   Section        6  main.o(.constdata)
    delay_bytecode                           0x00029300   Data           6  main.o(.constdata)
    .constdata                               0x00029308   Section        4  nrfx_uart.o(.constdata)
    irq_handlers                             0x00029308   Data           4  nrfx_uart.o(.constdata)
    .constdata                               0x0002930c   Section        4  nrfx_uarte.o(.constdata)
    irq_handlers                             0x0002930c   Data           4  nrfx_uarte.o(.constdata)
    .constdata                               0x00029310   Section        6  nrfx_saadc.o(.constdata)
    delay_bytecode                           0x00029310   Data           6  nrfx_saadc.o(.constdata)
    .constdata                               0x00029318   Section       32  app_uart_fifo.o(.constdata)
    .constdata                               0x00029340   Section        6  app_timer.o(.constdata)
    delay_bytecode                           0x00029340   Data           6  app_timer.o(.constdata)
    .constdata                               0x00029348   Section        4  nrfx_gpiote.o(.constdata)
    .constdata                               0x00029350   Section        6  led.o(.constdata)
    delay_bytecode                           0x00029350   Data           6  led.o(.constdata)
    .constdata                               0x00029358   Section       97  adc.o(.constdata)
    default_config                           0x00029358   Data           4  adc.o(.constdata)
    .constdata                               0x000293bc   Section        8  button.o(.constdata)
    TIMER_DEBOUNCE                           0x000293c0   Data           4  button.o(.constdata)
    .conststring                             0x000293c4   Section       66  main.o(.conststring)
    .data                                    0x20002a98   Section       12  nrf_drv_uart.o(.data)
    m_handlers                               0x20002a9c   Data           4  nrf_drv_uart.o(.data)
    m_contexts                               0x20002aa0   Data           4  nrf_drv_uart.o(.data)
    .data                                    0x20002aa4   Section        8  nrfx_prs.o(.data)
    m_prs_box_4                              0x20002aa4   Data           8  nrfx_prs.o(.data)
    .data                                    0x20002aac   Section       28  app_uart_fifo.o(.data)
    tx_buffer                                0x20002aac   Data           1  app_uart_fifo.o(.data)
    rx_buffer                                0x20002aad   Data           1  app_uart_fifo.o(.data)
    m_rx_ovf                                 0x20002aae   Data           1  app_uart_fifo.o(.data)
    m_event_handler                          0x20002ab0   Data           4  app_uart_fifo.o(.data)
    app_uart_inst                            0x20002ab4   Data          20  app_uart_fifo.o(.data)
    .data                                    0x20002ac8   Section        4  app_util_platform.o(.data)
    m_in_critical_region                     0x20002ac8   Data           4  app_util_platform.o(.data)
    .data                                    0x20002acc   Section        4  retarget.o(.data)
    .data                                    0x20002ad0   Section       20  app_timer.o(.data)
    m_ticks_elapsed_q_read_ind               0x20002ad0   Data           1  app_timer.o(.data)
    m_ticks_elapsed_q_write_ind              0x20002ad1   Data           1  app_timer.o(.data)
    m_rtc1_running                           0x20002ad2   Data           1  app_timer.o(.data)
    m_rtc1_reset                             0x20002ad3   Data           1  app_timer.o(.data)
    mp_timer_id_head                         0x20002ad4   Data           4  app_timer.o(.data)
    m_ticks_latest                           0x20002ad8   Data           4  app_timer.o(.data)
    m_ticks_elapsed                          0x20002adc   Data           8  app_timer.o(.data)
    .data                                    0x20002ae4   Section       24  uart.o(.data)
    .data                                    0x20002afc   Section        1  button.o(.data)
    BUTTON_IRQ_Value                         0x20002afc   Data           1  button.o(.data)
    .data                                    0x20002b00   Section        4  system_nrf52.o(.data)
    __tagsym$$used                           0x20002b00   Number         0  system_nrf52.o(.data)
    .bss                                     0x20002b04   Section       44  nrfx_uart.o(.bss)
    m_cb                                     0x20002b04   Data          44  nrfx_uart.o(.bss)
    .bss                                     0x20002b30   Section       36  nrfx_uarte.o(.bss)
    m_cb                                     0x20002b30   Data          36  nrfx_uarte.o(.bss)
    .bss                                     0x20002b54   Section       48  nrfx_saadc.o(.bss)
    m_cb                                     0x20002b54   Data          48  nrfx_saadc.o(.bss)
    .bss                                     0x20002b84   Section       12  nrfx_timer.o(.bss)
    m_cb                                     0x20002b84   Data          12  nrfx_timer.o(.bss)
    .bss                                     0x20002b90   Section       32  app_uart_fifo.o(.bss)
    m_rx_fifo                                0x20002b90   Data          16  app_uart_fifo.o(.bss)
    m_tx_fifo                                0x20002ba0   Data          16  app_uart_fifo.o(.bss)
    .bss                                     0x20002bb0   Section      268  app_timer.o(.bss)
    m_op_queue                               0x20002bb0   Data         268  app_timer.o(.bss)
    .bss                                     0x20002cbc   Section       76  nrfx_gpiote.o(.bss)
    m_cb                                     0x20002cbc   Data          76  nrfx_gpiote.o(.bss)
    .bss                                     0x20002d08   Section      512  uart.o(.bss)
    rx_buf                                   0x20002d08   Data         256  uart.o(.bss)
    tx_buf                                   0x20002e08   Data         256  uart.o(.bss)
    .bss                                     0x20002f08   Section       16  adc.o(.bss)
    .bss                                     0x20002f18   Section       32  button.o(.bss)
    TIMER_DEBOUNCE_data                      0x20002f18   Data          32  button.o(.bss)
    STACK                                    0x20002f38   Section     8192  arm_startup_nrf52.o(STACK)

    Global Symbols

    Symbol Name                              Value     Ov Type        Size  Object(Section)

    BuildAttributes$$THM_ISAv4$E$P$D$K$B$S$7EM$VFPi3$EXTD16$VFPS$VFMA$PE$A:L22UL41UL21$X:L11$S22US41US21$IEEE1$IW$USESV6$~STKCKD$USESV7$~SHL$OSPACE$ROPI$EBA8$MICROLIB$REQ8$EABIv2 0x00000000   Number         0  anon$$obj.o ABSOLUTE
    __ARM_use_no_argv                        0x00000000   Number         0  main.o ABSOLUTE
    _printf_a                                0x00000000   Number         0  stubs.o ABSOLUTE
    _printf_c                                0x00000000   Number         0  stubs.o ABSOLUTE
    _printf_charcount                        0x00000000   Number         0  stubs.o ABSOLUTE
    _printf_d                                0x00000000   Number         0  stubs.o ABSOLUTE
    _printf_e                                0x00000000   Number         0  stubs.o ABSOLUTE
    _printf_f                                0x00000000   Number         0  stubs.o ABSOLUTE
    _printf_flags                            0x00000000   Number         0  stubs.o ABSOLUTE
    _printf_fp_dec                           0x00000000   Number         0  stubs.o ABSOLUTE
    _printf_fp_hex                           0x00000000   Number         0  stubs.o ABSOLUTE
    _printf_g                                0x00000000   Number         0  stubs.o ABSOLUTE
    _printf_i                                0x00000000   Number         0  stubs.o ABSOLUTE
    _printf_int_dec                          0x00000000   Number         0  stubs.o ABSOLUTE
    _printf_l                                0x00000000   Number         0  stubs.o ABSOLUTE
    _printf_lc                               0x00000000   Number         0  stubs.o ABSOLUTE
    _printf_ll                               0x00000000   Number         0  stubs.o ABSOLUTE
    _printf_lld                              0x00000000   Number         0  stubs.o ABSOLUTE
    _printf_lli                              0x00000000   Number         0  stubs.o ABSOLUTE
    _printf_llo                              0x00000000   Number         0  stubs.o ABSOLUTE
    _printf_llu                              0x00000000   Number         0  stubs.o ABSOLUTE
    _printf_llx                              0x00000000   Number         0  stubs.o ABSOLUTE
    _printf_longlong_dec                     0x00000000   Number         0  stubs.o ABSOLUTE
    _printf_longlong_hex                     0x00000000   Number         0  stubs.o ABSOLUTE
    _printf_longlong_oct                     0x00000000   Number         0  stubs.o ABSOLUTE
    _printf_ls                               0x00000000   Number         0  stubs.o ABSOLUTE
    _printf_mbtowc                           0x00000000   Number         0  stubs.o ABSOLUTE
    _printf_n                                0x00000000   Number         0  stubs.o ABSOLUTE
    _printf_o                                0x00000000   Number         0  stubs.o ABSOLUTE
    _printf_p                                0x00000000   Number         0  stubs.o ABSOLUTE
    _printf_percent                          0x00000000   Number         0  stubs.o ABSOLUTE
    _printf_pre_padding                      0x00000000   Number         0  stubs.o ABSOLUTE
    _printf_return_value                     0x00000000   Number         0  stubs.o ABSOLUTE
    _printf_s                                0x00000000   Number         0  stubs.o ABSOLUTE
    _printf_sizespec                         0x00000000   Number         0  stubs.o ABSOLUTE
    _printf_str                              0x00000000   Number         0  stubs.o ABSOLUTE
    _printf_truncate_signed                  0x00000000   Number         0  stubs.o ABSOLUTE
    _printf_truncate_unsigned                0x00000000   Number         0  stubs.o ABSOLUTE
    _printf_u                                0x00000000   Number         0  stubs.o ABSOLUTE
    _printf_wc                               0x00000000   Number         0  stubs.o ABSOLUTE
    _printf_wctomb                           0x00000000   Number         0  stubs.o ABSOLUTE
    _printf_widthprec                        0x00000000   Number         0  stubs.o ABSOLUTE
    _printf_x                                0x00000000   Number         0  stubs.o ABSOLUTE
    __cpp_initialize__aeabi_                  - Undefined Weak Reference
    __cxa_finalize                            - Undefined Weak Reference
    __decompress                              - Undefined Weak Reference
    _clock_init                               - Undefined Weak Reference
    _microlib_exit                            - Undefined Weak Reference
    __Vectors_Size                           0x00000200   Number         0  arm_startup_nrf52.o ABSOLUTE
    __Vectors                                0x00026000   Data           4  arm_startup_nrf52.o(RESET)
    __Vectors_End                            0x00026200   Data           0  arm_startup_nrf52.o(RESET)
    __main                                   0x00026201   Thumb Code     0  entry.o(.ARM.Collect$$$$00000000)
    _main_stk                                0x00026201   Thumb Code     0  entry2.o(.ARM.Collect$$$$00000001)
    _main_scatterload                        0x00026205   Thumb Code     0  entry5.o(.ARM.Collect$$$$00000004)
    __main_after_scatterload                 0x00026209   Thumb Code     0  entry5.o(.ARM.Collect$$$$00000004)
    _main_clock                              0x00026209   Thumb Code     0  entry7b.o(.ARM.Collect$$$$00000008)
    _main_cpp_init                           0x00026209   Thumb Code     0  entry8b.o(.ARM.Collect$$$$0000000A)
    _main_init                               0x00026209   Thumb Code     0  entry9a.o(.ARM.Collect$$$$0000000B)
    __rt_final_cpp                           0x00026211   Thumb Code     0  entry10a.o(.ARM.Collect$$$$0000000D)
    __rt_final_exit                          0x00026211   Thumb Code     0  entry11a.o(.ARM.Collect$$$$0000000F)
    Reset_Handler                            0x00026215   Thumb Code     8  arm_startup_nrf52.o(.text)
    NMI_Handler                              0x0002621d   Thumb Code     2  arm_startup_nrf52.o(.text)
    HardFault_Handler                        0x0002621f   Thumb Code     2  arm_startup_nrf52.o(.text)
    MemoryManagement_Handler                 0x00026221   Thumb Code     2  arm_startup_nrf52.o(.text)
    BusFault_Handler                         0x00026223   Thumb Code     2  arm_startup_nrf52.o(.text)
    UsageFault_Handler                       0x00026225   Thumb Code     2  arm_startup_nrf52.o(.text)
    SVC_Handler                              0x00026227   Thumb Code     2  arm_startup_nrf52.o(.text)
    DebugMon_Handler                         0x00026229   Thumb Code     2  arm_startup_nrf52.o(.text)
    PendSV_Handler                           0x0002622b   Thumb Code     2  arm_startup_nrf52.o(.text)
    SysTick_Handler                          0x0002622d   Thumb Code     2  arm_startup_nrf52.o(.text)
    CCM_AAR_IRQHandler                       0x0002622f   Thumb Code     0  arm_startup_nrf52.o(.text)
    COMP_LPCOMP_IRQHandler                   0x0002622f   Thumb Code     0  arm_startup_nrf52.o(.text)
    ECB_IRQHandler                           0x0002622f   Thumb Code     0  arm_startup_nrf52.o(.text)
    FPU_IRQHandler                           0x0002622f   Thumb Code     0  arm_startup_nrf52.o(.text)
    I2S_IRQHandler                           0x0002622f   Thumb Code     0  arm_startup_nrf52.o(.text)
    MWU_IRQHandler                           0x0002622f   Thumb Code     0  arm_startup_nrf52.o(.text)
    NFCT_IRQHandler                          0x0002622f   Thumb Code     0  arm_startup_nrf52.o(.text)
    PDM_IRQHandler                           0x0002622f   Thumb Code     0  arm_startup_nrf52.o(.text)
    POWER_CLOCK_IRQHandler                   0x0002622f   Thumb Code     0  arm_startup_nrf52.o(.text)
    PWM0_IRQHandler                          0x0002622f   Thumb Code     0  arm_startup_nrf52.o(.text)
    PWM1_IRQHandler                          0x0002622f   Thumb Code     0  arm_startup_nrf52.o(.text)
    PWM2_IRQHandler                          0x0002622f   Thumb Code     0  arm_startup_nrf52.o(.text)
    QDEC_IRQHandler                          0x0002622f   Thumb Code     0  arm_startup_nrf52.o(.text)
    RADIO_IRQHandler                         0x0002622f   Thumb Code     0  arm_startup_nrf52.o(.text)
    RNG_IRQHandler                           0x0002622f   Thumb Code     0  arm_startup_nrf52.o(.text)
    RTC0_IRQHandler                          0x0002622f   Thumb Code     0  arm_startup_nrf52.o(.text)
    RTC2_IRQHandler                          0x0002622f   Thumb Code     0  arm_startup_nrf52.o(.text)
    SPIM0_SPIS0_TWIM0_TWIS0_SPI0_TWI0_IRQHandler 0x0002622f   Thumb Code     0  arm_startup_nrf52.o(.text)
    SPIM1_SPIS1_TWIM1_TWIS1_SPI1_TWI1_IRQHandler 0x0002622f   Thumb Code     0  arm_startup_nrf52.o(.text)
    SPIM2_SPIS2_SPI2_IRQHandler              0x0002622f   Thumb Code     0  arm_startup_nrf52.o(.text)
    SWI1_EGU1_IRQHandler                     0x0002622f   Thumb Code     0  arm_startup_nrf52.o(.text)
    SWI2_EGU2_IRQHandler                     0x0002622f   Thumb Code     0  arm_startup_nrf52.o(.text)
    SWI3_EGU3_IRQHandler                     0x0002622f   Thumb Code     0  arm_startup_nrf52.o(.text)
    SWI4_EGU4_IRQHandler                     0x0002622f   Thumb Code     0  arm_startup_nrf52.o(.text)
    SWI5_EGU5_IRQHandler                     0x0002622f   Thumb Code     0  arm_startup_nrf52.o(.text)
    TEMP_IRQHandler                          0x0002622f   Thumb Code     0  arm_startup_nrf52.o(.text)
    TIMER1_IRQHandler                        0x0002622f   Thumb Code     0  arm_startup_nrf52.o(.text)
    TIMER2_IRQHandler                        0x0002622f   Thumb Code     0  arm_startup_nrf52.o(.text)
    TIMER3_IRQHandler                        0x0002622f   Thumb Code     0  arm_startup_nrf52.o(.text)
    TIMER4_IRQHandler                        0x0002622f   Thumb Code     0  arm_startup_nrf52.o(.text)
    WDT_IRQHandler                           0x0002622f   Thumb Code     0  arm_startup_nrf52.o(.text)
    __aeabi_memcpy                           0x00026239   Thumb Code    36  memcpya.o(.text)
    __aeabi_memcpy4                          0x00026239   Thumb Code     0  memcpya.o(.text)
    __aeabi_memcpy8                          0x00026239   Thumb Code     0  memcpya.o(.text)
    __aeabi_dmul                             0x0002625d   Thumb Code   228  dmul.o(.text)
    __aeabi_i2d                              0x00026341   Thumb Code    34  dflti.o(.text)
    __aeabi_uidiv                            0x00026363   Thumb Code     0  uidiv.o(.text)
    __aeabi_uidivmod                         0x00026363   Thumb Code    44  uidiv.o(.text)
    __aeabi_uldivmod                         0x0002638f   Thumb Code    98  uldiv.o(.text)
    __I$use$fp                               0x000263f1   Thumb Code     0  iusefp.o(.text)
    _double_round                            0x000263f1   Thumb Code    30  depilogue.o(.text)
    _double_epilogue                         0x0002640f   Thumb Code   156  depilogue.o(.text)
    __aeabi_dadd                             0x000264ab   Thumb Code   322  dadd.o(.text)
    __aeabi_dsub                             0x000265ed   Thumb Code     6  dadd.o(.text)
    __aeabi_drsub                            0x000265f3   Thumb Code     6  dadd.o(.text)
    __aeabi_ddiv                             0x000265f9   Thumb Code   222  ddiv.o(.text)
    __aeabi_d2ulz                            0x000266d7   Thumb Code    48  dfixul.o(.text)
    __aeabi_cdrcmple                         0x00026709   Thumb Code    48  cdrcmple.o(.text)
    __scatterload                            0x00026739   Thumb Code    28  init.o(.text)
    __scatterload_rt2                        0x00026739   Thumb Code     0  init.o(.text)
    __aeabi_llsl                             0x0002675d   Thumb Code    30  llshl.o(.text)
    _ll_shift_l                              0x0002675d   Thumb Code     0  llshl.o(.text)
    __aeabi_llsr                             0x0002677b   Thumb Code    32  llushr.o(.text)
    _ll_ushift_r                             0x0002677b   Thumb Code     0  llushr.o(.text)
    __aeabi_lasr                             0x0002679b   Thumb Code    36  llsshr.o(.text)
    _ll_sshift_r                             0x0002679b   Thumb Code     0  llsshr.o(.text)
    ComUartBegin                             0x000267c1   Thumb Code    46  uart.o(i.ComUartBegin)
    DirectLedFlashSpeedH                     0x00026801   Thumb Code    30  led.o(i.DirectLedFlashSpeedH)
    DirectLedOn                              0x0002681f   Thumb Code    18  led.o(i.DirectLedOn)
    GPIOTE_IRQHandler                        0x00026831   Thumb Code   332  nrfx_gpiote.o(i.GPIOTE_IRQHandler)
    IOButtonInit                             0x00026985   Thumb Code   120  button.o(i.IOButtonInit)
    RTC1_IRQHandler                          0x00026b15   Thumb Code    32  app_timer.o(i.RTC1_IRQHandler)
    SAADC_IRQHandler                         0x00026b39   Thumb Code   320  nrfx_saadc.o(i.SAADC_IRQHandler)
    SWI0_EGU0_IRQHandler                     0x00026c81   Thumb Code     4  app_timer.o(i.SWI0_EGU0_IRQHandler)
    SignalAdcInit                            0x00026c85   Thumb Code   214  adc.o(i.SignalAdcInit)
    SignalAdcReadChannel                     0x00026d65   Thumb Code    20  adc.o(i.SignalAdcReadChannel)
    SystemInit                               0x00026d7d   Thumb Code   726  system_nrf52.o(i.SystemInit)
    TIMER0_IRQHandler                        0x00027099   Thumb Code    70  nrfx_timer.o(i.TIMER0_IRQHandler)
    UARTE0_UART0_IRQHandler                  0x000270e9   Thumb Code     6  nrfx_prs.o(i.UARTE0_UART0_IRQHandler)
    __0printf                                0x000270f5   Thumb Code    22  printfa.o(i.__0printf)
    __1printf                                0x000270f5   Thumb Code     0  printfa.o(i.__0printf)
    __2printf                                0x000270f5   Thumb Code     0  printfa.o(i.__0printf)
    __c89printf                              0x000270f5   Thumb Code     0  printfa.o(i.__0printf)
    printf                                   0x000270f5   Thumb Code     0  printfa.o(i.__0printf)
    __scatterload_copy                       0x00027115   Thumb Code    14  handlers.o(i.__scatterload_copy)
    __scatterload_null                       0x00027123   Thumb Code     2  handlers.o(i.__scatterload_null)
    __scatterload_zeroinit                   0x00027125   Thumb Code    14  handlers.o(i.__scatterload_zeroinit)
    app_error_fault_handler                  0x000279e9   Thumb Code    40  app_error_weak.o(i.app_error_fault_handler)
    app_error_handler_bare                   0x00027a19   Thumb Code    22  app_error.o(i.app_error_handler_bare)
    app_fifo_get                             0x00027a2f   Thumb Code    22  app_fifo.o(i.app_fifo_get)
    app_fifo_init                            0x00027a45   Thumb Code    32  app_fifo.o(i.app_fifo_init)
    app_fifo_put                             0x00027a65   Thumb Code    26  app_fifo.o(i.app_fifo_put)
    app_timer_create                         0x00027a81   Thumb Code    32  app_timer.o(i.app_timer_create)
    app_timer_start                          0x00027aa5   Thumb Code   120  app_timer.o(i.app_timer_start)
    app_uart_init                            0x00027b25   Thumb Code   148  app_uart_fifo.o(i.app_uart_init)
    app_uart_put                             0x00027bc9   Thumb Code    70  app_uart_fifo.o(i.app_uart_put)
    app_util_critical_region_enter           0x00027c1d   Thumb Code     4  app_util_platform.o(i.app_util_critical_region_enter)
    app_util_critical_region_exit            0x00027c21   Thumb Code     4  app_util_platform.o(i.app_util_critical_region_exit)
    app_util_disable_irq                     0x00027c25   Thumb Code    12  app_util_platform.o(i.app_util_disable_irq)
    app_util_enable_irq                      0x00027c35   Thumb Code    14  app_util_platform.o(i.app_util_enable_irq)
    fputc                                    0x00027edf   Thumb Code    14  retarget.o(i.fputc)
    main                                     0x00028065   Thumb Code    98  main.o(i.main)
    nrf_drv_uart_init                        0x00028151   Thumb Code    90  nrf_drv_uart.o(i.nrf_drv_uart_init)
    nrfx_gpiote_in_event_enable              0x00028409   Thumb Code   156  nrfx_gpiote.o(i.nrfx_gpiote_in_event_enable)
    nrfx_gpiote_in_init                      0x000284ad   Thumb Code   194  nrfx_gpiote.o(i.nrfx_gpiote_in_init)
    nrfx_gpiote_init                         0x0002857d   Thumb Code    98  nrfx_gpiote.o(i.nrfx_gpiote_init)
    nrfx_prs_acquire                         0x000285fd   Thumb Code    48  nrfx_prs.o(i.nrfx_prs_acquire)
    nrfx_saadc_channel_init                  0x0002862d   Thumb Code   132  nrfx_saadc.o(i.nrfx_saadc_channel_init)
    nrfx_saadc_init                          0x000286b9   Thumb Code   126  nrfx_saadc.o(i.nrfx_saadc_init)
    nrfx_saadc_sample_convert                0x00028749   Thumb Code   182  nrfx_saadc.o(i.nrfx_saadc_sample_convert)
    nrfx_uart_0_irq_handler                  0x00028809   Thumb Code     8  nrfx_uart.o(i.nrfx_uart_0_irq_handler)
    nrfx_uart_init                           0x00028819   Thumb Code   200  nrfx_uart.o(i.nrfx_uart_init)
    nrfx_uart_rx                             0x000288ed   Thumb Code   230  nrfx_uart.o(i.nrfx_uart_rx)
    nrfx_uart_tx                             0x000289d9   Thumb Code   160  nrfx_uart.o(i.nrfx_uart_tx)
    nrfx_uart_tx_in_progress                 0x00028a7d   Thumb Code    26  nrfx_uart.o(i.nrfx_uart_tx_in_progress)
    nrfx_uarte_0_irq_handler                 0x00028a9d   Thumb Code     8  nrfx_uarte.o(i.nrfx_uarte_0_irq_handler)
    nrfx_uarte_init                          0x00028aad   Thumb Code   100  nrfx_uarte.o(i.nrfx_uarte_init)
    nrfx_uarte_rx                            0x00028b19   Thumb Code   256  nrfx_uarte.o(i.nrfx_uarte_rx)
    nrfx_uarte_tx                            0x00028c1d   Thumb Code   138  nrfx_uarte.o(i.nrfx_uarte_tx)
    nrfx_uarte_tx_in_progress                0x00028cad   Thumb Code    22  nrfx_uarte.o(i.nrfx_uarte_tx_in_progress)
    saadc_callback                           0x00028dcd   Thumb Code     2  adc.o(i.saadc_callback)
    uart_error_handle                        0x00028f9b   Thumb Code    18  uart.o(i.uart_error_handle)
    Region$$Table$$Base                      0x00029408   Number         0  anon$$obj.o(Region$$Table)
    Region$$Table$$Limit                     0x00029428   Number         0  anon$$obj.o(Region$$Table)
    nrf_drv_uart_use_easy_dma                0x20002a98   Data           1  nrf_drv_uart.o(.data)
    __stdout                                 0x20002acc   Data           4  retarget.o(.data)
    comm_params                              0x20002ae4   Data          24  uart.o(.data)
    SystemCoreClock                          0x20002b00   Data           4  system_nrf52.o(.data)
    SIGNAL_ANALOG_BUFFER                     0x20002f08   Data          16  adc.o(.bss)
    __initial_sp                             0x20004f38   Data           0  arm_startup_nrf52.o(STACK)



==============================================================================

Memory Map of the image

  Image Entry point : 0x00026201

  Load Region LR_IROM1 (Base: 0x00026000, Size: 0x00003494, Max: 0x000da000, ABSOLUTE)

    Execution Region ER_IROM1 (Exec base: 0x00026000, Load base: 0x00026000, Size: 0x00003428, Max: 0x000da000, ABSOLUTE)

    Exec Addr    Load Addr    Size         Type   Attr      Idx    E Section Name        Object

    0x00026000   0x00026000   0x00000200   Data   RO         2668    RESET               arm_startup_nrf52.o
    0x00026200   0x00026200   0x00000000   Code   RO         2709  * .ARM.Collect$$$$00000000  mc_w.l(entry.o)
    0x00026200   0x00026200   0x00000004   Code   RO         2983    .ARM.Collect$$$$00000001  mc_w.l(entry2.o)
    0x00026204   0x00026204   0x00000004   Code   RO         2986    .ARM.Collect$$$$00000004  mc_w.l(entry5.o)
    0x00026208   0x00026208   0x00000000   Code   RO         2988    .ARM.Collect$$$$00000008  mc_w.l(entry7b.o)
    0x00026208   0x00026208   0x00000000   Code   RO         2990    .ARM.Collect$$$$0000000A  mc_w.l(entry8b.o)
    0x00026208   0x00026208   0x00000008   Code   RO         2991    .ARM.Collect$$$$0000000B  mc_w.l(entry9a.o)
    0x00026210   0x00026210   0x00000000   Code   RO         2993    .ARM.Collect$$$$0000000D  mc_w.l(entry10a.o)
    0x00026210   0x00026210   0x00000000   Code   RO         2995    .ARM.Collect$$$$0000000F  mc_w.l(entry11a.o)
    0x00026210   0x00026210   0x00000004   Code   RO         2984    .ARM.Collect$$$$00002712  mc_w.l(entry2.o)
    0x00026214   0x00026214   0x00000024   Code   RO         2669    .text               arm_startup_nrf52.o
    0x00026238   0x00026238   0x00000024   Code   RO         2712    .text               mc_w.l(memcpya.o)
    0x0002625c   0x0002625c   0x000000e4   Code   RO         2979    .text               mf_w.l(dmul.o)
    0x00026340   0x00026340   0x00000022   Code   RO         2981    .text               mf_w.l(dflti.o)
    0x00026362   0x00026362   0x0000002c   Code   RO         2997    .text               mc_w.l(uidiv.o)
    0x0002638e   0x0002638e   0x00000062   Code   RO         2999    .text               mc_w.l(uldiv.o)
    0x000263f0   0x000263f0   0x00000000   Code   RO         3001    .text               mc_w.l(iusefp.o)
    0x000263f0   0x000263f0   0x000000ba   Code   RO         3002    .text               mf_w.l(depilogue.o)
    0x000264aa   0x000264aa   0x0000014e   Code   RO         3004    .text               mf_w.l(dadd.o)
    0x000265f8   0x000265f8   0x000000de   Code   RO         3006    .text               mf_w.l(ddiv.o)
    0x000266d6   0x000266d6   0x00000030   Code   RO         3008    .text               mf_w.l(dfixul.o)
    0x00026706   0x00026706   0x00000002   PAD
    0x00026708   0x00026708   0x00000030   Code   RO         3010    .text               mf_w.l(cdrcmple.o)
    0x00026738   0x00026738   0x00000024   Code   RO         3012    .text               mc_w.l(init.o)
    0x0002675c   0x0002675c   0x0000001e   Code   RO         3014    .text               mc_w.l(llshl.o)
    0x0002677a   0x0002677a   0x00000020   Code   RO         3016    .text               mc_w.l(llushr.o)
    0x0002679a   0x0002679a   0x00000024   Code   RO         3018    .text               mc_w.l(llsshr.o)
    0x000267be   0x000267be   0x00000002   PAD
    0x000267c0   0x000267c0   0x00000040   Code   RO         2507    i.ComUartBegin      uart.o
    0x00026800   0x00026800   0x0000001e   Code   RO         2403    i.DirectLedFlashSpeedH  led.o
    0x0002681e   0x0002681e   0x00000012   Code   RO         2410    i.DirectLedOn       led.o
    0x00026830   0x00026830   0x00000154   Code   RO         2101    i.GPIOTE_IRQHandler  nrfx_gpiote.o
    0x00026984   0x00026984   0x00000084   Code   RO         2617    i.IOButtonInit      button.o
    0x00026a08   0x00026a08   0x000000b8   Code   RO         2618    i.IRQ_BUTTON_CALLBACK_TASK  button.o
    0x00026ac0   0x00026ac0   0x00000010   Code   RO         2619    i.IRQ_TIMER_DEBOUNCE_CALLBACK_TASK  button.o
    0x00026ad0   0x00026ad0   0x00000016   Code   RO         1928    i.NVIC_ClearPendingIRQ  app_timer.o
    0x00026ae6   0x00026ae6   0x00000016   Code   RO         1929    i.NVIC_EnableIRQ    app_timer.o
    0x00026afc   0x00026afc   0x00000016   Code   RO         1930    i.NVIC_SetPendingIRQ  app_timer.o
    0x00026b12   0x00026b12   0x00000002   PAD
    0x00026b14   0x00026b14   0x00000024   Code   RO         1932    i.RTC1_IRQHandler   app_timer.o
    0x00026b38   0x00026b38   0x00000148   Code   RO          815    i.SAADC_IRQHandler  nrfx_saadc.o
    0x00026c80   0x00026c80   0x00000004   Code   RO         1933    i.SWI0_EGU0_IRQHandler  app_timer.o
    0x00026c84   0x00026c84   0x000000e0   Code   RO         2565    i.SignalAdcInit     adc.o
    0x00026d64   0x00026d64   0x00000018   Code   RO         2567    i.SignalAdcReadChannel  adc.o
    0x00026d7c   0x00026d7c   0x0000031c   Code   RO         2677    i.SystemInit        system_nrf52.o
    0x00027098   0x00027098   0x00000050   Code   RO          961    i.TIMER0_IRQHandler  nrfx_timer.o
    0x000270e8   0x000270e8   0x0000000c   Code   RO          392    i.UARTE0_UART0_IRQHandler  nrfx_prs.o
    0x000270f4   0x000270f4   0x00000020   Code   RO         2951    i.__0printf         mc_w.l(printfa.o)
    0x00027114   0x00027114   0x0000000e   Code   RO         3022    i.__scatterload_copy  mc_w.l(handlers.o)
    0x00027122   0x00027122   0x00000002   Code   RO         3023    i.__scatterload_null  mc_w.l(handlers.o)
    0x00027124   0x00027124   0x0000000e   Code   RO         3024    i.__scatterload_zeroinit  mc_w.l(handlers.o)
    0x00027132   0x00027132   0x00000002   PAD
    0x00027134   0x00027134   0x00000184   Code   RO         2958    i._fp_digits        mc_w.l(printfa.o)
    0x000272b8   0x000272b8   0x000006dc   Code   RO         2959    i._printf_core      mc_w.l(printfa.o)
    0x00027994   0x00027994   0x00000024   Code   RO         2960    i._printf_post_padding  mc_w.l(printfa.o)
    0x000279b8   0x000279b8   0x0000002e   Code   RO         2961    i._printf_pre_padding  mc_w.l(printfa.o)
    0x000279e6   0x000279e6   0x00000002   PAD
    0x000279e8   0x000279e8   0x00000030   Code   RO         1156    i.app_error_fault_handler  app_error_weak.o
    0x00027a18   0x00027a18   0x00000016   Code   RO         1087    i.app_error_handler_bare  app_error.o
    0x00027a2e   0x00027a2e   0x00000016   Code   RO         1208    i.app_fifo_get      app_fifo.o
    0x00027a44   0x00027a44   0x00000020   Code   RO         1209    i.app_fifo_init     app_fifo.o
    0x00027a64   0x00027a64   0x0000001a   Code   RO         1211    i.app_fifo_put      app_fifo.o
    0x00027a7e   0x00027a7e   0x00000002   PAD
    0x00027a80   0x00027a80   0x00000024   Code   RO         1936    i.app_timer_create  app_timer.o
    0x00027aa4   0x00027aa4   0x00000080   Code   RO         1940    i.app_timer_start   app_timer.o
    0x00027b24   0x00027b24   0x000000a4   Code   RO         1286    i.app_uart_init     app_uart_fifo.o
    0x00027bc8   0x00027bc8   0x00000054   Code   RO         1287    i.app_uart_put      app_uart_fifo.o
    0x00027c1c   0x00027c1c   0x00000004   Code   RO         1366    i.app_util_critical_region_enter  app_util_platform.o
    0x00027c20   0x00027c20   0x00000004   Code   RO         1367    i.app_util_critical_region_exit  app_util_platform.o
    0x00027c24   0x00027c24   0x00000010   Code   RO         1368    i.app_util_disable_irq  app_util_platform.o
    0x00027c34   0x00027c34   0x00000014   Code   RO         1369    i.app_util_enable_irq  app_util_platform.o
    0x00027c48   0x00027c48   0x00000088   Code   RO          471    i.apply_config      nrfx_uart.o
    0x00027cd0   0x00027cd0   0x00000088   Code   RO          663    i.apply_config      nrfx_uarte.o
    0x00027d58   0x00027d58   0x0000001c   Code   RO         2102    i.channel_free      nrfx_gpiote.o
    0x00027d74   0x00027d74   0x00000048   Code   RO         2103    i.channel_port_alloc  nrfx_gpiote.o
    0x00027dbc   0x00027dbc   0x00000010   Code   RO         2104    i.channel_port_get  nrfx_gpiote.o
    0x00027dcc   0x00027dcc   0x000000ac   Code   RO         1943    i.compare_reg_update  app_timer.o
    0x00027e78   0x00027e78   0x00000040   Code   RO         1944    i.elapsed_ticks_acquire  app_timer.o
    0x00027eb8   0x00027eb8   0x00000014   Code   RO         1214    i.fifo_get          app_fifo.o
    0x00027ecc   0x00027ecc   0x00000012   Code   RO         1215    i.fifo_put          app_fifo.o
    0x00027ede   0x00027ede   0x0000000e   Code   RO         1891    i.fputc             retarget.o
    0x00027eec   0x00027eec   0x00000080   Code   RO          664    i.interrupts_enable  nrfx_uarte.o
    0x00027f6c   0x00027f6c   0x000000f8   Code   RO         1945    i.list_insertions_handler  app_timer.o
    0x00028064   0x00028064   0x00000088   Code   RO            4    i.main              main.o
    0x000280ec   0x000280ec   0x00000010   Code   RO         2105    i.nrf_bitmask_bit_is_set  nrfx_gpiote.o
    0x000280fc   0x000280fc   0x00000014   Code   RO         2106    i.nrf_bitmask_bit_set  nrfx_gpiote.o
    0x00028110   0x00028110   0x00000020   Code   RO            5    i.nrf_delay_ms      main.o
    0x00028130   0x00028130   0x00000020   Code   RO         2413    i.nrf_delay_ms      led.o
    0x00028150   0x00028150   0x00000068   Code   RO          340    i.nrf_drv_uart_init  nrf_drv_uart.o
    0x000281b8   0x000281b8   0x00000020   Code   RO         1288    i.nrf_drv_uart_rx   app_uart_fifo.o
    0x000281d8   0x000281d8   0x00000020   Code   RO         1289    i.nrf_drv_uart_tx   app_uart_fifo.o
    0x000281f8   0x000281f8   0x00000024   Code   RO          472    i.nrf_gpio_cfg      nrfx_uart.o
    0x0002821c   0x0002821c   0x00000024   Code   RO          665    i.nrf_gpio_cfg      nrfx_uarte.o
    0x00028240   0x00028240   0x00000024   Code   RO         2107    i.nrf_gpio_cfg      nrfx_gpiote.o
    0x00028264   0x00028264   0x00000012   Code   RO          474    i.nrf_gpio_cfg_input  nrfx_uart.o
    0x00028276   0x00028276   0x00000012   Code   RO          667    i.nrf_gpio_cfg_input  nrfx_uarte.o
    0x00028288   0x00028288   0x00000014   Code   RO          475    i.nrf_gpio_cfg_output  nrfx_uart.o
    0x0002829c   0x0002829c   0x00000014   Code   RO          668    i.nrf_gpio_cfg_output  nrfx_uarte.o
    0x000282b0   0x000282b0   0x00000010   Code   RO         2414    i.nrf_gpio_cfg_output  led.o
    0x000282c0   0x000282c0   0x00000022   Code   RO         2109    i.nrf_gpio_cfg_sense_set  nrfx_gpiote.o
    0x000282e2   0x000282e2   0x0000000e   Code   RO         2415    i.nrf_gpio_pin_clear  led.o
    0x000282f0   0x000282f0   0x00000010   Code   RO         2620    i.nrf_gpio_pin_read  button.o
    0x00028300   0x00028300   0x0000000e   Code   RO         2416    i.nrf_gpio_pin_set  led.o
    0x0002830e   0x0002830e   0x00000002   PAD
    0x00028310   0x00028310   0x00000028   Code   RO         2110    i.nrf_gpio_ports_read  nrfx_gpiote.o
    0x00028338   0x00028338   0x00000014   Code   RO         2111    i.nrf_gpiote_event_clear  nrfx_gpiote.o
    0x0002834c   0x0002834c   0x00000010   Code   RO         2112    i.nrf_gpiote_event_is_set  nrfx_gpiote.o
    0x0002835c   0x0002835c   0x00000010   Code   RO          816    i.nrf_saadc_buffer_init  nrfx_saadc.o
    0x0002836c   0x0002836c   0x00000014   Code   RO          817    i.nrf_saadc_channel_input_set  nrfx_saadc.o
    0x00028380   0x00028380   0x00000010   Code   RO          818    i.nrf_saadc_event_check  nrfx_saadc.o
    0x00028390   0x00028390   0x00000014   Code   RO          819    i.nrf_saadc_event_clear  nrfx_saadc.o
    0x000283a4   0x000283a4   0x0000000c   Code   RO          962    i.nrf_timer_event_clear  nrfx_timer.o
    0x000283b0   0x000283b0   0x0000000a   Code   RO          476    i.nrf_uart_event_check  nrfx_uart.o
    0x000283ba   0x000283ba   0x0000000c   Code   RO          477    i.nrf_uart_event_clear  nrfx_uart.o
    0x000283c6   0x000283c6   0x0000000c   Code   RO          478    i.nrf_uart_int_enable_check  nrfx_uart.o
    0x000283d2   0x000283d2   0x0000000a   Code   RO          669    i.nrf_uarte_event_check  nrfx_uarte.o
    0x000283dc   0x000283dc   0x0000000c   Code   RO          670    i.nrf_uarte_event_clear  nrfx_uarte.o
    0x000283e8   0x000283e8   0x00000010   Code   RO          821    i.nrfx_coredep_delay_us  nrfx_saadc.o
    0x000283f8   0x000283f8   0x00000010   Code   RO         1946    i.nrfx_coredep_delay_us  app_timer.o
    0x00028408   0x00028408   0x000000a4   Code   RO         2117    i.nrfx_gpiote_in_event_enable  nrfx_gpiote.o
    0x000284ac   0x000284ac   0x000000d0   Code   RO         2118    i.nrfx_gpiote_in_init  nrfx_gpiote.o
    0x0002857c   0x0002857c   0x00000070   Code   RO         2121    i.nrfx_gpiote_init  nrfx_gpiote.o
    0x000285ec   0x000285ec   0x00000010   Code   RO          671    i.nrfx_is_in_ram    nrfx_uarte.o
    0x000285fc   0x000285fc   0x00000030   Code   RO          393    i.nrfx_prs_acquire  nrfx_prs.o
    0x0002862c   0x0002862c   0x0000008c   Code   RO          825    i.nrfx_saadc_channel_init  nrfx_saadc.o
    0x000286b8   0x000286b8   0x00000090   Code   RO          827    i.nrfx_saadc_init   nrfx_saadc.o
    0x00028748   0x00028748   0x000000c0   Code   RO          831    i.nrfx_saadc_sample_convert  nrfx_saadc.o
    0x00028808   0x00028808   0x00000010   Code   RO          479    i.nrfx_uart_0_irq_handler  nrfx_uart.o
    0x00028818   0x00028818   0x000000d4   Code   RO          481    i.nrfx_uart_init    nrfx_uart.o
    0x000288ec   0x000288ec   0x000000ec   Code   RO          482    i.nrfx_uart_rx      nrfx_uart.o
    0x000289d8   0x000289d8   0x000000a4   Code   RO          487    i.nrfx_uart_tx      nrfx_uart.o
    0x00028a7c   0x00028a7c   0x00000020   Code   RO          489    i.nrfx_uart_tx_in_progress  nrfx_uart.o
    0x00028a9c   0x00028a9c   0x00000010   Code   RO          672    i.nrfx_uarte_0_irq_handler  nrfx_uarte.o
    0x00028aac   0x00028aac   0x0000006c   Code   RO          674    i.nrfx_uarte_init   nrfx_uarte.o
    0x00028b18   0x00028b18   0x00000104   Code   RO          675    i.nrfx_uarte_rx     nrfx_uarte.o
    0x00028c1c   0x00028c1c   0x00000090   Code   RO          678    i.nrfx_uarte_tx     nrfx_uarte.o
    0x00028cac   0x00028cac   0x0000001c   Code   RO          680    i.nrfx_uarte_tx_in_progress  nrfx_uarte.o
    0x00028cc8   0x00028cc8   0x00000018   Code   RO         2138    i.pin_in_use_by_port  nrfx_gpiote.o
    0x00028ce0   0x00028ce0   0x00000018   Code   RO         2139    i.pin_in_use_by_te  nrfx_gpiote.o
    0x00028cf8   0x00028cf8   0x00000018   Code   RO          395    i.prs_box_get       nrfx_prs.o
    0x00028d10   0x00028d10   0x0000003c   Code   RO         1947    i.rtc1_stop         app_timer.o
    0x00028d4c   0x00028d4c   0x00000032   Code   RO          491    i.rx_byte           nrfx_uart.o
    0x00028d7e   0x00028d7e   0x00000016   Code   RO          492    i.rx_done_event     nrfx_uart.o
    0x00028d94   0x00028d94   0x00000018   Code   RO          682    i.rx_done_event     nrfx_uarte.o
    0x00028dac   0x00028dac   0x00000020   Code   RO          493    i.rx_enable         nrfx_uart.o
    0x00028dcc   0x00028dcc   0x00000002   Code   RO         2568    i.saadc_callback    adc.o
    0x00028dce   0x00028dce   0x00000002   PAD
    0x00028dd0   0x00028dd0   0x00000080   Code   RO         1948    i.timer_list_handler  app_timer.o
    0x00028e50   0x00028e50   0x0000003c   Code   RO         1949    i.timer_list_insert  app_timer.o
    0x00028e8c   0x00028e8c   0x00000060   Code   RO         1950    i.timer_list_remove  app_timer.o
    0x00028eec   0x00028eec   0x00000074   Code   RO         1952    i.timer_timeouts_check  app_timer.o
    0x00028f60   0x00028f60   0x00000020   Code   RO          494    i.tx_byte           nrfx_uart.o
    0x00028f80   0x00028f80   0x0000001a   Code   RO          495    i.tx_done_event     nrfx_uart.o
    0x00028f9a   0x00028f9a   0x00000012   Code   RO         2510    i.uart_error_handle  uart.o
    0x00028fac   0x00028fac   0x000000a0   Code   RO         1290    i.uart_event_handler  app_uart_fifo.o
    0x0002904c   0x0002904c   0x00000030   Code   RO          341    i.uart_evt_handler  nrf_drv_uart.o
    0x0002907c   0x0002907c   0x00000128   Code   RO          496    i.uart_irq_handler  nrfx_uart.o
    0x000291a4   0x000291a4   0x00000030   Code   RO          342    i.uarte_evt_handler  nrf_drv_uart.o
    0x000291d4   0x000291d4   0x000000f4   Code   RO          683    i.uarte_irq_handler  nrfx_uarte.o
    0x000292c8   0x000292c8   0x00000030   Code   RO         1953    i.user_op_alloc     app_timer.o
    0x000292f8   0x000292f8   0x00000008   PAD
    0x00029300   0x00029300   0x00000006   Data   RO            6    .constdata          main.o
    0x00029306   0x00029306   0x00000002   PAD
    0x00029308   0x00029308   0x00000004   Data   RO          499    .constdata          nrfx_uart.o
    0x0002930c   0x0002930c   0x00000004   Data   RO          686    .constdata          nrfx_uarte.o
    0x00029310   0x00029310   0x00000006   Data   RO          835    .constdata          nrfx_saadc.o
    0x00029316   0x00029316   0x00000002   PAD
    0x00029318   0x00029318   0x00000020   Data   RO         1292    .constdata          app_uart_fifo.o
    0x00029338   0x00029338   0x00000008   PAD
    0x00029340   0x00029340   0x00000006   Data   RO         1955    .constdata          app_timer.o
    0x00029346   0x00029346   0x00000002   PAD
    0x00029348   0x00029348   0x00000004   Data   RO         2141    .constdata          nrfx_gpiote.o
    0x0002934c   0x0002934c   0x00000004   PAD
    0x00029350   0x00029350   0x00000006   Data   RO         2417    .constdata          led.o
    0x00029356   0x00029356   0x00000002   PAD
    0x00029358   0x00029358   0x00000061   Data   RO         2570    .constdata          adc.o
    0x000293b9   0x000293b9   0x00000003   PAD
    0x000293bc   0x000293bc   0x00000008   Data   RO         2622    .constdata          button.o
    0x000293c4   0x000293c4   0x00000042   Data   RO            7    .conststring        main.o
    0x00029406   0x00029406   0x00000002   PAD
    0x00029408   0x00029408   0x00000020   Data   RO         3020    Region$$Table       anon$$obj.o


    Execution Region RW_IRAM1 (Exec base: 0x20002a98, Load base: 0x00029428, Size: 0x000024a0, Max: 0x0003d568, ABSOLUTE)

    Exec Addr    Load Addr    Size         Type   Attr      Idx    E Section Name        Object

    0x20002a98   0x00029428   0x0000000c   Data   RW          343    .data               nrf_drv_uart.o
    0x20002aa4   0x00029434   0x00000008   Data   RW          397    .data               nrfx_prs.o
    0x20002aac   0x0002943c   0x0000001c   Data   RW         1293    .data               app_uart_fifo.o
    0x20002ac8   0x00029458   0x00000004   Data   RW         1372    .data               app_util_platform.o
    0x20002acc   0x0002945c   0x00000004   Data   RW         1892    .data               retarget.o
    0x20002ad0   0x00029460   0x00000014   Data   RW         1956    .data               app_timer.o
    0x20002ae4   0x00029474   0x00000018   Data   RW         2512    .data               uart.o
    0x20002afc   0x0002948c   0x00000001   Data   RW         2623    .data               button.o
    0x20002afd   0x0002948d   0x00000003   PAD
    0x20002b00   0x00029490   0x00000004   Data   RW         2678    .data               system_nrf52.o
    0x20002b04        -       0x0000002c   Zero   RW          497    .bss                nrfx_uart.o
    0x20002b30        -       0x00000024   Zero   RW          684    .bss                nrfx_uarte.o
    0x20002b54        -       0x00000030   Zero   RW          834    .bss                nrfx_saadc.o
    0x20002b84        -       0x0000000c   Zero   RW          977    .bss                nrfx_timer.o
    0x20002b90        -       0x00000020   Zero   RW         1291    .bss                app_uart_fifo.o
    0x20002bb0        -       0x0000010c   Zero   RW         1954    .bss                app_timer.o
    0x20002cbc        -       0x0000004c   Zero   RW         2140    .bss                nrfx_gpiote.o
    0x20002d08        -       0x00000200   Zero   RW         2511    .bss                uart.o
    0x20002f08        -       0x00000010   Zero   RW         2569    .bss                adc.o
    0x20002f18        -       0x00000020   Zero   RW         2621    .bss                button.o
    0x20002f38        -       0x00002000   Zero   RW         2666    STACK               arm_startup_nrf52.o


==============================================================================

Image component sizes


      Code (inc. data)   RO Data    RW Data    ZI Data      Debug   Object Name

       250         14         97          0         16       6955   adc.o
        22          0          0          0          0       2257   app_error.o
         0          0          0          0          0        392   app_error_handler_keil.o
        48          8          0          0          0      27285   app_error_weak.o
       118          0          0          0          0       4354   app_fifo.o
      1278         94          6         20        268      42945   app_timer.o
       472         50         32         28         32      19223   app_uart_fifo.o
        44         10          0          4          0       2784   app_util_platform.o
        36          8        512          0       8192        844   arm_startup_nrf52.o
         0          0          0          0          0      34100   boards.o
       348         80          8          1         32      10927   button.o
       124          4          6          0          0       7118   led.o
       168         42         72          0          0      51051   main.o
       200         26          0         12          0      16904   nrf_drv_uart.o
      1170         84          4          0         76      54846   nrfx_gpiote.o
        84         16          0          8          0       3157   nrfx_prs.o
       892         66          6          0         48      16596   nrfx_saadc.o
        92         10          0          0         12       9217   nrfx_timer.o
      1362         36          4          0         44      55363   nrfx_uart.o
      1200         38          4          0         36      21773   nrfx_uarte.o
        14          0          0          4          0       2586   retarget.o
       796         70          0          4          0       2691   system_nrf52.o
        82         18          0         24        512       1633   uart.o

    ----------------------------------------------------------------------
      8816        682        808        108       9268     395001   Object Totals
         0          0         32          0          0          0   (incl. Generated)
        16          8         25          3          0          0   (incl. Padding)

    ----------------------------------------------------------------------

      Code (inc. data)   RO Data    RW Data    ZI Data      Debug   Library Member Name

         0          0          0          0          0          0   entry.o
         0          0          0          0          0          0   entry10a.o
         0          0          0          0          0          0   entry11a.o
         8          4          0          0          0          0   entry2.o
         4          0          0          0          0          0   entry5.o
         0          0          0          0          0          0   entry7b.o
         0          0          0          0          0          0   entry8b.o
         8          4          0          0          0          0   entry9a.o
        30          0          0          0          0          0   handlers.o
        36          8          0          0          0         68   init.o
         0          0          0          0          0          0   iusefp.o
        30          0          0          0          0         68   llshl.o
        36          0          0          0          0         68   llsshr.o
        32          0          0          0          0         68   llushr.o
        36          0          0          0          0         68   memcpya.o
      2258         90          0          0          0        452   printfa.o
        44          0          0          0          0         80   uidiv.o
        98          0          0          0          0         92   uldiv.o
        48          0          0          0          0         68   cdrcmple.o
       334          0          0          0          0        148   dadd.o
       222          0          0          0          0        100   ddiv.o
       186          0          0          0          0        176   depilogue.o
        48          0          0          0          0         68   dfixul.o
        34          0          0          0          0         76   dflti.o
       228          0          0          0          0         96   dmul.o

    ----------------------------------------------------------------------
      3728        106          0          0          0       1696   Library Totals
         8          0          0          0          0          0   (incl. Padding)

    ----------------------------------------------------------------------

      Code (inc. data)   RO Data    RW Data    ZI Data      Debug   Library Name

      2620        106          0          0          0        964   mc_w.l
      1100          0          0          0          0        732   mf_w.l

    ----------------------------------------------------------------------
      3728        106          0          0          0       1696   Library Totals

    ----------------------------------------------------------------------

==============================================================================


      Code (inc. data)   RO Data    RW Data    ZI Data      Debug   

     12544        788        808        108       9268     384717   Grand Totals
     12544        788        808        108       9268     384717   ELF Image Totals
     12544        788        808        108          0          0   ROM Totals

==============================================================================

    Total RO  Size (Code + RO Data)                13352 (  13.04kB)
    Total RW  Size (RW Data + ZI Data)              9376 (   9.16kB)
    Total ROM Size (Code + RO Data + RW Data)      13460 (  13.14kB)

==============================================================================

