<html>
<body>
<pre>
<h1>µVision Build Log</h1>
<h2>Tool Versions:</h2>
IDE-Version: ¦ÌVision V5.24.2.0
Copyright (C) 2017 ARM Ltd and ARM Germany GmbH. All rights reserved.
License Information: GU TY, JILIJNUE, LIC=HN0AE-59ZLT-FWU2N-YU52V-DQA6T-Q703A
 
Tool Versions:
Toolchain:       MDK-ARM Plus  Version: 5.24.1
Toolchain Path:  D:\Keil_v5\ARM\ARMCC\Bin
C Compiler:      Armcc.exe V5.06 update 5 (build 528)
Assembler:       Armasm.exe V5.06 update 5 (build 528)
Linker/Locator:  ArmLink.exe V5.06 update 5 (build 528)
Library Manager: ArmAr.exe V5.06 update 5 (build 528)
Hex Converter:   FromElf.exe V5.06 update 5 (build 528)
CPU DLL:         SARMCM3.DLL V5.24.1
Dialog DLL:      DCM.DLL V1.16.0.0
Target DLL:      Segger\JL2CM3.dll V2.99.26.0
Dialog DLL:      TCM.DLL V1.32.0.0
 
<h2>Project:</h2>
F:\SensorSDK\TEST\USER\003_UART\IDE\UART.uvprojx
Project File Date:  01/05/2024

<h2>Output:</h2>
*** Using Compiler 'V5.06 update 5 (build 528)', folder: 'D:\Keil_v5\ARM\ARMCC\Bin'
Rebuild target 'UART'
compiling app_error.c...
compiling nrf_assert.c...
compiling app_util_platform.c...
compiling nrf_atomic.c...
compiling app_error_handler_keil.c...
compiling app_fifo.c...
compiling app_error_weak.c...
compiling boards.c...
compiling main.c...
..\APPLICATION\main.c(28): warning:  #177-D: variable "key_ex_config"  was declared but never referenced
  	nrf_drv_gpiote_in_config_t key_ex_config; //???????
..\APPLICATION\main.c(53): warning:  #550-D: variable "err_code"  was set but never used
  	uint32_t err_code;
..\APPLICATION\main.c(61): warning:  #177-D: variable "str"  was declared but never referenced
  	uint8_t str[]="hello world!\r\n";
..\APPLICATION\main.c(62): warning:  #177-D: variable "i"  was declared but never referenced
  	uint8_t i=0,str1[20];
..\APPLICATION\main.c(115): warning:  #1-D: last line of file ends without a newline
  }
..\APPLICATION\main.c: 5 warnings, 0 errors
compiling nrf_balloc.c...
compiling nrfx_prs.c...
compiling nrf_drv_uart.c...
compiling nrfx_uarte.c...
compiling app_uart_fifo.c...
assembling arm_startup_nrf52840.s...
compiling nrfx_uart.c...
compiling nrf_fprintf.c...
compiling nrf_fprintf_format.c...
compiling retarget.c...
compiling nrf_strerror.c...
compiling nrf_memobj.c...
compiling nrf_log_str_formatter.c...
compiling nrf_log_frontend.c...
compiling nrf_ringbuf.c...
compiling system_nrf52840.c...
compiling led.c...
compiling uart.c...
linking...
Program Size: Code=4812 RO-data=608 RW-data=100 ZI-data=8820  
FromELF: creating hex file...
"..\..\..\TEMP\002_UART.axf" - 0 Error(s), 5 Warning(s).

<h2>Software Packages used:</h2>

Package Vendor: ARM
                http://www.keil.com/pack/ARM.CMSIS.4.5.0.pack
                ARM.CMSIS.4.5.0
                CMSIS (Cortex Microcontroller Software Interface Standard)
   * Component: CORE Version: 4.3.0

Package Vendor: NordicSemiconductor
                http://developer.nordicsemi.com/nRF5_SDK/pieces/nRF_DeviceFamilyPack/NordicSemiconductor.nRF_DeviceFamilyPack.8.17.0.pack
                NordicSemiconductor.nRF_DeviceFamilyPack.8.17.0
                Nordic Semiconductor nRF ARM devices Device Family Pack.
   * Component: StartupConfig Version: 8.17.0
   * Component: Startup Version: 8.17.0

<h2>Collection of Component include folders:</h2>
  .\RTE\Device\nRF52840_xxAA
  .\RTE\_UART
  D:\Keil_v5\ARM\PACK\ARM\CMSIS\4.5.0\CMSIS\Include
  D:\Keil_v5\ARM\PACK\NordicSemiconductor\nRF_DeviceFamilyPack\8.17.0\Device\Include

<h2>Collection of Component Files used:</h2>

   * Component: NordicSemiconductor::Device:StartupConfig:8.17.0
      Include file:  Device\Source\startup_config.h

   * Component: NordicSemiconductor::Device:Startup:8.17.0
      Source file:   Device\Source\system_nrf52840.c
      Source file:   Device\Source\arm\arm_startup_nrf52840.s
      Include file:  Device\Include\system_nrf52840.h

   * Component: ARM::CMSIS:CORE:4.3.0
Build Time Elapsed:  00:00:02
</pre>
</body>
</html>
