<html>
<body>
<pre>
<h1>µVision Build Log</h1>
<h2>Tool Versions:</h2>
IDE-Version: ¦ÌVision V5.24.2.0
Copyright (C) 2017 ARM Ltd and ARM Germany GmbH. All rights reserved.
License Information: GU TY, JILIJNUE, LIC=HN0AE-59ZLT-FWU2N-YU52V-DQA6T-Q703A
 
Tool Versions:
Toolchain:       MDK-ARM Plus  Version: 5.24.1
Toolchain Path:  D:\Keil_v5\ARM\ARMCC\Bin
C Compiler:      Armcc.exe V5.06 update 5 (build 528)
Assembler:       Armasm.exe V5.06 update 5 (build 528)
Linker/Locator:  ArmLink.exe V5.06 update 5 (build 528)
Library Manager: ArmAr.exe V5.06 update 5 (build 528)
Hex Converter:   FromElf.exe V5.06 update 5 (build 528)
CPU DLL:         
Dialog DLL:      
Target DLL:      Segger\JL2CM3.dll V2.99.26.0
Dialog DLL:      TCM.DLL V1.32.0.0
 
<h2>Project:</h2>
F:\SensorSDK\TEST\USER\006_I2C(Scan Device)\IDE\I2C(Scan Device).uvprojx
Project File Date:  11/29/2023

<h2>Output:</h2>
*** Using Compiler 'V5.06 update 5 (build 528)', folder: 'D:\Keil_v5\ARM\ARMCC\Bin'
Rebuild target 'I2C(Scan Device)'
compiling nrfx_twi.c...
compiling nrfx_spi.c...
compiling nrf_drv_uart.c...
compiling boards.c...
compiling nrf_drv_spi.c...
compiling bsp.c...
compiling nrf_drv_twi.c...
compiling nrfx_spim.c...
compiling nrfx_prs.c...
compiling nrfx_uarte.c...
compiling app_button.c...
compiling nrfx_uart.c...
compiling nrfx_twim.c...
compiling main.c...
compiling nrfx_gpiote.c...
compiling app_error.c...
compiling app_error_handler_keil.c...
compiling app_scheduler.c...
compiling app_error_weak.c...
compiling app_util_platform.c...
compiling nrf_assert.c...
compiling nrf_atomic.c...
compiling nrf_fprintf.c...
compiling nrf_strerror.c...
compiling nrf_fprintf_format.c...
compiling nrf_ringbuf.c...
compiling nrf_balloc.c...
compiling nrf_memobj.c...
compiling app_timer.c...
compiling nrf_log_backend_rtt.c...
compiling nrf_log_backend_serial.c...
compiling nrf_log_backend_uart.c...
compiling SEGGER_RTT_Syscalls_KEIL.c...
compiling nrf_log_default_backends.c...
compiling oledfont.c...
compiling nrf_log_frontend.c...
assembling arm_startup_nrf52840.s...
compiling SEGGER_RTT.c...
compiling nrf_log_str_formatter.c...
compiling SEGGER_RTT_printf.c...
compiling led.c...
compiling ChipTemp.c...
..\..\..\DRIVER\ChipTemp.c(43): warning:  #1-D: last line of file ends without a newline
  }
..\..\..\DRIVER\ChipTemp.c: 1 warning, 0 errors
compiling system_nrf52840.c...
compiling spi.c...
compiling iic.c...
compiling oled.c...
..\..\..\DRIVER\oled.c(6): warning:  #177-D: variable "My_IIC"  was declared but never referenced
  static const nrf_drv_twi_t  My_IIC = NRF_DRV_TWI_INSTANCE(1); //Ê¹ï¿½ï¿½IIC0
..\..\..\DRIVER\oled.c: 1 warning, 0 errors
linking...
Program Size: Code=14484 RO-data=3176 RW-data=164 ZI-data=10772  
FromELF: creating hex file...
"..\..\..\TEMP\I2C(Scan Device).axf" - 0 Error(s), 2 Warning(s).

<h2>Software Packages used:</h2>

Package Vendor: ARM
                http://www.keil.com/pack/ARM.CMSIS.4.5.0.pack
                ARM.CMSIS.4.5.0
                CMSIS (Cortex Microcontroller Software Interface Standard)
   * Component: CORE Version: 4.3.0

Package Vendor: NordicSemiconductor
                http://developer.nordicsemi.com/nRF5_SDK/pieces/nRF_DeviceFamilyPack/NordicSemiconductor.nRF_DeviceFamilyPack.8.17.0.pack
                NordicSemiconductor.nRF_DeviceFamilyPack.8.17.0
                Nordic Semiconductor nRF ARM devices Device Family Pack.
   * Component: Startup Version: 8.17.0

<h2>Collection of Component include folders:</h2>
  .\RTE\_I2C_Scan_Device_
  D:\Keil_v5\ARM\PACK\ARM\CMSIS\4.5.0\CMSIS\Include
  D:\Keil_v5\ARM\PACK\NordicSemiconductor\nRF_DeviceFamilyPack\8.17.0\Device\Include

<h2>Collection of Component Files used:</h2>

   * Component: NordicSemiconductor::Device:Startup:8.17.0
      Source file:   Device\Source\arm\arm_startup_nrf52840.s
      Source file:   Device\Source\system_nrf52840.c
      Include file:  Device\Include\system_nrf52840.h

   * Component: ARM::CMSIS:CORE:4.3.0
Build Time Elapsed:  00:00:05
</pre>
</body>
</html>
