<html>
<body>
<pre>
<h1>µVision Build Log</h1>
<h2>Tool Versions:</h2>
IDE-Version: ¦ÌVision V5.24.2.0
Copyright (C) 2017 ARM Ltd and ARM Germany GmbH. All rights reserved.
License Information: GU TY, JILIJNUE, LIC=HN0AE-59ZLT-FWU2N-YU52V-DQA6T-Q703A
 
Tool Versions:
Toolchain:       MDK-ARM Plus  Version: 5.24.1
Toolchain Path:  D:\Keil_v5\ARM\ARMCC\Bin
C Compiler:      Armcc.exe V5.06 update 5 (build 528)
Assembler:       Armasm.exe V5.06 update 5 (build 528)
Linker/Locator:  ArmLink.exe V5.06 update 5 (build 528)
Library Manager: ArmAr.exe V5.06 update 5 (build 528)
Hex Converter:   FromElf.exe V5.06 update 5 (build 528)
CPU DLL:         SARMCM3.DLL V5.24.1
Dialog DLL:      DCM.DLL V1.16.0.0
Target DLL:      Segger\JL2CM3.dll V2.99.26.0
Dialog DLL:      TCM.DLL V1.32.0.0
 
<h2>Project:</h2>
F:\SensorSDK\TEST\USER\TEST\IDE\Master&Slaver-Realy(Slaver).uvprojx
Project File Date:  11/01/2023

<h2>Output:</h2>
*** Using Compiler 'V5.06 update 5 (build 528)', folder: 'D:\Keil_v5\ARM\ARMCC\Bin'
Rebuild target 'Master&Slaver-Realy(Slaver)'
compiling utf.c...
compiling auth_status_tracker.c...
compiling ble_srv_common.c...
compiling bsp.c...
compiling bsp_btn_ble.c...
compiling ble_conn_params.c...
compiling nrf_ble_gatt.c...
compiling boards.c...
compiling ble_advdata.c...
compiling nrf_ble_qwr.c...
compiling ble_conn_state.c...
compiling ble_advertising.c...
compiling gatts_cache_manager.c...
compiling id_manager.c...
compiling gatt_cache_manager.c...
compiling main.c...
..\..\..\DRIVER\ADC.h(10): warning:  #1-D: last line of file ends without a newline
  #endif
..\APPLICATION\main.c: 1 warning, 0 errors
compiling pm_buffer.c...
compiling peer_data_storage.c...
compiling peer_id.c...
compiling ble_dis.c...
compiling ble_rscs.c...
compiling ble_bas.c...
compiling peer_database.c...
compiling nrf_drv_uart.c...
compiling peer_manager_handler.c...
compiling security_manager.c...
compiling nrfx_clock.c...
compiling nrf_drv_clock.c...
compiling security_dispatcher.c...
compiling nrfx_gpiote.c...
compiling peer_manager.c...
compiling app_error.c...
compiling app_util_platform.c...
compiling nrfx_power_clock.c...
compiling app_error_handler_keil.c...
compiling crc16.c...
compiling nrfx_prs.c...
compiling app_scheduler.c...
compiling nrfx_adc.c...
compiling app_error_weak.c...
compiling nrfx_uart.c...
compiling app_button.c...
compiling nrfx_uarte.c...
compiling nrfx_saadc.c...
compiling app_timer.c...
compiling fds.c...
compiling nrf_assert.c...
compiling hardfault_implementation.c...
compiling sensorsim.c...
compiling nrf_atflags.c...
compiling nrf_atomic.c...
compiling nrf_atfifo.c...
compiling nrf_fprintf.c...
compiling nrf_fprintf_format.c...
compiling nrf_balloc.c...
compiling nrf_strerror.c...
compiling nrf_section_iter.c...
compiling nrf_fstorage.c...
compiling nrf_memobj.c...
compiling nrf_ringbuf.c...
compiling nrf_fstorage_sd.c...
compiling app_fifo.c...
compiling SEGGER_RTT_Syscalls_KEIL.c...
compiling nrf_pwr_mgmt.c...
compiling retarget.c...
compiling nrf_log_backend_uart.c...
compiling nrf_log_backend_serial.c...
assembling arm_startup_nrf52.s...
compiling nrf_log_default_backends.c...
compiling app_uart_fifo.c...
compiling SEGGER_RTT_printf.c...
compiling SEGGER_RTT.c...
compiling nrf_log_backend_rtt.c...
compiling nrf_log_frontend.c...
compiling nrf_log_str_formatter.c...
compiling nrf_sdh.c...
compiling nrf_sdh_soc.c...
compiling nrf_sdh_ble.c...
compiling ADC.c...
..\..\..\DRIVER\ADC.h(10): warning:  #1-D: last line of file ends without a newline
  #endif
..\..\..\DRIVER\ADC.c: 1 warning, 0 errors
compiling led.c...
compiling button.c...
compiling system_nrf52.c...
compiling uart.c...
..\..\..\DRIVER\uart.c(56): warning:  #1-D: last line of file ends without a newline
  }
..\..\..\DRIVER\uart.c: 1 warning, 0 errors
linking...
Program Size: Code=33536 RO-data=5996 RW-data=408 ZI-data=12640  
FromELF: creating hex file...
"..\..\..\TEMP\Master&Slaver-Realy(Slaver).axf" - 0 Error(s), 3 Warning(s).

<h2>Software Packages used:</h2>

Package Vendor: ARM
                http://www.keil.com/pack/ARM.CMSIS.4.5.0.pack
                ARM.CMSIS.4.5.0
                CMSIS (Cortex Microcontroller Software Interface Standard)
   * Component: CORE Version: 4.3.0

Package Vendor: NordicSemiconductor
                http://developer.nordicsemi.com/nRF5_SDK/pieces/nRF_DeviceFamilyPack/NordicSemiconductor.nRF_DeviceFamilyPack.8.17.0.pack
                NordicSemiconductor.nRF_DeviceFamilyPack.8.17.0
                Nordic Semiconductor nRF ARM devices Device Family Pack.
   * Component: Startup Version: 8.17.0

<h2>Collection of Component include folders:</h2>
  .\RTE\_Master_Slaver-Realy_Slaver_
  D:\Keil_v5\ARM\PACK\ARM\CMSIS\4.5.0\CMSIS\Include
  D:\Keil_v5\ARM\PACK\NordicSemiconductor\nRF_DeviceFamilyPack\8.17.0\Device\Include

<h2>Collection of Component Files used:</h2>

   * Component: NordicSemiconductor::Device:Startup:8.17.0
      Include file:  Device\Include\system_nrf52.h
      Source file:   Device\Source\system_nrf52.c
      Source file:   Device\Source\arm\arm_startup_nrf52.s

   * Component: ARM::CMSIS:CORE:4.3.0
Build Time Elapsed:  00:00:10
</pre>
</body>
</html>
