<html>
<body>
<pre>
<h1>礦ision Build Log</h1>
<h2>Tool Versions:</h2>
IDE-Version: μVision V5.24.2.0
Copyright (C) 2017 ARM Ltd and ARM Germany GmbH. All rights reserved.
License Information: GU TY, JILIJNUE, LIC=HN0AE-59ZLT-FWU2N-YU52V-DQA6T-Q703A
 
Tool Versions:
Toolchain:       MDK-ARM Plus  Version: 5.24.1
Toolchain Path:  D:\Keil_v5\ARM\ARMCC\Bin
C Compiler:      Armcc.exe V5.06 update 5 (build 528)
Assembler:       Armasm.exe V5.06 update 5 (build 528)
Linker/Locator:  ArmLink.exe V5.06 update 5 (build 528)
Library Manager: ArmAr.exe V5.06 update 5 (build 528)
Hex Converter:   FromElf.exe V5.06 update 5 (build 528)
CPU DLL:         
Dialog DLL:      
Target DLL:      Segger\JL2CM3.dll V2.99.26.0
Dialog DLL:      TCM.DLL V1.32.0.0
 
<h2>Project:</h2>
F:\SensorSDK\TEST\USER\TEST\IDE\BlueTooth-RSCS(APP).uvprojx
Project File Date:  12/18/2023

<h2>Output:</h2>
*** Using Compiler 'V5.06 update 5 (build 528)', folder: 'D:\Keil_v5\ARM\ARMCC\Bin'
Rebuild target 'BlueTooth-RSCS(APP)'
compiling utf.c...
compiling auth_status_tracker.c...
compiling ble_srv_common.c...
compiling nrf_ble_gatt.c...
compiling boards.c...
compiling ble_advdata.c...
compiling nrf_ble_qwr.c...
compiling ble_conn_state.c...
compiling bsp_btn_ble.c...
compiling ble_conn_params.c...
compiling ble_advertising.c...
compiling id_manager.c...
compiling bsp.c...
compiling gatt_cache_manager.c...
compiling gatts_cache_manager.c...
compiling main.c...
..\..\..\DRIVER\ble_sas.h(98): warning:  #1-D: last line of file ends without a newline
  #endif /* _ALM_INIT_PROFILE_H_ */
..\..\..\DRIVER\ADC.h(17): warning:  #1-D: last line of file ends without a newline
  #endif
..\APPLICATION\main.c(168): warning:  #177-D: variable "DataLen"  was declared but never referenced
      uint16_t DataLen = sizeof(data);
..\APPLICATION\main.c(215): warning:  #550-D: variable "err_code"  was set but never used
      ret_code_t err_code;
..\APPLICATION\main.c(217): warning:  #177-D: variable "len"  was declared but never referenced
      uint16_t len = 20;
..\APPLICATION\main.c(722): warning:  #167-D: argument of type "char *" is incompatible with parameter of type "unsigned char *"
      OLED_ShowString(70 , 3 , char_percent ,1);
..\APPLICATION\main.c(858): warning:  #167-D: argument of type "void (*)()" is incompatible with parameter of type "app_timer_timeout_handler_t"
                                  write_sas);
..\APPLICATION\main.c(863): warning:  #167-D: argument of type "void (*)()" is incompatible with parameter of type "app_timer_timeout_handler_t"
                                  sendSASvalue_handel);
..\APPLICATION\main.c(868): warning:  #167-D: argument of type "void (*)(void)" is incompatible with parameter of type "app_timer_timeout_handler_t"
                                  boot_animation_handel);
..\APPLICATION\main.c(874): warning:  #550-D: variable "err_code"  was set but never used
       ret_code_t err_code;
..\APPLICATION\main.c(925): warning:  #223-D: function "ComUartBegin" declared implicitly
      ComUartBegin();
..\APPLICATION\main.c(918): warning:  #177-D: variable "erase_bonds"  was declared but never referenced
      bool erase_bonds;
..\APPLICATION\main.c(110): warning:  #177-D: variable "m_rsc_meas_timer_id"  was declared but never referenced
  APP_TIMER_DEF(m_rsc_meas_timer_id);
..\APPLICATION\main.c: 13 warnings, 0 errors
compiling pm_buffer.c...
compiling peer_id.c...
compiling peer_database.c...
compiling peer_data_storage.c...
compiling ble_dis.c...
compiling ble_rscs.c...
compiling ble_bas.c...
compiling ble_sas.c...
..\..\..\DRIVER\ble_sas.h(98): warning:  #1-D: last line of file ends without a newline
  #endif /* _ALM_INIT_PROFILE_H_ */
..\..\..\DRIVER\ble_sas.c(43): warning:  #513-D: a value of type "void (*)(uint16_t, uint8_t, Sas_t *, const uint8_t *, uint16_t)" cannot be assigned to an entity of type "SasCharWriteHandler_t"
      sasCallback.sasCharWriteHandler = Sas_HandleCharValue; // 调用外部函数：应用层处理特征值
..\..\..\DRIVER\ble_sas.c(336): warning:  #1-D: last line of file ends without a newline
  /****************************************************END OF FILE****************************************************/
..\..\..\DRIVER\ble_sas.c: 3 warnings, 0 errors
compiling nrf_drv_uart.c...
compiling peer_manager_handler.c...
compiling security_manager.c...
compiling security_dispatcher.c...
compiling peer_manager.c...
compiling nrf_drv_clock.c...
compiling nrfx_clock.c...
compiling nrfx_gpiote.c...
compiling nrfx_power_clock.c...
compiling nrfx_prs.c...
compiling nrf_drv_ppi.c...
compiling nrfx_saadc.c...
compiling nrfx_uarte.c...
compiling nrfx_uart.c...
compiling nrfx_power.c...
compiling nrf_drv_power.c...
compiling nrfx_timer.c...
compiling nrfx_twi.c...
compiling nrfx_ppi.c...
compiling app_pwm.c...
compiling nrf_drv_usbd.c...
compiling nrfx_twim.c...
compiling app_error.c...
compiling nrf_assert.c...
compiling app_util_platform.c...
compiling crc16.c...
compiling app_error_handler_keil.c...
compiling nrfx_twis.c...
compiling app_scheduler.c...
compiling nrf_atfifo.c...
compiling app_error_weak.c...
compiling hardfault_implementation.c...
compiling nrf_atflags.c...
compiling nrf_drv_twi.c...
compiling fds.c...
compiling app_button.c...
compiling app_timer.c...
compiling sensorsim.c...
compiling nrf_atomic.c...
compiling nrf_fprintf.c...
compiling nrf_fprintf_format.c...
compiling nrf_balloc.c...
compiling nrf_strerror.c...
compiling nrf_fstorage.c...
compiling nrf_section_iter.c...
compiling nrf_ringbuf.c...
compiling nrf_memobj.c...
compiling app_fifo.c...
compiling nrf_fstorage_sd.c...
compiling retarget.c...
compiling SEGGER_RTT_Syscalls_KEIL.c...
compiling nrf_pwr_mgmt.c...
compiling app_uart_fifo.c...
compiling nrf_log_backend_uart.c...
compiling app_usbd_core.c...
compiling app_usbd.c...
compiling nrf_log_backend_serial.c...
compiling nrf_log_default_backends.c...
compiling SEGGER_RTT.c...
compiling app_usbd_serial_num.c...
compiling SEGGER_RTT_printf.c...
compiling nrf_log_frontend.c...
compiling nrf_log_str_formatter.c...
compiling USBSerial.c...
compiling app_usbd_string_desc.c...
compiling nrf_log_backend_rtt.c...
compiling BleCommunicate.c...
assembling arm_startup_nrf52840.s...
compiling pwmCtrl.c...
..\..\..\DRIVER\pwmCtrl.h(7): warning:  #1-D: last line of file ends without a newline
  #endif
..\..\..\..\DRIVER\pwmCtrl.c: 1 warning, 0 errors
compiling nrf_sdh.c...
compiling nrf_sdh_ble.c...
compiling app_usbd_cdc_acm.c...
compiling nrf_sdh_soc.c...
compiling system_nrf52840.c...
compiling ADC.c...
..\..\..\DRIVER\ADC.h(17): warning:  #1-D: last line of file ends without a newline
  #endif
..\..\..\DRIVER\ADC.c(30): warning:  #177-D: variable "m_buffer_pool"  was declared but never referenced
  static nrf_saadc_value_t     m_buffer_pool[SAMPLES_IN_BUFFER];
..\..\..\DRIVER\ADC.c(31): warning:  #177-D: variable "m_adc_evt_counter"  was declared but never referenced
  static uint32_t              m_adc_evt_counter;
..\..\..\DRIVER\ADC.c(34): warning:  #177-D: function "adcCallbackFunc"  was declared but never referenced
  static void adcCallbackFunc(nrf_drv_saadc_evt_t const *pEvent);
..\..\..\DRIVER\ADC.c(36): warning:  #177-D: variable "s_bufferPool"  was declared but never referenced
  static nrf_saadc_value_t s_bufferPool[SAMPLES_IN_BUFFER];
..\..\..\DRIVER\ADC.c: 5 warnings, 0 errors
compiling led.c...
compiling uart.c...
compiling button.c...
compiling ChipTemp.c...
..\..\..\DRIVER\ChipTemp.c(50): warning:  #1-D: last line of file ends without a newline
  }
..\..\..\DRIVER\ChipTemp.c: 1 warning, 0 errors
compiling oled.c...
..\..\..\DRIVER\oled.c(6): warning:  #177-D: variable "My_IIC"  was declared but never referenced
  static const nrf_drv_twi_t  My_IIC = NRF_DRV_TWI_INSTANCE(1); //使锟斤拷IIC0
..\..\..\DRIVER\oled.c: 1 warning, 0 errors
compiling iic.c...
linking...
Program Size: Code=57584 RO-data=10816 RW-data=660 ZI-data=22644  
FromELF: creating hex file...
"..\..\..\TEMP\nrf52840_xxaa.axf" - 0 Error(s), 24 Warning(s).

<h2>Software Packages used:</h2>

Package Vendor: ARM
                http://www.keil.com/pack/ARM.CMSIS.4.5.0.pack
                ARM.CMSIS.4.5.0
                CMSIS (Cortex Microcontroller Software Interface Standard)
   * Component: CORE Version: 4.3.0

Package Vendor: NordicSemiconductor
                http://developer.nordicsemi.com/nRF5_SDK/pieces/nRF_DeviceFamilyPack/NordicSemiconductor.nRF_DeviceFamilyPack.8.17.0.pack
                NordicSemiconductor.nRF_DeviceFamilyPack.8.17.0
                Nordic Semiconductor nRF ARM devices Device Family Pack.
   * Component: Startup Version: 8.17.0

<h2>Collection of Component include folders:</h2>
  .\RTE\_BlueTooth-RSCS_APP_
  D:\Keil_v5\ARM\PACK\ARM\CMSIS\4.5.0\CMSIS\Include
  D:\Keil_v5\ARM\PACK\NordicSemiconductor\nRF_DeviceFamilyPack\8.17.0\Device\Include

<h2>Collection of Component Files used:</h2>

   * Component: NordicSemiconductor::Device:Startup:8.17.0
      Source file:   Device\Source\arm\arm_startup_nrf52840.s
      Include file:  Device\Include\system_nrf52840.h
      Source file:   Device\Source\system_nrf52840.c

   * Component: ARM::CMSIS:CORE:4.3.0
Build Time Elapsed:  00:00:13
</pre>
</body>
</html>
